Namespace(batch_size=64, bias=None, data='../data', device=1, epochs=20, hidden_size=500, load_weights=None, log_interval=100, lr=0.1, milestones=[5, 7], model='redfc2', momentum=0.9, no_cuda=False, r=5, save_model=None, save_results=True, scheduler='cosine', seed=1, sparsity=0.025, use_relu=True, wd=0.0005) 

Pruning a Two-Layer Fully Connected Redundant Network ...
Train Epoch: 1 [0/60000 (0%)]	Loss: 10.225449
Train Epoch: 1 [6400/60000 (11%)]	Loss: 1.186358
Train Epoch: 1 [12800/60000 (21%)]	Loss: 0.533778
Train Epoch: 1 [19200/60000 (32%)]	Loss: 0.637692
Train Epoch: 1 [25600/60000 (43%)]	Loss: 0.461292
Train Epoch: 1 [32000/60000 (53%)]	Loss: 0.541821
Train Epoch: 1 [38400/60000 (64%)]	Loss: 0.759467
Train Epoch: 1 [44800/60000 (75%)]	Loss: 0.621862
Train Epoch: 1 [51200/60000 (85%)]	Loss: 0.530297
Train Epoch: 1 [57600/60000 (96%)]	Loss: 0.648676

Test set: Average loss: 0.7313, Accuracy: 7783/10000 (78%)

Train Epoch: 2 [0/60000 (0%)]	Loss: 0.605454
Train Epoch: 2 [6400/60000 (11%)]	Loss: 0.995965
Train Epoch: 2 [12800/60000 (21%)]	Loss: 1.090780
Train Epoch: 2 [19200/60000 (32%)]	Loss: 0.723483
Train Epoch: 2 [25600/60000 (43%)]	Loss: 1.007418
Train Epoch: 2 [32000/60000 (53%)]	Loss: 1.002057
Train Epoch: 2 [38400/60000 (64%)]	Loss: 1.544261
Train Epoch: 2 [44800/60000 (75%)]	Loss: 1.806914
Train Epoch: 2 [51200/60000 (85%)]	Loss: 1.049347
Train Epoch: 2 [57600/60000 (96%)]	Loss: 1.550588

Test set: Average loss: 1.7451, Accuracy: 5534/10000 (55%)

Train Epoch: 3 [0/60000 (0%)]	Loss: 1.483338
Train Epoch: 3 [6400/60000 (11%)]	Loss: 1.716584
Train Epoch: 3 [12800/60000 (21%)]	Loss: 2.626997
Train Epoch: 3 [19200/60000 (32%)]	Loss: 1.963313
Train Epoch: 3 [25600/60000 (43%)]	Loss: 1.953348
Train Epoch: 3 [32000/60000 (53%)]	Loss: 2.093352
Train Epoch: 3 [38400/60000 (64%)]	Loss: 2.827914
Train Epoch: 3 [44800/60000 (75%)]	Loss: 3.224226
Train Epoch: 3 [51200/60000 (85%)]	Loss: 2.724794
Train Epoch: 3 [57600/60000 (96%)]	Loss: 3.179700

Test set: Average loss: 3.6372, Accuracy: 2903/10000 (29%)

Train Epoch: 4 [0/60000 (0%)]	Loss: 3.896638
Train Epoch: 4 [6400/60000 (11%)]	Loss: 3.589084
Train Epoch: 4 [12800/60000 (21%)]	Loss: 3.987172
Train Epoch: 4 [19200/60000 (32%)]	Loss: 4.073108
Train Epoch: 4 [25600/60000 (43%)]	Loss: 4.549249
Train Epoch: 4 [32000/60000 (53%)]	Loss: 4.710565
Train Epoch: 4 [38400/60000 (64%)]	Loss: 3.604925
Train Epoch: 4 [44800/60000 (75%)]	Loss: 4.590592
Train Epoch: 4 [51200/60000 (85%)]	Loss: 5.358857
Train Epoch: 4 [57600/60000 (96%)]	Loss: 5.310824

Test set: Average loss: 5.0210, Accuracy: 1723/10000 (17%)

Train Epoch: 5 [0/60000 (0%)]	Loss: 5.005643
Train Epoch: 5 [6400/60000 (11%)]	Loss: 5.450999
Train Epoch: 5 [12800/60000 (21%)]	Loss: 4.967165
Train Epoch: 5 [19200/60000 (32%)]	Loss: 5.184507
Train Epoch: 5 [25600/60000 (43%)]	Loss: 5.418158
Train Epoch: 5 [32000/60000 (53%)]	Loss: 5.443623
Train Epoch: 5 [38400/60000 (64%)]	Loss: 4.924578
Train Epoch: 5 [44800/60000 (75%)]	Loss: 5.631264
Train Epoch: 5 [51200/60000 (85%)]	Loss: 5.538939
Train Epoch: 5 [57600/60000 (96%)]	Loss: 4.514771

Test set: Average loss: 5.8018, Accuracy: 1276/10000 (13%)

Train Epoch: 6 [0/60000 (0%)]	Loss: 5.920590
Train Epoch: 6 [6400/60000 (11%)]	Loss: 5.457077
Train Epoch: 6 [12800/60000 (21%)]	Loss: 5.939693
Train Epoch: 6 [19200/60000 (32%)]	Loss: 5.262440
Train Epoch: 6 [25600/60000 (43%)]	Loss: 5.697576
Train Epoch: 6 [32000/60000 (53%)]	Loss: 5.392177
Train Epoch: 6 [38400/60000 (64%)]	Loss: 5.453961
Train Epoch: 6 [44800/60000 (75%)]	Loss: 6.497402
Train Epoch: 6 [51200/60000 (85%)]	Loss: 5.198666
Train Epoch: 6 [57600/60000 (96%)]	Loss: 7.120445

Test set: Average loss: 6.2994, Accuracy: 1089/10000 (11%)

Train Epoch: 7 [0/60000 (0%)]	Loss: 5.949201
Train Epoch: 7 [6400/60000 (11%)]	Loss: 6.051538
Train Epoch: 7 [12800/60000 (21%)]	Loss: 6.433743
Train Epoch: 7 [19200/60000 (32%)]	Loss: 5.496453
Train Epoch: 7 [25600/60000 (43%)]	Loss: 5.903186
Train Epoch: 7 [32000/60000 (53%)]	Loss: 6.720786
Train Epoch: 7 [38400/60000 (64%)]	Loss: 6.335202
Train Epoch: 7 [44800/60000 (75%)]	Loss: 6.328720
Train Epoch: 7 [51200/60000 (85%)]	Loss: 7.041786
Train Epoch: 7 [57600/60000 (96%)]	Loss: 5.468452

Test set: Average loss: 6.5767, Accuracy: 1026/10000 (10%)

Train Epoch: 8 [0/60000 (0%)]	Loss: 6.946802
Train Epoch: 8 [6400/60000 (11%)]	Loss: 6.615100
Train Epoch: 8 [12800/60000 (21%)]	Loss: 6.199239
Train Epoch: 8 [19200/60000 (32%)]	Loss: 7.254458
Train Epoch: 8 [25600/60000 (43%)]	Loss: 6.086146
Train Epoch: 8 [32000/60000 (53%)]	Loss: 6.339240
Train Epoch: 8 [38400/60000 (64%)]	Loss: 7.290428
Train Epoch: 8 [44800/60000 (75%)]	Loss: 7.024606
Train Epoch: 8 [51200/60000 (85%)]	Loss: 7.614244
Train Epoch: 8 [57600/60000 (96%)]	Loss: 6.796601

Test set: Average loss: 6.6913, Accuracy: 1065/10000 (11%)

Train Epoch: 9 [0/60000 (0%)]	Loss: 6.718628
Train Epoch: 9 [6400/60000 (11%)]	Loss: 6.423270
Train Epoch: 9 [12800/60000 (21%)]	Loss: 6.475825
Train Epoch: 9 [19200/60000 (32%)]	Loss: 8.345369
Train Epoch: 9 [25600/60000 (43%)]	Loss: 7.337610
Train Epoch: 9 [32000/60000 (53%)]	Loss: 6.965492
Train Epoch: 9 [38400/60000 (64%)]	Loss: 7.510141
Train Epoch: 9 [44800/60000 (75%)]	Loss: 6.389293
Train Epoch: 9 [51200/60000 (85%)]	Loss: 6.654950
Train Epoch: 9 [57600/60000 (96%)]	Loss: 7.097508

Test set: Average loss: 6.9951, Accuracy: 1014/10000 (10%)

Train Epoch: 10 [0/60000 (0%)]	Loss: 7.791709
Train Epoch: 10 [6400/60000 (11%)]	Loss: 6.263068
Train Epoch: 10 [12800/60000 (21%)]	Loss: 6.798749
Train Epoch: 10 [19200/60000 (32%)]	Loss: 6.799841
Train Epoch: 10 [25600/60000 (43%)]	Loss: 7.365048
Train Epoch: 10 [32000/60000 (53%)]	Loss: 5.980234
Train Epoch: 10 [38400/60000 (64%)]	Loss: 6.677751
Train Epoch: 10 [44800/60000 (75%)]	Loss: 6.763802
Train Epoch: 10 [51200/60000 (85%)]	Loss: 7.624027
Train Epoch: 10 [57600/60000 (96%)]	Loss: 7.650826

Test set: Average loss: 7.0940, Accuracy: 958/10000 (10%)

Train Epoch: 11 [0/60000 (0%)]	Loss: 7.407820
Train Epoch: 11 [6400/60000 (11%)]	Loss: 7.834162
Train Epoch: 11 [12800/60000 (21%)]	Loss: 6.947063
Train Epoch: 11 [19200/60000 (32%)]	Loss: 7.173153
Train Epoch: 11 [25600/60000 (43%)]	Loss: 6.838133
Train Epoch: 11 [32000/60000 (53%)]	Loss: 7.294137
Train Epoch: 11 [38400/60000 (64%)]	Loss: 7.752170
Train Epoch: 11 [44800/60000 (75%)]	Loss: 6.014135
Train Epoch: 11 [51200/60000 (85%)]	Loss: 6.274488
Train Epoch: 11 [57600/60000 (96%)]	Loss: 6.904804

Test set: Average loss: 7.0720, Accuracy: 944/10000 (9%)

Train Epoch: 12 [0/60000 (0%)]	Loss: 8.204888
Train Epoch: 12 [6400/60000 (11%)]	Loss: 6.840695
Train Epoch: 12 [12800/60000 (21%)]	Loss: 7.409083
Train Epoch: 12 [19200/60000 (32%)]	Loss: 6.488128
Train Epoch: 12 [25600/60000 (43%)]	Loss: 8.537756
Train Epoch: 12 [32000/60000 (53%)]	Loss: 6.881365
Train Epoch: 12 [38400/60000 (64%)]	Loss: 7.342500
Train Epoch: 12 [44800/60000 (75%)]	Loss: 6.157712
Train Epoch: 12 [51200/60000 (85%)]	Loss: 7.015154
Train Epoch: 12 [57600/60000 (96%)]	Loss: 6.214036

Test set: Average loss: 7.1660, Accuracy: 879/10000 (9%)

Train Epoch: 13 [0/60000 (0%)]	Loss: 7.453061
Train Epoch: 13 [6400/60000 (11%)]	Loss: 7.254855
Train Epoch: 13 [12800/60000 (21%)]	Loss: 6.089417
Train Epoch: 13 [19200/60000 (32%)]	Loss: 7.501096
Train Epoch: 13 [25600/60000 (43%)]	Loss: 6.485843
Train Epoch: 13 [32000/60000 (53%)]	Loss: 7.533841
Train Epoch: 13 [38400/60000 (64%)]	Loss: 7.950617
Train Epoch: 13 [44800/60000 (75%)]	Loss: 7.731784
Train Epoch: 13 [51200/60000 (85%)]	Loss: 7.846340
Train Epoch: 13 [57600/60000 (96%)]	Loss: 6.530857

Test set: Average loss: 7.1728, Accuracy: 934/10000 (9%)

Train Epoch: 14 [0/60000 (0%)]	Loss: 7.857117
Train Epoch: 14 [6400/60000 (11%)]	Loss: 7.805425
Train Epoch: 14 [12800/60000 (21%)]	Loss: 6.749050
Train Epoch: 14 [19200/60000 (32%)]	Loss: 6.995002
Train Epoch: 14 [25600/60000 (43%)]	Loss: 7.547675
Train Epoch: 14 [32000/60000 (53%)]	Loss: 6.608119
Train Epoch: 14 [38400/60000 (64%)]	Loss: 7.056670
Train Epoch: 14 [44800/60000 (75%)]	Loss: 6.229569
Train Epoch: 14 [51200/60000 (85%)]	Loss: 6.826249
Train Epoch: 14 [57600/60000 (96%)]	Loss: 7.184382

Test set: Average loss: 7.2839, Accuracy: 889/10000 (9%)

Train Epoch: 15 [0/60000 (0%)]	Loss: 8.297019
Train Epoch: 15 [6400/60000 (11%)]	Loss: 6.627450
Train Epoch: 15 [12800/60000 (21%)]	Loss: 6.898319
Train Epoch: 15 [19200/60000 (32%)]	Loss: 8.363402
Train Epoch: 15 [25600/60000 (43%)]	Loss: 6.859714
Train Epoch: 15 [32000/60000 (53%)]	Loss: 8.007275
Train Epoch: 15 [38400/60000 (64%)]	Loss: 8.224627
Train Epoch: 15 [44800/60000 (75%)]	Loss: 7.431096
Train Epoch: 15 [51200/60000 (85%)]	Loss: 7.782969
Train Epoch: 15 [57600/60000 (96%)]	Loss: 7.273034

Test set: Average loss: 7.2012, Accuracy: 925/10000 (9%)

Train Epoch: 16 [0/60000 (0%)]	Loss: 7.028934
Train Epoch: 16 [6400/60000 (11%)]	Loss: 6.717709
Train Epoch: 16 [12800/60000 (21%)]	Loss: 7.524097
Train Epoch: 16 [19200/60000 (32%)]	Loss: 7.467794
Train Epoch: 16 [25600/60000 (43%)]	Loss: 6.293015
Train Epoch: 16 [32000/60000 (53%)]	Loss: 6.512728
Train Epoch: 16 [38400/60000 (64%)]	Loss: 7.701397
Train Epoch: 16 [44800/60000 (75%)]	Loss: 8.643585
Train Epoch: 16 [51200/60000 (85%)]	Loss: 7.626834
Train Epoch: 16 [57600/60000 (96%)]	Loss: 7.230415

Test set: Average loss: 7.3275, Accuracy: 913/10000 (9%)

Train Epoch: 17 [0/60000 (0%)]	Loss: 7.068092
Train Epoch: 17 [6400/60000 (11%)]	Loss: 8.102900
Train Epoch: 17 [12800/60000 (21%)]	Loss: 7.347779
Train Epoch: 17 [19200/60000 (32%)]	Loss: 7.399988
Train Epoch: 17 [25600/60000 (43%)]	Loss: 8.344125
Train Epoch: 17 [32000/60000 (53%)]	Loss: 8.699439
Train Epoch: 17 [38400/60000 (64%)]	Loss: 6.869904
Train Epoch: 17 [44800/60000 (75%)]	Loss: 6.390884
Train Epoch: 17 [51200/60000 (85%)]	Loss: 7.544683
Train Epoch: 17 [57600/60000 (96%)]	Loss: 7.605098

Test set: Average loss: 6.9939, Accuracy: 1054/10000 (11%)

Train Epoch: 18 [0/60000 (0%)]	Loss: 6.631280
Train Epoch: 18 [6400/60000 (11%)]	Loss: 6.821554
Train Epoch: 18 [12800/60000 (21%)]	Loss: 6.912672
Train Epoch: 18 [19200/60000 (32%)]	Loss: 7.086583
Train Epoch: 18 [25600/60000 (43%)]	Loss: 7.695847
Train Epoch: 18 [32000/60000 (53%)]	Loss: 7.600340
Train Epoch: 18 [38400/60000 (64%)]	Loss: 7.322327
Train Epoch: 18 [44800/60000 (75%)]	Loss: 7.237304
Train Epoch: 18 [51200/60000 (85%)]	Loss: 7.848569
Train Epoch: 18 [57600/60000 (96%)]	Loss: 7.921660

Test set: Average loss: 7.3895, Accuracy: 1057/10000 (11%)

Train Epoch: 19 [0/60000 (0%)]	Loss: 7.203119
Train Epoch: 19 [6400/60000 (11%)]	Loss: 7.464643
Train Epoch: 19 [12800/60000 (21%)]	Loss: 7.585778
Train Epoch: 19 [19200/60000 (32%)]	Loss: 7.624290
Train Epoch: 19 [25600/60000 (43%)]	Loss: 7.756382
Train Epoch: 19 [32000/60000 (53%)]	Loss: 7.303096
Train Epoch: 19 [38400/60000 (64%)]	Loss: 7.730068
Train Epoch: 19 [44800/60000 (75%)]	Loss: 6.959942
Train Epoch: 19 [51200/60000 (85%)]	Loss: 7.805638
Train Epoch: 19 [57600/60000 (96%)]	Loss: 8.015734

Test set: Average loss: 7.5421, Accuracy: 916/10000 (9%)

Train Epoch: 20 [0/60000 (0%)]	Loss: 7.893487
Train Epoch: 20 [6400/60000 (11%)]	Loss: 7.083482
Train Epoch: 20 [12800/60000 (21%)]	Loss: 8.421602
Train Epoch: 20 [19200/60000 (32%)]	Loss: 8.617173
Train Epoch: 20 [25600/60000 (43%)]	Loss: 7.305619
Train Epoch: 20 [32000/60000 (53%)]	Loss: 7.696218
Train Epoch: 20 [38400/60000 (64%)]	Loss: 7.178530
Train Epoch: 20 [44800/60000 (75%)]	Loss: 8.048706
Train Epoch: 20 [51200/60000 (85%)]	Loss: 8.700477
Train Epoch: 20 [57600/60000 (96%)]	Loss: 8.459582

Test set: Average loss: 8.0375, Accuracy: 858/10000 (9%)

Namespace(batch_size=64, bias=None, data='../data', device=1, epochs=20, hidden_size=500, load_weights=None, log_interval=100, lr=0.1, milestones=[5, 7], model='redfc2', momentum=0.9, no_cuda=False, r=5, save_model=None, save_results=True, scheduler='cosine', seed=1, sparsity=0.025, use_relu=True, wd=0.0005)


Total time spent pruning/training: 2.17 minutes
Total number of parameters in model: 1991420
Number of parameters in pruned model: 1941634
