Namespace(batch_size=64, bias=None, data='../data', device=1, epochs=20, hidden_size=500, load_weights=None, log_interval=100, lr=0.1, milestones=[5, 7], model='redfc2', momentum=0.9, no_cuda=False, r=5, save_model=None, save_results=True, scheduler='cosine', seed=1, sparsity=0.98, use_relu=True, wd=0.0005) 

Pruning a Two-Layer Fully Connected Redundant Network ...
Train Epoch: 1 [0/60000 (0%)]	Loss: 2.302578
Train Epoch: 1 [6400/60000 (11%)]	Loss: 2.291352
Train Epoch: 1 [12800/60000 (21%)]	Loss: 2.261922
Train Epoch: 1 [19200/60000 (32%)]	Loss: 2.269289
Train Epoch: 1 [25600/60000 (43%)]	Loss: 2.260781
Train Epoch: 1 [32000/60000 (53%)]	Loss: 2.257519
Train Epoch: 1 [38400/60000 (64%)]	Loss: 2.256614
Train Epoch: 1 [44800/60000 (75%)]	Loss: 2.284895
Train Epoch: 1 [51200/60000 (85%)]	Loss: 2.262241
Train Epoch: 1 [57600/60000 (96%)]	Loss: 2.259296

Test set: Average loss: 2.2520, Accuracy: 1806/10000 (18%)

Train Epoch: 2 [0/60000 (0%)]	Loss: 2.264739
Train Epoch: 2 [6400/60000 (11%)]	Loss: 2.255625
Train Epoch: 2 [12800/60000 (21%)]	Loss: 2.248498
Train Epoch: 2 [19200/60000 (32%)]	Loss: 2.246837
Train Epoch: 2 [25600/60000 (43%)]	Loss: 2.244335
Train Epoch: 2 [32000/60000 (53%)]	Loss: 2.250276
Train Epoch: 2 [38400/60000 (64%)]	Loss: 2.248074
Train Epoch: 2 [44800/60000 (75%)]	Loss: 2.259177
Train Epoch: 2 [51200/60000 (85%)]	Loss: 2.250715
Train Epoch: 2 [57600/60000 (96%)]	Loss: 2.249402

Test set: Average loss: 2.2500, Accuracy: 1807/10000 (18%)

Train Epoch: 3 [0/60000 (0%)]	Loss: 2.231162
Train Epoch: 3 [6400/60000 (11%)]	Loss: 2.249511
Train Epoch: 3 [12800/60000 (21%)]	Loss: 2.264932
Train Epoch: 3 [19200/60000 (32%)]	Loss: 2.252386
Train Epoch: 3 [25600/60000 (43%)]	Loss: 2.251860
Train Epoch: 3 [32000/60000 (53%)]	Loss: 2.272705
Train Epoch: 3 [38400/60000 (64%)]	Loss: 2.267991
Train Epoch: 3 [44800/60000 (75%)]	Loss: 2.224933
Train Epoch: 3 [51200/60000 (85%)]	Loss: 2.249564
Train Epoch: 3 [57600/60000 (96%)]	Loss: 2.225313

Test set: Average loss: 2.2434, Accuracy: 1913/10000 (19%)

Train Epoch: 4 [0/60000 (0%)]	Loss: 2.247128
Train Epoch: 4 [6400/60000 (11%)]	Loss: 2.231081
Train Epoch: 4 [12800/60000 (21%)]	Loss: 2.248176
Train Epoch: 4 [19200/60000 (32%)]	Loss: 2.246219
Train Epoch: 4 [25600/60000 (43%)]	Loss: 2.239350
Train Epoch: 4 [32000/60000 (53%)]	Loss: 2.231652
Train Epoch: 4 [38400/60000 (64%)]	Loss: 2.240660
Train Epoch: 4 [44800/60000 (75%)]	Loss: 2.225381
Train Epoch: 4 [51200/60000 (85%)]	Loss: 2.238694
Train Epoch: 4 [57600/60000 (96%)]	Loss: 2.260253

Test set: Average loss: 2.2448, Accuracy: 2055/10000 (21%)

Train Epoch: 5 [0/60000 (0%)]	Loss: 2.237895
Train Epoch: 5 [6400/60000 (11%)]	Loss: 2.262108
Train Epoch: 5 [12800/60000 (21%)]	Loss: 2.240942
Train Epoch: 5 [19200/60000 (32%)]	Loss: 2.250553
Train Epoch: 5 [25600/60000 (43%)]	Loss: 2.248830
Train Epoch: 5 [32000/60000 (53%)]	Loss: 2.227317
Train Epoch: 5 [38400/60000 (64%)]	Loss: 2.240353
Train Epoch: 5 [44800/60000 (75%)]	Loss: 2.229349
Train Epoch: 5 [51200/60000 (85%)]	Loss: 2.243003
Train Epoch: 5 [57600/60000 (96%)]	Loss: 2.250918

Test set: Average loss: 2.2456, Accuracy: 2043/10000 (20%)

Train Epoch: 6 [0/60000 (0%)]	Loss: 2.248934
Train Epoch: 6 [6400/60000 (11%)]	Loss: 2.270281
Train Epoch: 6 [12800/60000 (21%)]	Loss: 2.249254
Train Epoch: 6 [19200/60000 (32%)]	Loss: 2.256173
Train Epoch: 6 [25600/60000 (43%)]	Loss: 2.231495
Train Epoch: 6 [32000/60000 (53%)]	Loss: 2.263676
Train Epoch: 6 [38400/60000 (64%)]	Loss: 2.264030
Train Epoch: 6 [44800/60000 (75%)]	Loss: 2.251965
Train Epoch: 6 [51200/60000 (85%)]	Loss: 2.225983
Train Epoch: 6 [57600/60000 (96%)]	Loss: 2.252150

Test set: Average loss: 2.2458, Accuracy: 1856/10000 (19%)

Train Epoch: 7 [0/60000 (0%)]	Loss: 2.241444
Train Epoch: 7 [6400/60000 (11%)]	Loss: 2.256066
Train Epoch: 7 [12800/60000 (21%)]	Loss: 2.246375
Train Epoch: 7 [19200/60000 (32%)]	Loss: 2.210089
Train Epoch: 7 [25600/60000 (43%)]	Loss: 2.241804
Train Epoch: 7 [32000/60000 (53%)]	Loss: 2.245152
Train Epoch: 7 [38400/60000 (64%)]	Loss: 2.213924
Train Epoch: 7 [44800/60000 (75%)]	Loss: 2.245389
Train Epoch: 7 [51200/60000 (85%)]	Loss: 2.252195
Train Epoch: 7 [57600/60000 (96%)]	Loss: 2.241539

Test set: Average loss: 2.2426, Accuracy: 1909/10000 (19%)

Train Epoch: 8 [0/60000 (0%)]	Loss: 2.223457
Train Epoch: 8 [6400/60000 (11%)]	Loss: 2.255121
Train Epoch: 8 [12800/60000 (21%)]	Loss: 2.252738
Train Epoch: 8 [19200/60000 (32%)]	Loss: 2.245823
Train Epoch: 8 [25600/60000 (43%)]	Loss: 2.244936
Train Epoch: 8 [32000/60000 (53%)]	Loss: 2.242414
Train Epoch: 8 [38400/60000 (64%)]	Loss: 2.247209
Train Epoch: 8 [44800/60000 (75%)]	Loss: 2.252812
Train Epoch: 8 [51200/60000 (85%)]	Loss: 2.253016
Train Epoch: 8 [57600/60000 (96%)]	Loss: 2.261027

Test set: Average loss: 2.2382, Accuracy: 2003/10000 (20%)

Train Epoch: 9 [0/60000 (0%)]	Loss: 2.230542
Train Epoch: 9 [6400/60000 (11%)]	Loss: 2.223044
Train Epoch: 9 [12800/60000 (21%)]	Loss: 2.255854
Train Epoch: 9 [19200/60000 (32%)]	Loss: 2.247228
Train Epoch: 9 [25600/60000 (43%)]	Loss: 2.267644
Train Epoch: 9 [32000/60000 (53%)]	Loss: 2.226455
Train Epoch: 9 [38400/60000 (64%)]	Loss: 2.219054
Train Epoch: 9 [44800/60000 (75%)]	Loss: 2.231789
Train Epoch: 9 [51200/60000 (85%)]	Loss: 2.257013
Train Epoch: 9 [57600/60000 (96%)]	Loss: 2.217971

Test set: Average loss: 2.2393, Accuracy: 2135/10000 (21%)

Train Epoch: 10 [0/60000 (0%)]	Loss: 2.238873
Train Epoch: 10 [6400/60000 (11%)]	Loss: 2.240309
Train Epoch: 10 [12800/60000 (21%)]	Loss: 2.247633
Train Epoch: 10 [19200/60000 (32%)]	Loss: 2.250570
Train Epoch: 10 [25600/60000 (43%)]	Loss: 2.246357
Train Epoch: 10 [32000/60000 (53%)]	Loss: 2.260588
Train Epoch: 10 [38400/60000 (64%)]	Loss: 2.225298
Train Epoch: 10 [44800/60000 (75%)]	Loss: 2.251737
Train Epoch: 10 [51200/60000 (85%)]	Loss: 2.242311
Train Epoch: 10 [57600/60000 (96%)]	Loss: 2.216704

Test set: Average loss: 2.2430, Accuracy: 2275/10000 (23%)

Train Epoch: 11 [0/60000 (0%)]	Loss: 2.237436
Train Epoch: 11 [6400/60000 (11%)]	Loss: 2.272167
Train Epoch: 11 [12800/60000 (21%)]	Loss: 2.225564
Train Epoch: 11 [19200/60000 (32%)]	Loss: 2.222345
Train Epoch: 11 [25600/60000 (43%)]	Loss: 2.252010
Train Epoch: 11 [32000/60000 (53%)]	Loss: 2.247884
Train Epoch: 11 [38400/60000 (64%)]	Loss: 2.243531
Train Epoch: 11 [44800/60000 (75%)]	Loss: 2.227447
Train Epoch: 11 [51200/60000 (85%)]	Loss: 2.248805
Train Epoch: 11 [57600/60000 (96%)]	Loss: 2.254005

Test set: Average loss: 2.2459, Accuracy: 1925/10000 (19%)

Train Epoch: 12 [0/60000 (0%)]	Loss: 2.260450
Train Epoch: 12 [6400/60000 (11%)]	Loss: 2.262087
Train Epoch: 12 [12800/60000 (21%)]	Loss: 2.245302
Train Epoch: 12 [19200/60000 (32%)]	Loss: 2.241519
Train Epoch: 12 [25600/60000 (43%)]	Loss: 2.246765
Train Epoch: 12 [32000/60000 (53%)]	Loss: 2.249146
Train Epoch: 12 [38400/60000 (64%)]	Loss: 2.257463
Train Epoch: 12 [44800/60000 (75%)]	Loss: 2.262216
Train Epoch: 12 [51200/60000 (85%)]	Loss: 2.255662
Train Epoch: 12 [57600/60000 (96%)]	Loss: 2.243672

Test set: Average loss: 2.2462, Accuracy: 1948/10000 (19%)

Train Epoch: 13 [0/60000 (0%)]	Loss: 2.267851
Train Epoch: 13 [6400/60000 (11%)]	Loss: 2.253403
Train Epoch: 13 [12800/60000 (21%)]	Loss: 2.228917
Train Epoch: 13 [19200/60000 (32%)]	Loss: 2.235425
Train Epoch: 13 [25600/60000 (43%)]	Loss: 2.243319
Train Epoch: 13 [32000/60000 (53%)]	Loss: 2.244053
Train Epoch: 13 [38400/60000 (64%)]	Loss: 2.257356
Train Epoch: 13 [44800/60000 (75%)]	Loss: 2.252540
Train Epoch: 13 [51200/60000 (85%)]	Loss: 2.242033
Train Epoch: 13 [57600/60000 (96%)]	Loss: 2.230034

Test set: Average loss: 2.2445, Accuracy: 2073/10000 (21%)

Train Epoch: 14 [0/60000 (0%)]	Loss: 2.224325
Train Epoch: 14 [6400/60000 (11%)]	Loss: 2.247159
Train Epoch: 14 [12800/60000 (21%)]	Loss: 2.235578
Train Epoch: 14 [19200/60000 (32%)]	Loss: 2.260252
Train Epoch: 14 [25600/60000 (43%)]	Loss: 2.255560
Train Epoch: 14 [32000/60000 (53%)]	Loss: 2.234847
Train Epoch: 14 [38400/60000 (64%)]	Loss: 2.245209
Train Epoch: 14 [44800/60000 (75%)]	Loss: 2.259696
Train Epoch: 14 [51200/60000 (85%)]	Loss: 2.237187
Train Epoch: 14 [57600/60000 (96%)]	Loss: 2.230782

Test set: Average loss: 2.2482, Accuracy: 1878/10000 (19%)

Train Epoch: 15 [0/60000 (0%)]	Loss: 2.261907
Train Epoch: 15 [6400/60000 (11%)]	Loss: 2.259793
Train Epoch: 15 [12800/60000 (21%)]	Loss: 2.231897
Train Epoch: 15 [19200/60000 (32%)]	Loss: 2.241796
Train Epoch: 15 [25600/60000 (43%)]	Loss: 2.252287
Train Epoch: 15 [32000/60000 (53%)]	Loss: 2.234704
Train Epoch: 15 [38400/60000 (64%)]	Loss: 2.223798
Train Epoch: 15 [44800/60000 (75%)]	Loss: 2.237698
Train Epoch: 15 [51200/60000 (85%)]	Loss: 2.263451
Train Epoch: 15 [57600/60000 (96%)]	Loss: 2.228212

Test set: Average loss: 2.2411, Accuracy: 2018/10000 (20%)

Train Epoch: 16 [0/60000 (0%)]	Loss: 2.249790
Train Epoch: 16 [6400/60000 (11%)]	Loss: 2.268406
Train Epoch: 16 [12800/60000 (21%)]	Loss: 2.247993
Train Epoch: 16 [19200/60000 (32%)]	Loss: 2.244942
Train Epoch: 16 [25600/60000 (43%)]	Loss: 2.236908
Train Epoch: 16 [32000/60000 (53%)]	Loss: 2.229889
Train Epoch: 16 [38400/60000 (64%)]	Loss: 2.243018
Train Epoch: 16 [44800/60000 (75%)]	Loss: 2.237516
Train Epoch: 16 [51200/60000 (85%)]	Loss: 2.254643
Train Epoch: 16 [57600/60000 (96%)]	Loss: 2.237607

Test set: Average loss: 2.2405, Accuracy: 2174/10000 (22%)

Train Epoch: 17 [0/60000 (0%)]	Loss: 2.235248
Train Epoch: 17 [6400/60000 (11%)]	Loss: 2.241509
Train Epoch: 17 [12800/60000 (21%)]	Loss: 2.233774
Train Epoch: 17 [19200/60000 (32%)]	Loss: 2.243845
Train Epoch: 17 [25600/60000 (43%)]	Loss: 2.268458
Train Epoch: 17 [32000/60000 (53%)]	Loss: 2.258061
Train Epoch: 17 [38400/60000 (64%)]	Loss: 2.240022
Train Epoch: 17 [44800/60000 (75%)]	Loss: 2.239375
Train Epoch: 17 [51200/60000 (85%)]	Loss: 2.242970
Train Epoch: 17 [57600/60000 (96%)]	Loss: 2.263066

Test set: Average loss: 2.2374, Accuracy: 1996/10000 (20%)

Train Epoch: 18 [0/60000 (0%)]	Loss: 2.237933
Train Epoch: 18 [6400/60000 (11%)]	Loss: 2.240257
Train Epoch: 18 [12800/60000 (21%)]	Loss: 2.256951
Train Epoch: 18 [19200/60000 (32%)]	Loss: 2.267593
Train Epoch: 18 [25600/60000 (43%)]	Loss: 2.218312
Train Epoch: 18 [32000/60000 (53%)]	Loss: 2.232343
Train Epoch: 18 [38400/60000 (64%)]	Loss: 2.232889
Train Epoch: 18 [44800/60000 (75%)]	Loss: 2.243697
Train Epoch: 18 [51200/60000 (85%)]	Loss: 2.258948
Train Epoch: 18 [57600/60000 (96%)]	Loss: 2.251631

Test set: Average loss: 2.2378, Accuracy: 2053/10000 (21%)

Train Epoch: 19 [0/60000 (0%)]	Loss: 2.260511
Train Epoch: 19 [6400/60000 (11%)]	Loss: 2.248321
Train Epoch: 19 [12800/60000 (21%)]	Loss: 2.253393
Train Epoch: 19 [19200/60000 (32%)]	Loss: 2.262751
Train Epoch: 19 [25600/60000 (43%)]	Loss: 2.256742
Train Epoch: 19 [32000/60000 (53%)]	Loss: 2.242816
Train Epoch: 19 [38400/60000 (64%)]	Loss: 2.255051
Train Epoch: 19 [44800/60000 (75%)]	Loss: 2.222001
Train Epoch: 19 [51200/60000 (85%)]	Loss: 2.250539
Train Epoch: 19 [57600/60000 (96%)]	Loss: 2.239085

Test set: Average loss: 2.2366, Accuracy: 2128/10000 (21%)

Train Epoch: 20 [0/60000 (0%)]	Loss: 2.239143
Train Epoch: 20 [6400/60000 (11%)]	Loss: 2.272907
Train Epoch: 20 [12800/60000 (21%)]	Loss: 2.240071
Train Epoch: 20 [19200/60000 (32%)]	Loss: 2.241063
Train Epoch: 20 [25600/60000 (43%)]	Loss: 2.222515
Train Epoch: 20 [32000/60000 (53%)]	Loss: 2.228224
Train Epoch: 20 [38400/60000 (64%)]	Loss: 2.268392
Train Epoch: 20 [44800/60000 (75%)]	Loss: 2.241050
Train Epoch: 20 [51200/60000 (85%)]	Loss: 2.217307
Train Epoch: 20 [57600/60000 (96%)]	Loss: 2.231204

Test set: Average loss: 2.2370, Accuracy: 2032/10000 (20%)

Namespace(batch_size=64, bias=None, data='../data', device=1, epochs=20, hidden_size=500, load_weights=None, log_interval=100, lr=0.1, milestones=[5, 7], model='redfc2', momentum=0.9, no_cuda=False, r=5, save_model=None, save_results=True, scheduler='cosine', seed=1, sparsity=0.98, use_relu=True, wd=0.0005)


Total time spent pruning/training: 2.16 minutes
Total number of parameters in model: 1991420
Number of parameters in pruned model: 39828
