Namespace(batch_size=64, bias=None, data='../data', device=0, epochs=30, hidden_size=500, load_weights=None, log_interval=100, lr=0.1, milestones=[5, 7], model='redfc2', momentum=0.9, no_cuda=False, r=5, save_model=None, save_results=True, scheduler='cosine', seed=1, sparsity=0.75, use_relu=True, wd=0.0005) 

Pruning a Two-Layer Fully Connected Redundant Network ...
Train Epoch: 1 [0/60000 (0%)]	Loss: 2.321198
Train Epoch: 1 [6400/60000 (11%)]	Loss: 0.681284
Train Epoch: 1 [12800/60000 (21%)]	Loss: 0.528773
Train Epoch: 1 [19200/60000 (32%)]	Loss: 0.641653
Train Epoch: 1 [25600/60000 (43%)]	Loss: 0.555723
Train Epoch: 1 [32000/60000 (53%)]	Loss: 0.611744
Train Epoch: 1 [38400/60000 (64%)]	Loss: 0.603172
Train Epoch: 1 [44800/60000 (75%)]	Loss: 0.397014
Train Epoch: 1 [51200/60000 (85%)]	Loss: 0.345315
Train Epoch: 1 [57600/60000 (96%)]	Loss: 0.336353

Test set: Average loss: 0.3648, Accuracy: 8973/10000 (90%)

Train Epoch: 2 [0/60000 (0%)]	Loss: 0.546685
Train Epoch: 2 [6400/60000 (11%)]	Loss: 0.518994
Train Epoch: 2 [12800/60000 (21%)]	Loss: 0.374676
Train Epoch: 2 [19200/60000 (32%)]	Loss: 0.358257
Train Epoch: 2 [25600/60000 (43%)]	Loss: 0.269528
Train Epoch: 2 [32000/60000 (53%)]	Loss: 0.307391
Train Epoch: 2 [38400/60000 (64%)]	Loss: 0.231119
Train Epoch: 2 [44800/60000 (75%)]	Loss: 0.459702
Train Epoch: 2 [51200/60000 (85%)]	Loss: 0.249111
Train Epoch: 2 [57600/60000 (96%)]	Loss: 0.426980

Test set: Average loss: 0.3427, Accuracy: 9008/10000 (90%)

Train Epoch: 3 [0/60000 (0%)]	Loss: 0.227776
Train Epoch: 3 [6400/60000 (11%)]	Loss: 0.279233
Train Epoch: 3 [12800/60000 (21%)]	Loss: 0.445816
Train Epoch: 3 [19200/60000 (32%)]	Loss: 0.295985
Train Epoch: 3 [25600/60000 (43%)]	Loss: 0.299490
Train Epoch: 3 [32000/60000 (53%)]	Loss: 0.272619
Train Epoch: 3 [38400/60000 (64%)]	Loss: 0.292052
Train Epoch: 3 [44800/60000 (75%)]	Loss: 0.328144
Train Epoch: 3 [51200/60000 (85%)]	Loss: 0.309970
Train Epoch: 3 [57600/60000 (96%)]	Loss: 0.448434

Test set: Average loss: 0.3371, Accuracy: 9032/10000 (90%)

Train Epoch: 4 [0/60000 (0%)]	Loss: 0.320705
Train Epoch: 4 [6400/60000 (11%)]	Loss: 0.298400
Train Epoch: 4 [12800/60000 (21%)]	Loss: 0.308796
Train Epoch: 4 [19200/60000 (32%)]	Loss: 0.407166
Train Epoch: 4 [25600/60000 (43%)]	Loss: 0.487284
Train Epoch: 4 [32000/60000 (53%)]	Loss: 0.275523
Train Epoch: 4 [38400/60000 (64%)]	Loss: 0.395348
Train Epoch: 4 [44800/60000 (75%)]	Loss: 0.386897
Train Epoch: 4 [51200/60000 (85%)]	Loss: 0.246654
Train Epoch: 4 [57600/60000 (96%)]	Loss: 0.354907

Test set: Average loss: 0.3249, Accuracy: 9128/10000 (91%)

Train Epoch: 5 [0/60000 (0%)]	Loss: 0.234757
Train Epoch: 5 [6400/60000 (11%)]	Loss: 0.297037
Train Epoch: 5 [12800/60000 (21%)]	Loss: 0.286367
Train Epoch: 5 [19200/60000 (32%)]	Loss: 0.238297
Train Epoch: 5 [25600/60000 (43%)]	Loss: 0.191162
Train Epoch: 5 [32000/60000 (53%)]	Loss: 0.386623
Train Epoch: 5 [38400/60000 (64%)]	Loss: 0.424010
Train Epoch: 5 [44800/60000 (75%)]	Loss: 0.359072
Train Epoch: 5 [51200/60000 (85%)]	Loss: 0.442904
Train Epoch: 5 [57600/60000 (96%)]	Loss: 0.307860

Test set: Average loss: 0.3458, Accuracy: 8995/10000 (90%)

Train Epoch: 6 [0/60000 (0%)]	Loss: 0.298068
Train Epoch: 6 [6400/60000 (11%)]	Loss: 0.434319
Train Epoch: 6 [12800/60000 (21%)]	Loss: 0.304851
Train Epoch: 6 [19200/60000 (32%)]	Loss: 0.356134
Train Epoch: 6 [25600/60000 (43%)]	Loss: 0.399536
Train Epoch: 6 [32000/60000 (53%)]	Loss: 0.416453
Train Epoch: 6 [38400/60000 (64%)]	Loss: 0.530452
Train Epoch: 6 [44800/60000 (75%)]	Loss: 0.425855
Train Epoch: 6 [51200/60000 (85%)]	Loss: 0.386892
Train Epoch: 6 [57600/60000 (96%)]	Loss: 0.540340

Test set: Average loss: 0.3628, Accuracy: 9012/10000 (90%)

Train Epoch: 7 [0/60000 (0%)]	Loss: 0.449826
Train Epoch: 7 [6400/60000 (11%)]	Loss: 0.484490
Train Epoch: 7 [12800/60000 (21%)]	Loss: 0.389617
Train Epoch: 7 [19200/60000 (32%)]	Loss: 0.379709
Train Epoch: 7 [25600/60000 (43%)]	Loss: 0.382309
Train Epoch: 7 [32000/60000 (53%)]	Loss: 0.408380
Train Epoch: 7 [38400/60000 (64%)]	Loss: 0.344604
Train Epoch: 7 [44800/60000 (75%)]	Loss: 0.441175
Train Epoch: 7 [51200/60000 (85%)]	Loss: 0.543930
Train Epoch: 7 [57600/60000 (96%)]	Loss: 0.421095

Test set: Average loss: 0.3839, Accuracy: 8939/10000 (89%)

Train Epoch: 8 [0/60000 (0%)]	Loss: 0.517109
Train Epoch: 8 [6400/60000 (11%)]	Loss: 0.397286
Train Epoch: 8 [12800/60000 (21%)]	Loss: 0.448244
Train Epoch: 8 [19200/60000 (32%)]	Loss: 0.398803
Train Epoch: 8 [25600/60000 (43%)]	Loss: 0.478748
Train Epoch: 8 [32000/60000 (53%)]	Loss: 0.396376
Train Epoch: 8 [38400/60000 (64%)]	Loss: 0.379157
Train Epoch: 8 [44800/60000 (75%)]	Loss: 0.645920
Train Epoch: 8 [51200/60000 (85%)]	Loss: 0.373429
Train Epoch: 8 [57600/60000 (96%)]	Loss: 0.396867

Test set: Average loss: 0.4136, Accuracy: 8855/10000 (89%)

Train Epoch: 9 [0/60000 (0%)]	Loss: 0.427230
Train Epoch: 9 [6400/60000 (11%)]	Loss: 0.466924
Train Epoch: 9 [12800/60000 (21%)]	Loss: 0.563945
Train Epoch: 9 [19200/60000 (32%)]	Loss: 0.468186
Train Epoch: 9 [25600/60000 (43%)]	Loss: 0.441342
Train Epoch: 9 [32000/60000 (53%)]	Loss: 0.341561
Train Epoch: 9 [38400/60000 (64%)]	Loss: 0.646466
Train Epoch: 9 [44800/60000 (75%)]	Loss: 0.343406
Train Epoch: 9 [51200/60000 (85%)]	Loss: 0.416260
Train Epoch: 9 [57600/60000 (96%)]	Loss: 0.451569

Test set: Average loss: 0.4661, Accuracy: 8721/10000 (87%)

Train Epoch: 10 [0/60000 (0%)]	Loss: 0.434577
Train Epoch: 10 [6400/60000 (11%)]	Loss: 0.486080
Train Epoch: 10 [12800/60000 (21%)]	Loss: 0.482882
Train Epoch: 10 [19200/60000 (32%)]	Loss: 0.403095
Train Epoch: 10 [25600/60000 (43%)]	Loss: 0.485428
Train Epoch: 10 [32000/60000 (53%)]	Loss: 0.393701
Train Epoch: 10 [38400/60000 (64%)]	Loss: 0.429696
Train Epoch: 10 [44800/60000 (75%)]	Loss: 0.401029
Train Epoch: 10 [51200/60000 (85%)]	Loss: 0.678885
Train Epoch: 10 [57600/60000 (96%)]	Loss: 0.314270

Test set: Average loss: 0.4715, Accuracy: 8833/10000 (88%)

Train Epoch: 11 [0/60000 (0%)]	Loss: 0.512867
Train Epoch: 11 [6400/60000 (11%)]	Loss: 0.693091
Train Epoch: 11 [12800/60000 (21%)]	Loss: 0.396542
Train Epoch: 11 [19200/60000 (32%)]	Loss: 0.522360
Train Epoch: 11 [25600/60000 (43%)]	Loss: 0.406342
Train Epoch: 11 [32000/60000 (53%)]	Loss: 0.568607
Train Epoch: 11 [38400/60000 (64%)]	Loss: 0.674663
Train Epoch: 11 [44800/60000 (75%)]	Loss: 0.521158
Train Epoch: 11 [51200/60000 (85%)]	Loss: 0.566112
Train Epoch: 11 [57600/60000 (96%)]	Loss: 0.626954

Test set: Average loss: 0.4779, Accuracy: 8749/10000 (87%)

Train Epoch: 12 [0/60000 (0%)]	Loss: 0.470311
Train Epoch: 12 [6400/60000 (11%)]	Loss: 0.882886
Train Epoch: 12 [12800/60000 (21%)]	Loss: 0.634315
Train Epoch: 12 [19200/60000 (32%)]	Loss: 0.555320
Train Epoch: 12 [25600/60000 (43%)]	Loss: 0.499467
Train Epoch: 12 [32000/60000 (53%)]	Loss: 0.555924
Train Epoch: 12 [38400/60000 (64%)]	Loss: 0.558334
Train Epoch: 12 [44800/60000 (75%)]	Loss: 0.796864
Train Epoch: 12 [51200/60000 (85%)]	Loss: 0.651562
Train Epoch: 12 [57600/60000 (96%)]	Loss: 0.629786

Test set: Average loss: 0.5773, Accuracy: 8491/10000 (85%)

Train Epoch: 13 [0/60000 (0%)]	Loss: 0.624765
Train Epoch: 13 [6400/60000 (11%)]	Loss: 0.624804
Train Epoch: 13 [12800/60000 (21%)]	Loss: 0.691321
Train Epoch: 13 [19200/60000 (32%)]	Loss: 0.484764
Train Epoch: 13 [25600/60000 (43%)]	Loss: 0.680991
Train Epoch: 13 [32000/60000 (53%)]	Loss: 0.424042
Train Epoch: 13 [38400/60000 (64%)]	Loss: 0.636924
Train Epoch: 13 [44800/60000 (75%)]	Loss: 0.502497
Train Epoch: 13 [51200/60000 (85%)]	Loss: 0.528646
Train Epoch: 13 [57600/60000 (96%)]	Loss: 0.567720

Test set: Average loss: 0.6497, Accuracy: 8179/10000 (82%)

Train Epoch: 14 [0/60000 (0%)]	Loss: 0.668928
Train Epoch: 14 [6400/60000 (11%)]	Loss: 0.552231
Train Epoch: 14 [12800/60000 (21%)]	Loss: 0.608596
Train Epoch: 14 [19200/60000 (32%)]	Loss: 0.558274
Train Epoch: 14 [25600/60000 (43%)]	Loss: 0.592244
Train Epoch: 14 [32000/60000 (53%)]	Loss: 0.754230
Train Epoch: 14 [38400/60000 (64%)]	Loss: 0.695807
Train Epoch: 14 [44800/60000 (75%)]	Loss: 0.512239
Train Epoch: 14 [51200/60000 (85%)]	Loss: 0.626198
Train Epoch: 14 [57600/60000 (96%)]	Loss: 0.563143

Test set: Average loss: 0.6175, Accuracy: 8442/10000 (84%)

Train Epoch: 15 [0/60000 (0%)]	Loss: 0.584441
Train Epoch: 15 [6400/60000 (11%)]	Loss: 0.693337
Train Epoch: 15 [12800/60000 (21%)]	Loss: 0.440685
Train Epoch: 15 [19200/60000 (32%)]	Loss: 0.503189
Train Epoch: 15 [25600/60000 (43%)]	Loss: 0.720742
Train Epoch: 15 [32000/60000 (53%)]	Loss: 0.602778
Train Epoch: 15 [38400/60000 (64%)]	Loss: 0.586890
Train Epoch: 15 [44800/60000 (75%)]	Loss: 0.606268
Train Epoch: 15 [51200/60000 (85%)]	Loss: 0.810841
Train Epoch: 15 [57600/60000 (96%)]	Loss: 0.592871

Test set: Average loss: 0.6753, Accuracy: 8229/10000 (82%)

Train Epoch: 16 [0/60000 (0%)]	Loss: 0.587533
Train Epoch: 16 [6400/60000 (11%)]	Loss: 0.827825
Train Epoch: 16 [12800/60000 (21%)]	Loss: 0.640185
Train Epoch: 16 [19200/60000 (32%)]	Loss: 0.763992
Train Epoch: 16 [25600/60000 (43%)]	Loss: 0.698091
Train Epoch: 16 [32000/60000 (53%)]	Loss: 0.581111
Train Epoch: 16 [38400/60000 (64%)]	Loss: 0.651003
Train Epoch: 16 [44800/60000 (75%)]	Loss: 0.577872
Train Epoch: 16 [51200/60000 (85%)]	Loss: 0.845335
Train Epoch: 16 [57600/60000 (96%)]	Loss: 0.556945

Test set: Average loss: 0.7003, Accuracy: 8211/10000 (82%)

Train Epoch: 17 [0/60000 (0%)]	Loss: 0.566949
Train Epoch: 17 [6400/60000 (11%)]	Loss: 0.595936
Train Epoch: 17 [12800/60000 (21%)]	Loss: 0.694910
Train Epoch: 17 [19200/60000 (32%)]	Loss: 0.654166
Train Epoch: 17 [25600/60000 (43%)]	Loss: 0.854110
Train Epoch: 17 [32000/60000 (53%)]	Loss: 0.642100
Train Epoch: 17 [38400/60000 (64%)]	Loss: 0.573086
Train Epoch: 17 [44800/60000 (75%)]	Loss: 0.684361
Train Epoch: 17 [51200/60000 (85%)]	Loss: 0.727916
Train Epoch: 17 [57600/60000 (96%)]	Loss: 0.919606

Test set: Average loss: 0.7425, Accuracy: 7811/10000 (78%)

Train Epoch: 18 [0/60000 (0%)]	Loss: 0.978090
Train Epoch: 18 [6400/60000 (11%)]	Loss: 0.688761
Train Epoch: 18 [12800/60000 (21%)]	Loss: 0.807467
Train Epoch: 18 [19200/60000 (32%)]	Loss: 0.897849
Train Epoch: 18 [25600/60000 (43%)]	Loss: 0.825512
Train Epoch: 18 [32000/60000 (53%)]	Loss: 0.599899
Train Epoch: 18 [38400/60000 (64%)]	Loss: 0.691543
Train Epoch: 18 [44800/60000 (75%)]	Loss: 0.617152
Train Epoch: 18 [51200/60000 (85%)]	Loss: 0.662564
Train Epoch: 18 [57600/60000 (96%)]	Loss: 0.752433

Test set: Average loss: 0.8290, Accuracy: 7556/10000 (76%)

Train Epoch: 19 [0/60000 (0%)]	Loss: 0.949970
Train Epoch: 19 [6400/60000 (11%)]	Loss: 0.846596
Train Epoch: 19 [12800/60000 (21%)]	Loss: 0.786234
Train Epoch: 19 [19200/60000 (32%)]	Loss: 0.723680
Train Epoch: 19 [25600/60000 (43%)]	Loss: 0.938500
Train Epoch: 19 [32000/60000 (53%)]	Loss: 0.814095
Train Epoch: 19 [38400/60000 (64%)]	Loss: 0.850726
Train Epoch: 19 [44800/60000 (75%)]	Loss: 0.833471
Train Epoch: 19 [51200/60000 (85%)]	Loss: 0.753831
Train Epoch: 19 [57600/60000 (96%)]	Loss: 0.778174

Test set: Average loss: 0.7144, Accuracy: 8425/10000 (84%)

Train Epoch: 20 [0/60000 (0%)]	Loss: 0.821724
Train Epoch: 20 [6400/60000 (11%)]	Loss: 0.707952
Train Epoch: 20 [12800/60000 (21%)]	Loss: 0.780465
Train Epoch: 20 [19200/60000 (32%)]	Loss: 0.691037
Train Epoch: 20 [25600/60000 (43%)]	Loss: 0.610441
Train Epoch: 20 [32000/60000 (53%)]	Loss: 0.657772
Train Epoch: 20 [38400/60000 (64%)]	Loss: 0.896739
Train Epoch: 20 [44800/60000 (75%)]	Loss: 0.601020
Train Epoch: 20 [51200/60000 (85%)]	Loss: 0.766868
Train Epoch: 20 [57600/60000 (96%)]	Loss: 0.708312

Test set: Average loss: 0.7166, Accuracy: 8272/10000 (83%)

Train Epoch: 21 [0/60000 (0%)]	Loss: 0.733999
Train Epoch: 21 [6400/60000 (11%)]	Loss: 0.773618
Train Epoch: 21 [12800/60000 (21%)]	Loss: 0.808155
Train Epoch: 21 [19200/60000 (32%)]	Loss: 0.648012
Train Epoch: 21 [25600/60000 (43%)]	Loss: 0.611697
Train Epoch: 21 [32000/60000 (53%)]	Loss: 0.779826
Train Epoch: 21 [38400/60000 (64%)]	Loss: 0.686084
Train Epoch: 21 [44800/60000 (75%)]	Loss: 0.618431
Train Epoch: 21 [51200/60000 (85%)]	Loss: 0.763537
Train Epoch: 21 [57600/60000 (96%)]	Loss: 0.653286

Test set: Average loss: 0.6730, Accuracy: 8366/10000 (84%)

Train Epoch: 22 [0/60000 (0%)]	Loss: 0.695616
Train Epoch: 22 [6400/60000 (11%)]	Loss: 0.640660
Train Epoch: 22 [12800/60000 (21%)]	Loss: 0.572883
Train Epoch: 22 [19200/60000 (32%)]	Loss: 0.762686
Train Epoch: 22 [25600/60000 (43%)]	Loss: 0.671058
Train Epoch: 22 [32000/60000 (53%)]	Loss: 0.767071
Train Epoch: 22 [38400/60000 (64%)]	Loss: 0.702636
Train Epoch: 22 [44800/60000 (75%)]	Loss: 0.735164
Train Epoch: 22 [51200/60000 (85%)]	Loss: 0.819151
Train Epoch: 22 [57600/60000 (96%)]	Loss: 0.573619

Test set: Average loss: 0.6669, Accuracy: 8373/10000 (84%)

Train Epoch: 23 [0/60000 (0%)]	Loss: 0.596835
Train Epoch: 23 [6400/60000 (11%)]	Loss: 0.490113
Train Epoch: 23 [12800/60000 (21%)]	Loss: 0.481883
Train Epoch: 23 [19200/60000 (32%)]	Loss: 0.632485
Train Epoch: 23 [25600/60000 (43%)]	Loss: 0.806644
Train Epoch: 23 [32000/60000 (53%)]	Loss: 0.705484
Train Epoch: 23 [38400/60000 (64%)]	Loss: 0.565370
Train Epoch: 23 [44800/60000 (75%)]	Loss: 0.660618
Train Epoch: 23 [51200/60000 (85%)]	Loss: 0.829554
Train Epoch: 23 [57600/60000 (96%)]	Loss: 0.729036

Test set: Average loss: 0.6583, Accuracy: 8306/10000 (83%)

Train Epoch: 24 [0/60000 (0%)]	Loss: 0.633987
Train Epoch: 24 [6400/60000 (11%)]	Loss: 0.625986
Train Epoch: 24 [12800/60000 (21%)]	Loss: 0.647436
Train Epoch: 24 [19200/60000 (32%)]	Loss: 0.970725
Train Epoch: 24 [25600/60000 (43%)]	Loss: 0.601890
Train Epoch: 24 [32000/60000 (53%)]	Loss: 0.578099
Train Epoch: 24 [38400/60000 (64%)]	Loss: 0.752971
Train Epoch: 24 [44800/60000 (75%)]	Loss: 0.593781
Train Epoch: 24 [51200/60000 (85%)]	Loss: 0.624749
Train Epoch: 24 [57600/60000 (96%)]	Loss: 0.533958

Test set: Average loss: 0.5983, Accuracy: 8547/10000 (85%)

Train Epoch: 25 [0/60000 (0%)]	Loss: 0.599828
Train Epoch: 25 [6400/60000 (11%)]	Loss: 0.659969
Train Epoch: 25 [12800/60000 (21%)]	Loss: 0.527661
Train Epoch: 25 [19200/60000 (32%)]	Loss: 0.511583
Train Epoch: 25 [25600/60000 (43%)]	Loss: 0.617445
Train Epoch: 25 [32000/60000 (53%)]	Loss: 0.481048
Train Epoch: 25 [38400/60000 (64%)]	Loss: 0.586387
Train Epoch: 25 [44800/60000 (75%)]	Loss: 0.516652
Train Epoch: 25 [51200/60000 (85%)]	Loss: 0.644047
Train Epoch: 25 [57600/60000 (96%)]	Loss: 0.603397

Test set: Average loss: 0.6227, Accuracy: 8205/10000 (82%)

Train Epoch: 26 [0/60000 (0%)]	Loss: 0.655143
Train Epoch: 26 [6400/60000 (11%)]	Loss: 0.481068
Train Epoch: 26 [12800/60000 (21%)]	Loss: 0.703229
Train Epoch: 26 [19200/60000 (32%)]	Loss: 0.660405
Train Epoch: 26 [25600/60000 (43%)]	Loss: 0.520088
Train Epoch: 26 [32000/60000 (53%)]	Loss: 0.585033
Train Epoch: 26 [38400/60000 (64%)]	Loss: 0.536937
Train Epoch: 26 [44800/60000 (75%)]	Loss: 0.409333
Train Epoch: 26 [51200/60000 (85%)]	Loss: 0.642318
Train Epoch: 26 [57600/60000 (96%)]	Loss: 0.612816

Test set: Average loss: 0.5775, Accuracy: 8317/10000 (83%)

Train Epoch: 27 [0/60000 (0%)]	Loss: 0.486314
Train Epoch: 27 [6400/60000 (11%)]	Loss: 0.490600
Train Epoch: 27 [12800/60000 (21%)]	Loss: 0.453669
Train Epoch: 27 [19200/60000 (32%)]	Loss: 0.555253
Train Epoch: 27 [25600/60000 (43%)]	Loss: 0.716540
Train Epoch: 27 [32000/60000 (53%)]	Loss: 0.625006
Train Epoch: 27 [38400/60000 (64%)]	Loss: 0.439184
Train Epoch: 27 [44800/60000 (75%)]	Loss: 0.524580
Train Epoch: 27 [51200/60000 (85%)]	Loss: 0.499642
Train Epoch: 27 [57600/60000 (96%)]	Loss: 0.331400

Test set: Average loss: 0.5139, Accuracy: 8643/10000 (86%)

Train Epoch: 28 [0/60000 (0%)]	Loss: 0.494093
Train Epoch: 28 [6400/60000 (11%)]	Loss: 0.417186
Train Epoch: 28 [12800/60000 (21%)]	Loss: 0.413120
Train Epoch: 28 [19200/60000 (32%)]	Loss: 0.419685
Train Epoch: 28 [25600/60000 (43%)]	Loss: 0.482065
Train Epoch: 28 [32000/60000 (53%)]	Loss: 0.477827
Train Epoch: 28 [38400/60000 (64%)]	Loss: 0.587910
Train Epoch: 28 [44800/60000 (75%)]	Loss: 0.469417
Train Epoch: 28 [51200/60000 (85%)]	Loss: 0.325175
Train Epoch: 28 [57600/60000 (96%)]	Loss: 0.481956

Test set: Average loss: 0.4302, Accuracy: 8885/10000 (89%)

Train Epoch: 29 [0/60000 (0%)]	Loss: 0.424142
Train Epoch: 29 [6400/60000 (11%)]	Loss: 0.558934
Train Epoch: 29 [12800/60000 (21%)]	Loss: 0.246196
Train Epoch: 29 [19200/60000 (32%)]	Loss: 0.351595
Train Epoch: 29 [25600/60000 (43%)]	Loss: 0.280311
Train Epoch: 29 [32000/60000 (53%)]	Loss: 0.436394
Train Epoch: 29 [38400/60000 (64%)]	Loss: 0.380019
Train Epoch: 29 [44800/60000 (75%)]	Loss: 0.371985
Train Epoch: 29 [51200/60000 (85%)]	Loss: 0.441725
Train Epoch: 29 [57600/60000 (96%)]	Loss: 0.291728

Test set: Average loss: 0.3934, Accuracy: 8985/10000 (90%)

Train Epoch: 30 [0/60000 (0%)]	Loss: 0.388892
Train Epoch: 30 [6400/60000 (11%)]	Loss: 0.331480
Train Epoch: 30 [12800/60000 (21%)]	Loss: 0.329778
Train Epoch: 30 [19200/60000 (32%)]	Loss: 0.317797
Train Epoch: 30 [25600/60000 (43%)]	Loss: 0.256495
Train Epoch: 30 [32000/60000 (53%)]	Loss: 0.462898
Train Epoch: 30 [38400/60000 (64%)]	Loss: 0.396532
Train Epoch: 30 [44800/60000 (75%)]	Loss: 0.271417
Train Epoch: 30 [51200/60000 (85%)]	Loss: 0.542288
Train Epoch: 30 [57600/60000 (96%)]	Loss: 0.466674

Test set: Average loss: 0.3653, Accuracy: 9021/10000 (90%)

Namespace(batch_size=64, bias=None, data='../data', device=0, epochs=30, hidden_size=500, load_weights=None, log_interval=100, lr=0.1, milestones=[5, 7], model='redfc2', momentum=0.9, no_cuda=False, r=5, save_model=None, save_results=True, scheduler='cosine', seed=1, sparsity=0.75, use_relu=True, wd=0.0005)


Total time spent pruning/training: 3.41 minutes
Total number of parameters in model: 1991420
Number of parameters in pruned model: 497855
