Namespace(batch_size=64, bias=None, data='../data', device=1, epochs=20, hidden_size=500, load_weights=None, log_interval=100, lr=0.1, milestones=[5, 7], model='redfc2', momentum=0.9, no_cuda=False, r=5, save_model=None, save_results=True, scheduler='cosine', seed=1, sparsity=0.99, use_relu=True, wd=0.0005) 

Pruning a Two-Layer Fully Connected Redundant Network ...
Train Epoch: 1 [0/60000 (0%)]	Loss: 2.302585
Train Epoch: 1 [6400/60000 (11%)]	Loss: 2.302585
Train Epoch: 1 [12800/60000 (21%)]	Loss: 2.302585
Train Epoch: 1 [19200/60000 (32%)]	Loss: 2.302585
Train Epoch: 1 [25600/60000 (43%)]	Loss: 2.302585
Train Epoch: 1 [32000/60000 (53%)]	Loss: 2.302585
Train Epoch: 1 [38400/60000 (64%)]	Loss: 2.302585
Train Epoch: 1 [44800/60000 (75%)]	Loss: 2.302526
Train Epoch: 1 [51200/60000 (85%)]	Loss: 2.302522
Train Epoch: 1 [57600/60000 (96%)]	Loss: 2.302534

Test set: Average loss: 2.3024, Accuracy: 1010/10000 (10%)

Train Epoch: 2 [0/60000 (0%)]	Loss: 2.302329
Train Epoch: 2 [6400/60000 (11%)]	Loss: 2.302239
Train Epoch: 2 [12800/60000 (21%)]	Loss: 2.300906
Train Epoch: 2 [19200/60000 (32%)]	Loss: 2.301601
Train Epoch: 2 [25600/60000 (43%)]	Loss: 2.300941
Train Epoch: 2 [32000/60000 (53%)]	Loss: 2.301545
Train Epoch: 2 [38400/60000 (64%)]	Loss: 2.301386
Train Epoch: 2 [44800/60000 (75%)]	Loss: 2.301171
Train Epoch: 2 [51200/60000 (85%)]	Loss: 2.301535
Train Epoch: 2 [57600/60000 (96%)]	Loss: 2.301736

Test set: Average loss: 2.3015, Accuracy: 1734/10000 (17%)

Train Epoch: 3 [0/60000 (0%)]	Loss: 2.301033
Train Epoch: 3 [6400/60000 (11%)]	Loss: 2.301176
Train Epoch: 3 [12800/60000 (21%)]	Loss: 2.302121
Train Epoch: 3 [19200/60000 (32%)]	Loss: 2.301296
Train Epoch: 3 [25600/60000 (43%)]	Loss: 2.301846
Train Epoch: 3 [32000/60000 (53%)]	Loss: 2.301645
Train Epoch: 3 [38400/60000 (64%)]	Loss: 2.301240
Train Epoch: 3 [44800/60000 (75%)]	Loss: 2.301029
Train Epoch: 3 [51200/60000 (85%)]	Loss: 2.301763
Train Epoch: 3 [57600/60000 (96%)]	Loss: 2.300707

Test set: Average loss: 2.3015, Accuracy: 1744/10000 (17%)

Train Epoch: 4 [0/60000 (0%)]	Loss: 2.300986
Train Epoch: 4 [6400/60000 (11%)]	Loss: 2.301088
Train Epoch: 4 [12800/60000 (21%)]	Loss: 2.302571
Train Epoch: 4 [19200/60000 (32%)]	Loss: 2.301701
Train Epoch: 4 [25600/60000 (43%)]	Loss: 2.301897
Train Epoch: 4 [32000/60000 (53%)]	Loss: 2.301807
Train Epoch: 4 [38400/60000 (64%)]	Loss: 2.301368
Train Epoch: 4 [44800/60000 (75%)]	Loss: 2.300404
Train Epoch: 4 [51200/60000 (85%)]	Loss: 2.300601
Train Epoch: 4 [57600/60000 (96%)]	Loss: 2.301701

Test set: Average loss: 2.3014, Accuracy: 1743/10000 (17%)

Train Epoch: 5 [0/60000 (0%)]	Loss: 2.300624
Train Epoch: 5 [6400/60000 (11%)]	Loss: 2.302022
Train Epoch: 5 [12800/60000 (21%)]	Loss: 2.300922
Train Epoch: 5 [19200/60000 (32%)]	Loss: 2.301754
Train Epoch: 5 [25600/60000 (43%)]	Loss: 2.301140
Train Epoch: 5 [32000/60000 (53%)]	Loss: 2.301106
Train Epoch: 5 [38400/60000 (64%)]	Loss: 2.301823
Train Epoch: 5 [44800/60000 (75%)]	Loss: 2.300776
Train Epoch: 5 [51200/60000 (85%)]	Loss: 2.302531
Train Epoch: 5 [57600/60000 (96%)]	Loss: 2.302638

Test set: Average loss: 2.3014, Accuracy: 1743/10000 (17%)

Train Epoch: 6 [0/60000 (0%)]	Loss: 2.300982
Train Epoch: 6 [6400/60000 (11%)]	Loss: 2.302354
Train Epoch: 6 [12800/60000 (21%)]	Loss: 2.301614
Train Epoch: 6 [19200/60000 (32%)]	Loss: 2.301788
Train Epoch: 6 [25600/60000 (43%)]	Loss: 2.301735
Train Epoch: 6 [32000/60000 (53%)]	Loss: 2.301440
Train Epoch: 6 [38400/60000 (64%)]	Loss: 2.301958
Train Epoch: 6 [44800/60000 (75%)]	Loss: 2.302106
Train Epoch: 6 [51200/60000 (85%)]	Loss: 2.301020
Train Epoch: 6 [57600/60000 (96%)]	Loss: 2.302232

Test set: Average loss: 2.3014, Accuracy: 1742/10000 (17%)

Train Epoch: 7 [0/60000 (0%)]	Loss: 2.300214
Train Epoch: 7 [6400/60000 (11%)]	Loss: 2.301201
Train Epoch: 7 [12800/60000 (21%)]	Loss: 2.301546
Train Epoch: 7 [19200/60000 (32%)]	Loss: 2.300976
Train Epoch: 7 [25600/60000 (43%)]	Loss: 2.302149
Train Epoch: 7 [32000/60000 (53%)]	Loss: 2.301071
Train Epoch: 7 [38400/60000 (64%)]	Loss: 2.299680
Train Epoch: 7 [44800/60000 (75%)]	Loss: 2.301506
Train Epoch: 7 [51200/60000 (85%)]	Loss: 2.301842
Train Epoch: 7 [57600/60000 (96%)]	Loss: 2.300632

Test set: Average loss: 2.3011, Accuracy: 1748/10000 (17%)

Train Epoch: 8 [0/60000 (0%)]	Loss: 2.299378
Train Epoch: 8 [6400/60000 (11%)]	Loss: 2.301681
Train Epoch: 8 [12800/60000 (21%)]	Loss: 2.301559
Train Epoch: 8 [19200/60000 (32%)]	Loss: 2.301765
Train Epoch: 8 [25600/60000 (43%)]	Loss: 2.301503
Train Epoch: 8 [32000/60000 (53%)]	Loss: 2.300560
Train Epoch: 8 [38400/60000 (64%)]	Loss: 2.301461
Train Epoch: 8 [44800/60000 (75%)]	Loss: 2.301655
Train Epoch: 8 [51200/60000 (85%)]	Loss: 2.301715
Train Epoch: 8 [57600/60000 (96%)]	Loss: 2.302999

Test set: Average loss: 2.3009, Accuracy: 1770/10000 (18%)

Train Epoch: 9 [0/60000 (0%)]	Loss: 2.299927
Train Epoch: 9 [6400/60000 (11%)]	Loss: 2.300436
Train Epoch: 9 [12800/60000 (21%)]	Loss: 2.302518
Train Epoch: 9 [19200/60000 (32%)]	Loss: 2.299360
Train Epoch: 9 [25600/60000 (43%)]	Loss: 2.301384
Train Epoch: 9 [32000/60000 (53%)]	Loss: 2.300068
Train Epoch: 9 [38400/60000 (64%)]	Loss: 2.300376
Train Epoch: 9 [44800/60000 (75%)]	Loss: 2.300332
Train Epoch: 9 [51200/60000 (85%)]	Loss: 2.301009
Train Epoch: 9 [57600/60000 (96%)]	Loss: 2.300157

Test set: Average loss: 2.3009, Accuracy: 1786/10000 (18%)

Train Epoch: 10 [0/60000 (0%)]	Loss: 2.300540
Train Epoch: 10 [6400/60000 (11%)]	Loss: 2.301025
Train Epoch: 10 [12800/60000 (21%)]	Loss: 2.300412
Train Epoch: 10 [19200/60000 (32%)]	Loss: 2.300415
Train Epoch: 10 [25600/60000 (43%)]	Loss: 2.301313
Train Epoch: 10 [32000/60000 (53%)]	Loss: 2.301954
Train Epoch: 10 [38400/60000 (64%)]	Loss: 2.300535
Train Epoch: 10 [44800/60000 (75%)]	Loss: 2.301642
Train Epoch: 10 [51200/60000 (85%)]	Loss: 2.300046
Train Epoch: 10 [57600/60000 (96%)]	Loss: 2.299560

Test set: Average loss: 2.3009, Accuracy: 1774/10000 (18%)

Train Epoch: 11 [0/60000 (0%)]	Loss: 2.301378
Train Epoch: 11 [6400/60000 (11%)]	Loss: 2.300839
Train Epoch: 11 [12800/60000 (21%)]	Loss: 2.299194
Train Epoch: 11 [19200/60000 (32%)]	Loss: 2.300190
Train Epoch: 11 [25600/60000 (43%)]	Loss: 2.302561
Train Epoch: 11 [32000/60000 (53%)]	Loss: 2.301693
Train Epoch: 11 [38400/60000 (64%)]	Loss: 2.301033
Train Epoch: 11 [44800/60000 (75%)]	Loss: 2.300483
Train Epoch: 11 [51200/60000 (85%)]	Loss: 2.300959
Train Epoch: 11 [57600/60000 (96%)]	Loss: 2.300994

Test set: Average loss: 2.3009, Accuracy: 1786/10000 (18%)

Train Epoch: 12 [0/60000 (0%)]	Loss: 2.301416
Train Epoch: 12 [6400/60000 (11%)]	Loss: 2.302661
Train Epoch: 12 [12800/60000 (21%)]	Loss: 2.301190
Train Epoch: 12 [19200/60000 (32%)]	Loss: 2.301918
Train Epoch: 12 [25600/60000 (43%)]	Loss: 2.301814
Train Epoch: 12 [32000/60000 (53%)]	Loss: 2.301791
Train Epoch: 12 [38400/60000 (64%)]	Loss: 2.300631
Train Epoch: 12 [44800/60000 (75%)]	Loss: 2.301252
Train Epoch: 12 [51200/60000 (85%)]	Loss: 2.300746
Train Epoch: 12 [57600/60000 (96%)]	Loss: 2.300548

Test set: Average loss: 2.3009, Accuracy: 1786/10000 (18%)

Train Epoch: 13 [0/60000 (0%)]	Loss: 2.301287
Train Epoch: 13 [6400/60000 (11%)]	Loss: 2.300866
Train Epoch: 13 [12800/60000 (21%)]	Loss: 2.300693
Train Epoch: 13 [19200/60000 (32%)]	Loss: 2.301195
Train Epoch: 13 [25600/60000 (43%)]	Loss: 2.301383
Train Epoch: 13 [32000/60000 (53%)]	Loss: 2.300573
Train Epoch: 13 [38400/60000 (64%)]	Loss: 2.300997
Train Epoch: 13 [44800/60000 (75%)]	Loss: 2.300490
Train Epoch: 13 [51200/60000 (85%)]	Loss: 2.300325
Train Epoch: 13 [57600/60000 (96%)]	Loss: 2.298934

Test set: Average loss: 2.3001, Accuracy: 1702/10000 (17%)

Train Epoch: 14 [0/60000 (0%)]	Loss: 2.300620
Train Epoch: 14 [6400/60000 (11%)]	Loss: 2.301166
Train Epoch: 14 [12800/60000 (21%)]	Loss: 2.299553
Train Epoch: 14 [19200/60000 (32%)]	Loss: 2.300236
Train Epoch: 14 [25600/60000 (43%)]	Loss: 2.298826
Train Epoch: 14 [32000/60000 (53%)]	Loss: 2.299979
Train Epoch: 14 [38400/60000 (64%)]	Loss: 2.299588
Train Epoch: 14 [44800/60000 (75%)]	Loss: 2.301274
Train Epoch: 14 [51200/60000 (85%)]	Loss: 2.299642
Train Epoch: 14 [57600/60000 (96%)]	Loss: 2.298215

Test set: Average loss: 2.3001, Accuracy: 1706/10000 (17%)

Train Epoch: 15 [0/60000 (0%)]	Loss: 2.300519
Train Epoch: 15 [6400/60000 (11%)]	Loss: 2.301425
Train Epoch: 15 [12800/60000 (21%)]	Loss: 2.300337
Train Epoch: 15 [19200/60000 (32%)]	Loss: 2.300388
Train Epoch: 15 [25600/60000 (43%)]	Loss: 2.299386
Train Epoch: 15 [32000/60000 (53%)]	Loss: 2.297921
Train Epoch: 15 [38400/60000 (64%)]	Loss: 2.299947
Train Epoch: 15 [44800/60000 (75%)]	Loss: 2.300365
Train Epoch: 15 [51200/60000 (85%)]	Loss: 2.301569
Train Epoch: 15 [57600/60000 (96%)]	Loss: 2.299371

Test set: Average loss: 2.3001, Accuracy: 1712/10000 (17%)

Train Epoch: 16 [0/60000 (0%)]	Loss: 2.300789
Train Epoch: 16 [6400/60000 (11%)]	Loss: 2.301385
Train Epoch: 16 [12800/60000 (21%)]	Loss: 2.301717
Train Epoch: 16 [19200/60000 (32%)]	Loss: 2.299756
Train Epoch: 16 [25600/60000 (43%)]	Loss: 2.298818
Train Epoch: 16 [32000/60000 (53%)]	Loss: 2.299026
Train Epoch: 16 [38400/60000 (64%)]	Loss: 2.298784
Train Epoch: 16 [44800/60000 (75%)]	Loss: 2.299197
Train Epoch: 16 [51200/60000 (85%)]	Loss: 2.298546
Train Epoch: 16 [57600/60000 (96%)]	Loss: 2.300919

Test set: Average loss: 2.3001, Accuracy: 1712/10000 (17%)

Train Epoch: 17 [0/60000 (0%)]	Loss: 2.299767
Train Epoch: 17 [6400/60000 (11%)]	Loss: 2.299610
Train Epoch: 17 [12800/60000 (21%)]	Loss: 2.299604
Train Epoch: 17 [19200/60000 (32%)]	Loss: 2.300680
Train Epoch: 17 [25600/60000 (43%)]	Loss: 2.301331
Train Epoch: 17 [32000/60000 (53%)]	Loss: 2.301146
Train Epoch: 17 [38400/60000 (64%)]	Loss: 2.300692
Train Epoch: 17 [44800/60000 (75%)]	Loss: 2.300090
Train Epoch: 17 [51200/60000 (85%)]	Loss: 2.301169
Train Epoch: 17 [57600/60000 (96%)]	Loss: 2.299850

Test set: Average loss: 2.3001, Accuracy: 1712/10000 (17%)

Train Epoch: 18 [0/60000 (0%)]	Loss: 2.300487
Train Epoch: 18 [6400/60000 (11%)]	Loss: 2.299496
Train Epoch: 18 [12800/60000 (21%)]	Loss: 2.300846
Train Epoch: 18 [19200/60000 (32%)]	Loss: 2.299836
Train Epoch: 18 [25600/60000 (43%)]	Loss: 2.297538
Train Epoch: 18 [32000/60000 (53%)]	Loss: 2.300383
Train Epoch: 18 [38400/60000 (64%)]	Loss: 2.300236
Train Epoch: 18 [44800/60000 (75%)]	Loss: 2.300367
Train Epoch: 18 [51200/60000 (85%)]	Loss: 2.300436
Train Epoch: 18 [57600/60000 (96%)]	Loss: 2.300255

Test set: Average loss: 2.3001, Accuracy: 1706/10000 (17%)

Train Epoch: 19 [0/60000 (0%)]	Loss: 2.301075
Train Epoch: 19 [6400/60000 (11%)]	Loss: 2.301426
Train Epoch: 19 [12800/60000 (21%)]	Loss: 2.301514
Train Epoch: 19 [19200/60000 (32%)]	Loss: 2.302205
Train Epoch: 19 [25600/60000 (43%)]	Loss: 2.301985
Train Epoch: 19 [32000/60000 (53%)]	Loss: 2.301080
Train Epoch: 19 [38400/60000 (64%)]	Loss: 2.300147
Train Epoch: 19 [44800/60000 (75%)]	Loss: 2.298963
Train Epoch: 19 [51200/60000 (85%)]	Loss: 2.301334
Train Epoch: 19 [57600/60000 (96%)]	Loss: 2.299263

Test set: Average loss: 2.3001, Accuracy: 1706/10000 (17%)

Train Epoch: 20 [0/60000 (0%)]	Loss: 2.300650
Train Epoch: 20 [6400/60000 (11%)]	Loss: 2.299927
Train Epoch: 20 [12800/60000 (21%)]	Loss: 2.299386
Train Epoch: 20 [19200/60000 (32%)]	Loss: 2.300348
Train Epoch: 20 [25600/60000 (43%)]	Loss: 2.299309
Train Epoch: 20 [32000/60000 (53%)]	Loss: 2.298697
Train Epoch: 20 [38400/60000 (64%)]	Loss: 2.299341
Train Epoch: 20 [44800/60000 (75%)]	Loss: 2.298378
Train Epoch: 20 [51200/60000 (85%)]	Loss: 2.299884
Train Epoch: 20 [57600/60000 (96%)]	Loss: 2.299839

Test set: Average loss: 2.3001, Accuracy: 1706/10000 (17%)

Namespace(batch_size=64, bias=None, data='../data', device=1, epochs=20, hidden_size=500, load_weights=None, log_interval=100, lr=0.1, milestones=[5, 7], model='redfc2', momentum=0.9, no_cuda=False, r=5, save_model=None, save_results=True, scheduler='cosine', seed=1, sparsity=0.99, use_relu=True, wd=0.0005)


Total time spent pruning/training: 2.17 minutes
Total number of parameters in model: 1991420
Number of parameters in pruned model: 19914
