Namespace(batch_size=64, bias=None, data='../data', device=1, epochs=20, hidden_size=500, load_weights=None, log_interval=100, lr=0.1, milestones=[5, 7], model='redfc2', momentum=0.9, no_cuda=False, r=5, save_model=None, save_results=True, scheduler='cosine', seed=1, sparsity=0.25, use_relu=False, wd=0.0005) 

Pruning a Two-Layer Fully Connected Redundant Network ...
Train Epoch: 1 [0/60000 (0%)]	Loss: 12.385151
Train Epoch: 1 [6400/60000 (11%)]	Loss: 0.535932
Train Epoch: 1 [12800/60000 (21%)]	Loss: 0.262033
Train Epoch: 1 [19200/60000 (32%)]	Loss: 0.270384
Train Epoch: 1 [25600/60000 (43%)]	Loss: 0.254480
Train Epoch: 1 [32000/60000 (53%)]	Loss: 0.515982
Train Epoch: 1 [38400/60000 (64%)]	Loss: 0.258182
Train Epoch: 1 [44800/60000 (75%)]	Loss: 0.152866
Train Epoch: 1 [51200/60000 (85%)]	Loss: 0.168063
Train Epoch: 1 [57600/60000 (96%)]	Loss: 0.208514

Test set: Average loss: 0.1884, Accuracy: 9420/10000 (94%)

Train Epoch: 2 [0/60000 (0%)]	Loss: 0.254244
Train Epoch: 2 [6400/60000 (11%)]	Loss: 0.445474
Train Epoch: 2 [12800/60000 (21%)]	Loss: 0.198601
Train Epoch: 2 [19200/60000 (32%)]	Loss: 0.188771
Train Epoch: 2 [25600/60000 (43%)]	Loss: 0.074161
Train Epoch: 2 [32000/60000 (53%)]	Loss: 0.069949
Train Epoch: 2 [38400/60000 (64%)]	Loss: 0.122482
Train Epoch: 2 [44800/60000 (75%)]	Loss: 0.302590
Train Epoch: 2 [51200/60000 (85%)]	Loss: 0.169987
Train Epoch: 2 [57600/60000 (96%)]	Loss: 0.206974

Test set: Average loss: 0.1849, Accuracy: 9428/10000 (94%)

Train Epoch: 3 [0/60000 (0%)]	Loss: 0.106969
Train Epoch: 3 [6400/60000 (11%)]	Loss: 0.097730
Train Epoch: 3 [12800/60000 (21%)]	Loss: 0.205967
Train Epoch: 3 [19200/60000 (32%)]	Loss: 0.159990
Train Epoch: 3 [25600/60000 (43%)]	Loss: 0.136710
Train Epoch: 3 [32000/60000 (53%)]	Loss: 0.048737
Train Epoch: 3 [38400/60000 (64%)]	Loss: 0.152915
Train Epoch: 3 [44800/60000 (75%)]	Loss: 0.183948
Train Epoch: 3 [51200/60000 (85%)]	Loss: 0.162776
Train Epoch: 3 [57600/60000 (96%)]	Loss: 0.272474

Test set: Average loss: 0.2275, Accuracy: 9351/10000 (94%)

Train Epoch: 4 [0/60000 (0%)]	Loss: 0.212492
Train Epoch: 4 [6400/60000 (11%)]	Loss: 0.157099
Train Epoch: 4 [12800/60000 (21%)]	Loss: 0.263637
Train Epoch: 4 [19200/60000 (32%)]	Loss: 0.221027
Train Epoch: 4 [25600/60000 (43%)]	Loss: 0.521102
Train Epoch: 4 [32000/60000 (53%)]	Loss: 0.075105
Train Epoch: 4 [38400/60000 (64%)]	Loss: 0.144464
Train Epoch: 4 [44800/60000 (75%)]	Loss: 0.236439
Train Epoch: 4 [51200/60000 (85%)]	Loss: 0.098408
Train Epoch: 4 [57600/60000 (96%)]	Loss: 0.307498

Test set: Average loss: 0.2195, Accuracy: 9348/10000 (93%)

Train Epoch: 5 [0/60000 (0%)]	Loss: 0.048424
Train Epoch: 5 [6400/60000 (11%)]	Loss: 0.161720
Train Epoch: 5 [12800/60000 (21%)]	Loss: 0.163934
Train Epoch: 5 [19200/60000 (32%)]	Loss: 0.186847
Train Epoch: 5 [25600/60000 (43%)]	Loss: 0.334769
Train Epoch: 5 [32000/60000 (53%)]	Loss: 0.562869
Train Epoch: 5 [38400/60000 (64%)]	Loss: 0.309992
Train Epoch: 5 [44800/60000 (75%)]	Loss: 0.263924
Train Epoch: 5 [51200/60000 (85%)]	Loss: 0.282269
Train Epoch: 5 [57600/60000 (96%)]	Loss: 0.158992

Test set: Average loss: 0.2590, Accuracy: 9211/10000 (92%)

Train Epoch: 6 [0/60000 (0%)]	Loss: 0.159508
Train Epoch: 6 [6400/60000 (11%)]	Loss: 0.430033
Train Epoch: 6 [12800/60000 (21%)]	Loss: 0.184550
Train Epoch: 6 [19200/60000 (32%)]	Loss: 0.267687
Train Epoch: 6 [25600/60000 (43%)]	Loss: 0.377045
Train Epoch: 6 [32000/60000 (53%)]	Loss: 0.260364
Train Epoch: 6 [38400/60000 (64%)]	Loss: 0.338100
Train Epoch: 6 [44800/60000 (75%)]	Loss: 0.220026
Train Epoch: 6 [51200/60000 (85%)]	Loss: 0.417544
Train Epoch: 6 [57600/60000 (96%)]	Loss: 0.835103

Test set: Average loss: 0.3042, Accuracy: 9099/10000 (91%)

Train Epoch: 7 [0/60000 (0%)]	Loss: 0.318714
Train Epoch: 7 [6400/60000 (11%)]	Loss: 0.589769
Train Epoch: 7 [12800/60000 (21%)]	Loss: 0.298376
Train Epoch: 7 [19200/60000 (32%)]	Loss: 0.383755
Train Epoch: 7 [25600/60000 (43%)]	Loss: 0.239988
Train Epoch: 7 [32000/60000 (53%)]	Loss: 0.328510
Train Epoch: 7 [38400/60000 (64%)]	Loss: 0.380295
Train Epoch: 7 [44800/60000 (75%)]	Loss: 0.625585
Train Epoch: 7 [51200/60000 (85%)]	Loss: 0.320666
Train Epoch: 7 [57600/60000 (96%)]	Loss: 0.380765

Test set: Average loss: 0.3640, Accuracy: 8895/10000 (89%)

Train Epoch: 8 [0/60000 (0%)]	Loss: 0.641194
Train Epoch: 8 [6400/60000 (11%)]	Loss: 0.227894
Train Epoch: 8 [12800/60000 (21%)]	Loss: 0.336048
Train Epoch: 8 [19200/60000 (32%)]	Loss: 0.477258
Train Epoch: 8 [25600/60000 (43%)]	Loss: 0.320803
Train Epoch: 8 [32000/60000 (53%)]	Loss: 0.332041
Train Epoch: 8 [38400/60000 (64%)]	Loss: 0.276506
Train Epoch: 8 [44800/60000 (75%)]	Loss: 0.453520
Train Epoch: 8 [51200/60000 (85%)]	Loss: 0.426846
Train Epoch: 8 [57600/60000 (96%)]	Loss: 0.348761

Test set: Average loss: 0.3515, Accuracy: 8913/10000 (89%)

Train Epoch: 9 [0/60000 (0%)]	Loss: 0.446268
Train Epoch: 9 [6400/60000 (11%)]	Loss: 0.143991
Train Epoch: 9 [12800/60000 (21%)]	Loss: 0.931750
Train Epoch: 9 [19200/60000 (32%)]	Loss: 0.390673
Train Epoch: 9 [25600/60000 (43%)]	Loss: 0.324685
Train Epoch: 9 [32000/60000 (53%)]	Loss: 0.093169
Train Epoch: 9 [38400/60000 (64%)]	Loss: 0.718976
Train Epoch: 9 [44800/60000 (75%)]	Loss: 0.296444
Train Epoch: 9 [51200/60000 (85%)]	Loss: 0.398757
Train Epoch: 9 [57600/60000 (96%)]	Loss: 0.323139

Test set: Average loss: 0.3299, Accuracy: 9027/10000 (90%)

Train Epoch: 10 [0/60000 (0%)]	Loss: 0.371403
Train Epoch: 10 [6400/60000 (11%)]	Loss: 0.231155
Train Epoch: 10 [12800/60000 (21%)]	Loss: 0.365786
Train Epoch: 10 [19200/60000 (32%)]	Loss: 0.281514
Train Epoch: 10 [25600/60000 (43%)]	Loss: 0.379516
Train Epoch: 10 [32000/60000 (53%)]	Loss: 0.454913
Train Epoch: 10 [38400/60000 (64%)]	Loss: 0.278445
Train Epoch: 10 [44800/60000 (75%)]	Loss: 0.329914
Train Epoch: 10 [51200/60000 (85%)]	Loss: 0.466643
Train Epoch: 10 [57600/60000 (96%)]	Loss: 0.286082

Test set: Average loss: 0.3523, Accuracy: 8927/10000 (89%)

Train Epoch: 11 [0/60000 (0%)]	Loss: 0.289060
Train Epoch: 11 [6400/60000 (11%)]	Loss: 0.528791
Train Epoch: 11 [12800/60000 (21%)]	Loss: 0.114381
Train Epoch: 11 [19200/60000 (32%)]	Loss: 0.367723
Train Epoch: 11 [25600/60000 (43%)]	Loss: 0.273039
Train Epoch: 11 [32000/60000 (53%)]	Loss: 0.393919
Train Epoch: 11 [38400/60000 (64%)]	Loss: 0.484113
Train Epoch: 11 [44800/60000 (75%)]	Loss: 0.476786
Train Epoch: 11 [51200/60000 (85%)]	Loss: 0.366368
Train Epoch: 11 [57600/60000 (96%)]	Loss: 0.425528

Test set: Average loss: 0.3489, Accuracy: 9002/10000 (90%)

Train Epoch: 12 [0/60000 (0%)]	Loss: 0.141917
Train Epoch: 12 [6400/60000 (11%)]	Loss: 0.798572
Train Epoch: 12 [12800/60000 (21%)]	Loss: 0.284322
Train Epoch: 12 [19200/60000 (32%)]	Loss: 0.397705
Train Epoch: 12 [25600/60000 (43%)]	Loss: 0.323942
Train Epoch: 12 [32000/60000 (53%)]	Loss: 0.324550
Train Epoch: 12 [38400/60000 (64%)]	Loss: 0.302652
Train Epoch: 12 [44800/60000 (75%)]	Loss: 0.737637
Train Epoch: 12 [51200/60000 (85%)]	Loss: 0.541984
Train Epoch: 12 [57600/60000 (96%)]	Loss: 0.588863

Test set: Average loss: 0.3788, Accuracy: 8832/10000 (88%)

Train Epoch: 13 [0/60000 (0%)]	Loss: 0.314989
Train Epoch: 13 [6400/60000 (11%)]	Loss: 0.446984
Train Epoch: 13 [12800/60000 (21%)]	Loss: 0.458425
Train Epoch: 13 [19200/60000 (32%)]	Loss: 0.245583
Train Epoch: 13 [25600/60000 (43%)]	Loss: 0.428609
Train Epoch: 13 [32000/60000 (53%)]	Loss: 0.304275
Train Epoch: 13 [38400/60000 (64%)]	Loss: 0.676504
Train Epoch: 13 [44800/60000 (75%)]	Loss: 0.444419
Train Epoch: 13 [51200/60000 (85%)]	Loss: 0.284047
Train Epoch: 13 [57600/60000 (96%)]	Loss: 0.391063

Test set: Average loss: 0.4429, Accuracy: 8730/10000 (87%)

Train Epoch: 14 [0/60000 (0%)]	Loss: 0.539070
Train Epoch: 14 [6400/60000 (11%)]	Loss: 0.450710
Train Epoch: 14 [12800/60000 (21%)]	Loss: 0.476383
Train Epoch: 14 [19200/60000 (32%)]	Loss: 0.136011
Train Epoch: 14 [25600/60000 (43%)]	Loss: 0.460025
Train Epoch: 14 [32000/60000 (53%)]	Loss: 0.432820
Train Epoch: 14 [38400/60000 (64%)]	Loss: 0.248508
Train Epoch: 14 [44800/60000 (75%)]	Loss: 0.165392
Train Epoch: 14 [51200/60000 (85%)]	Loss: 0.240210
Train Epoch: 14 [57600/60000 (96%)]	Loss: 0.331291

Test set: Average loss: 0.3499, Accuracy: 8994/10000 (90%)

Train Epoch: 15 [0/60000 (0%)]	Loss: 0.307446
Train Epoch: 15 [6400/60000 (11%)]	Loss: 0.206611
Train Epoch: 15 [12800/60000 (21%)]	Loss: 0.308864
Train Epoch: 15 [19200/60000 (32%)]	Loss: 0.071715
Train Epoch: 15 [25600/60000 (43%)]	Loss: 0.495539
Train Epoch: 15 [32000/60000 (53%)]	Loss: 0.248507
Train Epoch: 15 [38400/60000 (64%)]	Loss: 0.099538
Train Epoch: 15 [44800/60000 (75%)]	Loss: 0.283550
Train Epoch: 15 [51200/60000 (85%)]	Loss: 0.468226
Train Epoch: 15 [57600/60000 (96%)]	Loss: 0.326352

Test set: Average loss: 0.2959, Accuracy: 9114/10000 (91%)

Train Epoch: 16 [0/60000 (0%)]	Loss: 0.126473
Train Epoch: 16 [6400/60000 (11%)]	Loss: 0.622830
Train Epoch: 16 [12800/60000 (21%)]	Loss: 0.307005
Train Epoch: 16 [19200/60000 (32%)]	Loss: 0.120603
Train Epoch: 16 [25600/60000 (43%)]	Loss: 0.211408
Train Epoch: 16 [32000/60000 (53%)]	Loss: 0.348426
Train Epoch: 16 [38400/60000 (64%)]	Loss: 0.318110
Train Epoch: 16 [44800/60000 (75%)]	Loss: 0.201949
Train Epoch: 16 [51200/60000 (85%)]	Loss: 0.268434
Train Epoch: 16 [57600/60000 (96%)]	Loss: 0.103567

Test set: Average loss: 0.2551, Accuracy: 9227/10000 (92%)

Train Epoch: 17 [0/60000 (0%)]	Loss: 0.164698
Train Epoch: 17 [6400/60000 (11%)]	Loss: 0.251601
Train Epoch: 17 [12800/60000 (21%)]	Loss: 0.130282
Train Epoch: 17 [19200/60000 (32%)]	Loss: 0.091282
Train Epoch: 17 [25600/60000 (43%)]	Loss: 0.219245
Train Epoch: 17 [32000/60000 (53%)]	Loss: 0.135052
Train Epoch: 17 [38400/60000 (64%)]	Loss: 0.165611
Train Epoch: 17 [44800/60000 (75%)]	Loss: 0.140107
Train Epoch: 17 [51200/60000 (85%)]	Loss: 0.130435
Train Epoch: 17 [57600/60000 (96%)]	Loss: 0.402316

Test set: Average loss: 0.2531, Accuracy: 9286/10000 (93%)

Train Epoch: 18 [0/60000 (0%)]	Loss: 0.231960
Train Epoch: 18 [6400/60000 (11%)]	Loss: 0.049731
Train Epoch: 18 [12800/60000 (21%)]	Loss: 0.114800
Train Epoch: 18 [19200/60000 (32%)]	Loss: 0.290928
Train Epoch: 18 [25600/60000 (43%)]	Loss: 0.115743
Train Epoch: 18 [32000/60000 (53%)]	Loss: 0.125832
Train Epoch: 18 [38400/60000 (64%)]	Loss: 0.125050
Train Epoch: 18 [44800/60000 (75%)]	Loss: 0.148787
Train Epoch: 18 [51200/60000 (85%)]	Loss: 0.171610
Train Epoch: 18 [57600/60000 (96%)]	Loss: 0.116792

Test set: Average loss: 0.1707, Accuracy: 9483/10000 (95%)

Train Epoch: 19 [0/60000 (0%)]	Loss: 0.187764
Train Epoch: 19 [6400/60000 (11%)]	Loss: 0.132728
Train Epoch: 19 [12800/60000 (21%)]	Loss: 0.133652
Train Epoch: 19 [19200/60000 (32%)]	Loss: 0.132101
Train Epoch: 19 [25600/60000 (43%)]	Loss: 0.074086
Train Epoch: 19 [32000/60000 (53%)]	Loss: 0.030987
Train Epoch: 19 [38400/60000 (64%)]	Loss: 0.076152
Train Epoch: 19 [44800/60000 (75%)]	Loss: 0.071724
Train Epoch: 19 [51200/60000 (85%)]	Loss: 0.036490
Train Epoch: 19 [57600/60000 (96%)]	Loss: 0.095035

Test set: Average loss: 0.1262, Accuracy: 9619/10000 (96%)

Train Epoch: 20 [0/60000 (0%)]	Loss: 0.211824
Train Epoch: 20 [6400/60000 (11%)]	Loss: 0.051797
Train Epoch: 20 [12800/60000 (21%)]	Loss: 0.020443
Train Epoch: 20 [19200/60000 (32%)]	Loss: 0.085009
Train Epoch: 20 [25600/60000 (43%)]	Loss: 0.017246
Train Epoch: 20 [32000/60000 (53%)]	Loss: 0.030780
Train Epoch: 20 [38400/60000 (64%)]	Loss: 0.009693
Train Epoch: 20 [44800/60000 (75%)]	Loss: 0.055798
Train Epoch: 20 [51200/60000 (85%)]	Loss: 0.085440
Train Epoch: 20 [57600/60000 (96%)]	Loss: 0.102654

Test set: Average loss: 0.0955, Accuracy: 9738/10000 (97%)

Namespace(batch_size=64, bias=None, data='../data', device=1, epochs=20, hidden_size=500, load_weights=None, log_interval=100, lr=0.1, milestones=[5, 7], model='redfc2', momentum=0.9, no_cuda=False, r=5, save_model=None, save_results=True, scheduler='cosine', seed=1, sparsity=0.25, use_relu=False, wd=0.0005)


Total time spent pruning/training: 2.16 minutes
Total number of parameters in model: 1991420
Number of parameters in pruned model: 1493565
