Namespace(batch_size=64, bias=None, data='../data', device=1, epochs=20, hidden_size=500, load_weights=None, log_interval=100, lr=0.1, milestones=[5, 7], model='redfc2', momentum=0.9, no_cuda=False, r=5, save_model=None, save_results=True, scheduler='cosine', seed=1, sparsity=0.99, use_relu=False, wd=0.0005) 

Pruning a Two-Layer Fully Connected Redundant Network ...
Train Epoch: 1 [0/60000 (0%)]	Loss: 2.302597
Train Epoch: 1 [6400/60000 (11%)]	Loss: 2.302585
Train Epoch: 1 [12800/60000 (21%)]	Loss: 2.302585
Train Epoch: 1 [19200/60000 (32%)]	Loss: 2.302585
Train Epoch: 1 [25600/60000 (43%)]	Loss: 2.302585
Train Epoch: 1 [32000/60000 (53%)]	Loss: 2.302585
Train Epoch: 1 [38400/60000 (64%)]	Loss: 2.302585
Train Epoch: 1 [44800/60000 (75%)]	Loss: 2.302522
Train Epoch: 1 [51200/60000 (85%)]	Loss: 2.302516
Train Epoch: 1 [57600/60000 (96%)]	Loss: 2.302345

Test set: Average loss: 2.3024, Accuracy: 1007/10000 (10%)

Train Epoch: 2 [0/60000 (0%)]	Loss: 2.302313
Train Epoch: 2 [6400/60000 (11%)]	Loss: 2.301894
Train Epoch: 2 [12800/60000 (21%)]	Loss: 2.300025
Train Epoch: 2 [19200/60000 (32%)]	Loss: 2.300680
Train Epoch: 2 [25600/60000 (43%)]	Loss: 2.300108
Train Epoch: 2 [32000/60000 (53%)]	Loss: 2.300264
Train Epoch: 2 [38400/60000 (64%)]	Loss: 2.297282
Train Epoch: 2 [44800/60000 (75%)]	Loss: 2.294590
Train Epoch: 2 [51200/60000 (85%)]	Loss: 2.283569
Train Epoch: 2 [57600/60000 (96%)]	Loss: 2.290128

Test set: Average loss: 2.2790, Accuracy: 1497/10000 (15%)

Train Epoch: 3 [0/60000 (0%)]	Loss: 2.267534
Train Epoch: 3 [6400/60000 (11%)]	Loss: 2.267851
Train Epoch: 3 [12800/60000 (21%)]	Loss: 2.292489
Train Epoch: 3 [19200/60000 (32%)]	Loss: 2.271836
Train Epoch: 3 [25600/60000 (43%)]	Loss: 2.274031
Train Epoch: 3 [32000/60000 (53%)]	Loss: 2.260058
Train Epoch: 3 [38400/60000 (64%)]	Loss: 2.266339
Train Epoch: 3 [44800/60000 (75%)]	Loss: 2.262791
Train Epoch: 3 [51200/60000 (85%)]	Loss: 2.256470
Train Epoch: 3 [57600/60000 (96%)]	Loss: 2.231389

Test set: Average loss: 2.2613, Accuracy: 1843/10000 (18%)

Train Epoch: 4 [0/60000 (0%)]	Loss: 2.273748
Train Epoch: 4 [6400/60000 (11%)]	Loss: 2.224603
Train Epoch: 4 [12800/60000 (21%)]	Loss: 2.250954
Train Epoch: 4 [19200/60000 (32%)]	Loss: 2.255249
Train Epoch: 4 [25600/60000 (43%)]	Loss: 2.241625
Train Epoch: 4 [32000/60000 (53%)]	Loss: 2.245919
Train Epoch: 4 [38400/60000 (64%)]	Loss: 2.263049
Train Epoch: 4 [44800/60000 (75%)]	Loss: 2.255932
Train Epoch: 4 [51200/60000 (85%)]	Loss: 2.253127
Train Epoch: 4 [57600/60000 (96%)]	Loss: 2.271667

Test set: Average loss: 2.2472, Accuracy: 2070/10000 (21%)

Train Epoch: 5 [0/60000 (0%)]	Loss: 2.250731
Train Epoch: 5 [6400/60000 (11%)]	Loss: 2.275839
Train Epoch: 5 [12800/60000 (21%)]	Loss: 2.243356
Train Epoch: 5 [19200/60000 (32%)]	Loss: 2.235310
Train Epoch: 5 [25600/60000 (43%)]	Loss: 2.235169
Train Epoch: 5 [32000/60000 (53%)]	Loss: 2.235367
Train Epoch: 5 [38400/60000 (64%)]	Loss: 2.255008
Train Epoch: 5 [44800/60000 (75%)]	Loss: 2.249106
Train Epoch: 5 [51200/60000 (85%)]	Loss: 2.256123
Train Epoch: 5 [57600/60000 (96%)]	Loss: 2.235049

Test set: Average loss: 2.2142, Accuracy: 2406/10000 (24%)

Train Epoch: 6 [0/60000 (0%)]	Loss: 2.236940
Train Epoch: 6 [6400/60000 (11%)]	Loss: 2.269516
Train Epoch: 6 [12800/60000 (21%)]	Loss: 2.226698
Train Epoch: 6 [19200/60000 (32%)]	Loss: 2.184739
Train Epoch: 6 [25600/60000 (43%)]	Loss: 2.217653
Train Epoch: 6 [32000/60000 (53%)]	Loss: 2.210877
Train Epoch: 6 [38400/60000 (64%)]	Loss: 2.294841
Train Epoch: 6 [44800/60000 (75%)]	Loss: 2.210842
Train Epoch: 6 [51200/60000 (85%)]	Loss: 2.193714
Train Epoch: 6 [57600/60000 (96%)]	Loss: 2.237474

Test set: Average loss: 2.2019, Accuracy: 2648/10000 (26%)

Train Epoch: 7 [0/60000 (0%)]	Loss: 2.235253
Train Epoch: 7 [6400/60000 (11%)]	Loss: 2.254904
Train Epoch: 7 [12800/60000 (21%)]	Loss: 2.201567
Train Epoch: 7 [19200/60000 (32%)]	Loss: 2.219362
Train Epoch: 7 [25600/60000 (43%)]	Loss: 2.224622
Train Epoch: 7 [32000/60000 (53%)]	Loss: 2.246608
Train Epoch: 7 [38400/60000 (64%)]	Loss: 2.202975
Train Epoch: 7 [44800/60000 (75%)]	Loss: 2.151717
Train Epoch: 7 [51200/60000 (85%)]	Loss: 2.233350
Train Epoch: 7 [57600/60000 (96%)]	Loss: 2.210196

Test set: Average loss: 2.1995, Accuracy: 2830/10000 (28%)

Train Epoch: 8 [0/60000 (0%)]	Loss: 2.240991
Train Epoch: 8 [6400/60000 (11%)]	Loss: 2.239039
Train Epoch: 8 [12800/60000 (21%)]	Loss: 2.219166
Train Epoch: 8 [19200/60000 (32%)]	Loss: 2.214279
Train Epoch: 8 [25600/60000 (43%)]	Loss: 2.190035
Train Epoch: 8 [32000/60000 (53%)]	Loss: 2.185167
Train Epoch: 8 [38400/60000 (64%)]	Loss: 2.236631
Train Epoch: 8 [44800/60000 (75%)]	Loss: 2.217224
Train Epoch: 8 [51200/60000 (85%)]	Loss: 2.233697
Train Epoch: 8 [57600/60000 (96%)]	Loss: 2.223110

Test set: Average loss: 2.2004, Accuracy: 2766/10000 (28%)

Train Epoch: 9 [0/60000 (0%)]	Loss: 2.195752
Train Epoch: 9 [6400/60000 (11%)]	Loss: 2.168947
Train Epoch: 9 [12800/60000 (21%)]	Loss: 2.213482
Train Epoch: 9 [19200/60000 (32%)]	Loss: 2.208781
Train Epoch: 9 [25600/60000 (43%)]	Loss: 2.215924
Train Epoch: 9 [32000/60000 (53%)]	Loss: 2.187693
Train Epoch: 9 [38400/60000 (64%)]	Loss: 2.211554
Train Epoch: 9 [44800/60000 (75%)]	Loss: 2.220335
Train Epoch: 9 [51200/60000 (85%)]	Loss: 2.211945
Train Epoch: 9 [57600/60000 (96%)]	Loss: 2.163508

Test set: Average loss: 2.1934, Accuracy: 2966/10000 (30%)

Train Epoch: 10 [0/60000 (0%)]	Loss: 2.225779
Train Epoch: 10 [6400/60000 (11%)]	Loss: 2.221390
Train Epoch: 10 [12800/60000 (21%)]	Loss: 2.212782
Train Epoch: 10 [19200/60000 (32%)]	Loss: 2.193091
Train Epoch: 10 [25600/60000 (43%)]	Loss: 2.203255
Train Epoch: 10 [32000/60000 (53%)]	Loss: 2.182655
Train Epoch: 10 [38400/60000 (64%)]	Loss: 2.142336
Train Epoch: 10 [44800/60000 (75%)]	Loss: 2.211290
Train Epoch: 10 [51200/60000 (85%)]	Loss: 2.208014
Train Epoch: 10 [57600/60000 (96%)]	Loss: 2.183207

Test set: Average loss: 2.1790, Accuracy: 2934/10000 (29%)

Train Epoch: 11 [0/60000 (0%)]	Loss: 2.206596
Train Epoch: 11 [6400/60000 (11%)]	Loss: 2.194747
Train Epoch: 11 [12800/60000 (21%)]	Loss: 2.175314
Train Epoch: 11 [19200/60000 (32%)]	Loss: 2.176928
Train Epoch: 11 [25600/60000 (43%)]	Loss: 2.184349
Train Epoch: 11 [32000/60000 (53%)]	Loss: 2.157379
Train Epoch: 11 [38400/60000 (64%)]	Loss: 2.202294
Train Epoch: 11 [44800/60000 (75%)]	Loss: 2.181603
Train Epoch: 11 [51200/60000 (85%)]	Loss: 2.177626
Train Epoch: 11 [57600/60000 (96%)]	Loss: 2.213299

Test set: Average loss: 2.1773, Accuracy: 3015/10000 (30%)

Train Epoch: 12 [0/60000 (0%)]	Loss: 2.182144
Train Epoch: 12 [6400/60000 (11%)]	Loss: 2.199952
Train Epoch: 12 [12800/60000 (21%)]	Loss: 2.211968
Train Epoch: 12 [19200/60000 (32%)]	Loss: 2.185036
Train Epoch: 12 [25600/60000 (43%)]	Loss: 2.187796
Train Epoch: 12 [32000/60000 (53%)]	Loss: 2.175842
Train Epoch: 12 [38400/60000 (64%)]	Loss: 2.185604
Train Epoch: 12 [44800/60000 (75%)]	Loss: 2.196611
Train Epoch: 12 [51200/60000 (85%)]	Loss: 2.174948
Train Epoch: 12 [57600/60000 (96%)]	Loss: 2.169705

Test set: Average loss: 2.1596, Accuracy: 3743/10000 (37%)

Train Epoch: 13 [0/60000 (0%)]	Loss: 2.180874
Train Epoch: 13 [6400/60000 (11%)]	Loss: 2.185546
Train Epoch: 13 [12800/60000 (21%)]	Loss: 2.180456
Train Epoch: 13 [19200/60000 (32%)]	Loss: 2.184606
Train Epoch: 13 [25600/60000 (43%)]	Loss: 2.194937
Train Epoch: 13 [32000/60000 (53%)]	Loss: 2.150720
Train Epoch: 13 [38400/60000 (64%)]	Loss: 2.177041
Train Epoch: 13 [44800/60000 (75%)]	Loss: 2.174464
Train Epoch: 13 [51200/60000 (85%)]	Loss: 2.172827
Train Epoch: 13 [57600/60000 (96%)]	Loss: 2.185127

Test set: Average loss: 2.1588, Accuracy: 3408/10000 (34%)

Train Epoch: 14 [0/60000 (0%)]	Loss: 2.170030
Train Epoch: 14 [6400/60000 (11%)]	Loss: 2.129365
Train Epoch: 14 [12800/60000 (21%)]	Loss: 2.155467
Train Epoch: 14 [19200/60000 (32%)]	Loss: 2.180614
Train Epoch: 14 [25600/60000 (43%)]	Loss: 2.158015
Train Epoch: 14 [32000/60000 (53%)]	Loss: 2.172285
Train Epoch: 14 [38400/60000 (64%)]	Loss: 2.183187
Train Epoch: 14 [44800/60000 (75%)]	Loss: 2.155315
Train Epoch: 14 [51200/60000 (85%)]	Loss: 2.177703
Train Epoch: 14 [57600/60000 (96%)]	Loss: 2.162394

Test set: Average loss: 2.1512, Accuracy: 3703/10000 (37%)

Train Epoch: 15 [0/60000 (0%)]	Loss: 2.168231
Train Epoch: 15 [6400/60000 (11%)]	Loss: 2.168388
Train Epoch: 15 [12800/60000 (21%)]	Loss: 2.121519
Train Epoch: 15 [19200/60000 (32%)]	Loss: 2.154061
Train Epoch: 15 [25600/60000 (43%)]	Loss: 2.167413
Train Epoch: 15 [32000/60000 (53%)]	Loss: 2.128884
Train Epoch: 15 [38400/60000 (64%)]	Loss: 2.141069
Train Epoch: 15 [44800/60000 (75%)]	Loss: 2.170339
Train Epoch: 15 [51200/60000 (85%)]	Loss: 2.169261
Train Epoch: 15 [57600/60000 (96%)]	Loss: 2.080328

Test set: Average loss: 2.1484, Accuracy: 3545/10000 (35%)

Train Epoch: 16 [0/60000 (0%)]	Loss: 2.176293
Train Epoch: 16 [6400/60000 (11%)]	Loss: 2.175963
Train Epoch: 16 [12800/60000 (21%)]	Loss: 2.156724
Train Epoch: 16 [19200/60000 (32%)]	Loss: 2.164237
Train Epoch: 16 [25600/60000 (43%)]	Loss: 2.122049
Train Epoch: 16 [32000/60000 (53%)]	Loss: 2.143675
Train Epoch: 16 [38400/60000 (64%)]	Loss: 2.149095
Train Epoch: 16 [44800/60000 (75%)]	Loss: 2.154435
Train Epoch: 16 [51200/60000 (85%)]	Loss: 2.165235
Train Epoch: 16 [57600/60000 (96%)]	Loss: 2.150174

Test set: Average loss: 2.1376, Accuracy: 3908/10000 (39%)

Train Epoch: 17 [0/60000 (0%)]	Loss: 2.143024
Train Epoch: 17 [6400/60000 (11%)]	Loss: 2.153538
Train Epoch: 17 [12800/60000 (21%)]	Loss: 2.132439
Train Epoch: 17 [19200/60000 (32%)]	Loss: 2.136646
Train Epoch: 17 [25600/60000 (43%)]	Loss: 2.192962
Train Epoch: 17 [32000/60000 (53%)]	Loss: 2.166379
Train Epoch: 17 [38400/60000 (64%)]	Loss: 2.122380
Train Epoch: 17 [44800/60000 (75%)]	Loss: 2.140612
Train Epoch: 17 [51200/60000 (85%)]	Loss: 2.100329
Train Epoch: 17 [57600/60000 (96%)]	Loss: 2.203731

Test set: Average loss: 2.1334, Accuracy: 3574/10000 (36%)

Train Epoch: 18 [0/60000 (0%)]	Loss: 2.175480
Train Epoch: 18 [6400/60000 (11%)]	Loss: 2.163553
Train Epoch: 18 [12800/60000 (21%)]	Loss: 2.121135
Train Epoch: 18 [19200/60000 (32%)]	Loss: 2.161260
Train Epoch: 18 [25600/60000 (43%)]	Loss: 2.169553
Train Epoch: 18 [32000/60000 (53%)]	Loss: 2.146972
Train Epoch: 18 [38400/60000 (64%)]	Loss: 2.152149
Train Epoch: 18 [44800/60000 (75%)]	Loss: 2.157703
Train Epoch: 18 [51200/60000 (85%)]	Loss: 2.142863
Train Epoch: 18 [57600/60000 (96%)]	Loss: 2.149995

Test set: Average loss: 2.1292, Accuracy: 3596/10000 (36%)

Train Epoch: 19 [0/60000 (0%)]	Loss: 2.116347
Train Epoch: 19 [6400/60000 (11%)]	Loss: 2.156347
Train Epoch: 19 [12800/60000 (21%)]	Loss: 2.171947
Train Epoch: 19 [19200/60000 (32%)]	Loss: 2.132576
Train Epoch: 19 [25600/60000 (43%)]	Loss: 2.154037
Train Epoch: 19 [32000/60000 (53%)]	Loss: 2.127940
Train Epoch: 19 [38400/60000 (64%)]	Loss: 2.197363
Train Epoch: 19 [44800/60000 (75%)]	Loss: 2.158394
Train Epoch: 19 [51200/60000 (85%)]	Loss: 2.148849
Train Epoch: 19 [57600/60000 (96%)]	Loss: 2.136569

Test set: Average loss: 2.1287, Accuracy: 3609/10000 (36%)

Train Epoch: 20 [0/60000 (0%)]	Loss: 2.152202
Train Epoch: 20 [6400/60000 (11%)]	Loss: 2.160010
Train Epoch: 20 [12800/60000 (21%)]	Loss: 2.151203
Train Epoch: 20 [19200/60000 (32%)]	Loss: 2.165642
Train Epoch: 20 [25600/60000 (43%)]	Loss: 2.118486
Train Epoch: 20 [32000/60000 (53%)]	Loss: 2.134602
Train Epoch: 20 [38400/60000 (64%)]	Loss: 2.185304
Train Epoch: 20 [44800/60000 (75%)]	Loss: 2.150056
Train Epoch: 20 [51200/60000 (85%)]	Loss: 2.112873
Train Epoch: 20 [57600/60000 (96%)]	Loss: 2.111108

Test set: Average loss: 2.1270, Accuracy: 3732/10000 (37%)

Namespace(batch_size=64, bias=None, data='../data', device=1, epochs=20, hidden_size=500, load_weights=None, log_interval=100, lr=0.1, milestones=[5, 7], model='redfc2', momentum=0.9, no_cuda=False, r=5, save_model=None, save_results=True, scheduler='cosine', seed=1, sparsity=0.99, use_relu=False, wd=0.0005)


Total time spent pruning/training: 2.17 minutes
Total number of parameters in model: 1991420
Number of parameters in pruned model: 19914
