Namespace(batch_size=64, bias=None, data='../data', device=0, epochs=30, hidden_size=500, load_weights=None, log_interval=100, lr=0.1, milestones=[5, 7], model='redfc2', momentum=0.9, no_cuda=False, r=5, save_model=None, save_results=True, scheduler='cosine', seed=1, sparsity=0.99, use_relu=True, wd=0.0005) 

Pruning a Two-Layer Fully Connected Redundant Network ...
Train Epoch: 1 [0/60000 (0%)]	Loss: 2.302585
Train Epoch: 1 [6400/60000 (11%)]	Loss: 2.302585
Train Epoch: 1 [12800/60000 (21%)]	Loss: 2.302585
Train Epoch: 1 [19200/60000 (32%)]	Loss: 2.302585
Train Epoch: 1 [25600/60000 (43%)]	Loss: 2.302585
Train Epoch: 1 [32000/60000 (53%)]	Loss: 2.302585
Train Epoch: 1 [38400/60000 (64%)]	Loss: 2.302585
Train Epoch: 1 [44800/60000 (75%)]	Loss: 2.302526
Train Epoch: 1 [51200/60000 (85%)]	Loss: 2.302522
Train Epoch: 1 [57600/60000 (96%)]	Loss: 2.302534

Test set: Average loss: 2.3024, Accuracy: 1010/10000 (10%)

Train Epoch: 2 [0/60000 (0%)]	Loss: 2.302329
Train Epoch: 2 [6400/60000 (11%)]	Loss: 2.302239
Train Epoch: 2 [12800/60000 (21%)]	Loss: 2.300906
Train Epoch: 2 [19200/60000 (32%)]	Loss: 2.301601
Train Epoch: 2 [25600/60000 (43%)]	Loss: 2.300941
Train Epoch: 2 [32000/60000 (53%)]	Loss: 2.301545
Train Epoch: 2 [38400/60000 (64%)]	Loss: 2.301386
Train Epoch: 2 [44800/60000 (75%)]	Loss: 2.301171
Train Epoch: 2 [51200/60000 (85%)]	Loss: 2.301535
Train Epoch: 2 [57600/60000 (96%)]	Loss: 2.301736

Test set: Average loss: 2.3015, Accuracy: 1734/10000 (17%)

Train Epoch: 3 [0/60000 (0%)]	Loss: 2.301033
Train Epoch: 3 [6400/60000 (11%)]	Loss: 2.301176
Train Epoch: 3 [12800/60000 (21%)]	Loss: 2.302121
Train Epoch: 3 [19200/60000 (32%)]	Loss: 2.301296
Train Epoch: 3 [25600/60000 (43%)]	Loss: 2.301846
Train Epoch: 3 [32000/60000 (53%)]	Loss: 2.301645
Train Epoch: 3 [38400/60000 (64%)]	Loss: 2.301240
Train Epoch: 3 [44800/60000 (75%)]	Loss: 2.301018
Train Epoch: 3 [51200/60000 (85%)]	Loss: 2.301763
Train Epoch: 3 [57600/60000 (96%)]	Loss: 2.300707

Test set: Average loss: 2.3015, Accuracy: 1744/10000 (17%)

Train Epoch: 4 [0/60000 (0%)]	Loss: 2.300986
Train Epoch: 4 [6400/60000 (11%)]	Loss: 2.301088
Train Epoch: 4 [12800/60000 (21%)]	Loss: 2.302571
Train Epoch: 4 [19200/60000 (32%)]	Loss: 2.301701
Train Epoch: 4 [25600/60000 (43%)]	Loss: 2.301897
Train Epoch: 4 [32000/60000 (53%)]	Loss: 2.301807
Train Epoch: 4 [38400/60000 (64%)]	Loss: 2.301368
Train Epoch: 4 [44800/60000 (75%)]	Loss: 2.300404
Train Epoch: 4 [51200/60000 (85%)]	Loss: 2.300601
Train Epoch: 4 [57600/60000 (96%)]	Loss: 2.301701

Test set: Average loss: 2.3014, Accuracy: 1743/10000 (17%)

Train Epoch: 5 [0/60000 (0%)]	Loss: 2.300624
Train Epoch: 5 [6400/60000 (11%)]	Loss: 2.302022
Train Epoch: 5 [12800/60000 (21%)]	Loss: 2.300922
Train Epoch: 5 [19200/60000 (32%)]	Loss: 2.301754
Train Epoch: 5 [25600/60000 (43%)]	Loss: 2.301140
Train Epoch: 5 [32000/60000 (53%)]	Loss: 2.301106
Train Epoch: 5 [38400/60000 (64%)]	Loss: 2.301823
Train Epoch: 5 [44800/60000 (75%)]	Loss: 2.300776
Train Epoch: 5 [51200/60000 (85%)]	Loss: 2.302531
Train Epoch: 5 [57600/60000 (96%)]	Loss: 2.302638

Test set: Average loss: 2.3014, Accuracy: 1743/10000 (17%)

Train Epoch: 6 [0/60000 (0%)]	Loss: 2.300982
Train Epoch: 6 [6400/60000 (11%)]	Loss: 2.302354
Train Epoch: 6 [12800/60000 (21%)]	Loss: 2.301614
Train Epoch: 6 [19200/60000 (32%)]	Loss: 2.301788
Train Epoch: 6 [25600/60000 (43%)]	Loss: 2.301735
Train Epoch: 6 [32000/60000 (53%)]	Loss: 2.301440
Train Epoch: 6 [38400/60000 (64%)]	Loss: 2.301958
Train Epoch: 6 [44800/60000 (75%)]	Loss: 2.302106
Train Epoch: 6 [51200/60000 (85%)]	Loss: 2.301028
Train Epoch: 6 [57600/60000 (96%)]	Loss: 2.302232

Test set: Average loss: 2.3014, Accuracy: 1742/10000 (17%)

Train Epoch: 7 [0/60000 (0%)]	Loss: 2.300214
Train Epoch: 7 [6400/60000 (11%)]	Loss: 2.301201
Train Epoch: 7 [12800/60000 (21%)]	Loss: 2.301546
Train Epoch: 7 [19200/60000 (32%)]	Loss: 2.300976
Train Epoch: 7 [25600/60000 (43%)]	Loss: 2.302149
Train Epoch: 7 [32000/60000 (53%)]	Loss: 2.301071
Train Epoch: 7 [38400/60000 (64%)]	Loss: 2.299680
Train Epoch: 7 [44800/60000 (75%)]	Loss: 2.301406
Train Epoch: 7 [51200/60000 (85%)]	Loss: 2.302032
Train Epoch: 7 [57600/60000 (96%)]	Loss: 2.300876

Test set: Average loss: 2.3011, Accuracy: 1754/10000 (18%)

Train Epoch: 8 [0/60000 (0%)]	Loss: 2.299556
Train Epoch: 8 [6400/60000 (11%)]	Loss: 2.301737
Train Epoch: 8 [12800/60000 (21%)]	Loss: 2.301398
Train Epoch: 8 [19200/60000 (32%)]	Loss: 2.301612
Train Epoch: 8 [25600/60000 (43%)]	Loss: 2.300871
Train Epoch: 8 [32000/60000 (53%)]	Loss: 2.299925
Train Epoch: 8 [38400/60000 (64%)]	Loss: 2.300857
Train Epoch: 8 [44800/60000 (75%)]	Loss: 2.301520
Train Epoch: 8 [51200/60000 (85%)]	Loss: 2.301332
Train Epoch: 8 [57600/60000 (96%)]	Loss: 2.302941

Test set: Average loss: 2.3005, Accuracy: 1786/10000 (18%)

Train Epoch: 9 [0/60000 (0%)]	Loss: 2.299589
Train Epoch: 9 [6400/60000 (11%)]	Loss: 2.300003
Train Epoch: 9 [12800/60000 (21%)]	Loss: 2.302559
Train Epoch: 9 [19200/60000 (32%)]	Loss: 2.298848
Train Epoch: 9 [25600/60000 (43%)]	Loss: 2.301149
Train Epoch: 9 [32000/60000 (53%)]	Loss: 2.299478
Train Epoch: 9 [38400/60000 (64%)]	Loss: 2.300120
Train Epoch: 9 [44800/60000 (75%)]	Loss: 2.299607
Train Epoch: 9 [51200/60000 (85%)]	Loss: 2.300553
Train Epoch: 9 [57600/60000 (96%)]	Loss: 2.299217

Test set: Average loss: 2.3005, Accuracy: 1786/10000 (18%)

Train Epoch: 10 [0/60000 (0%)]	Loss: 2.300133
Train Epoch: 10 [6400/60000 (11%)]	Loss: 2.300811
Train Epoch: 10 [12800/60000 (21%)]	Loss: 2.299799
Train Epoch: 10 [19200/60000 (32%)]	Loss: 2.300071
Train Epoch: 10 [25600/60000 (43%)]	Loss: 2.300815
Train Epoch: 10 [32000/60000 (53%)]	Loss: 2.301958
Train Epoch: 10 [38400/60000 (64%)]	Loss: 2.300215
Train Epoch: 10 [44800/60000 (75%)]	Loss: 2.301743
Train Epoch: 10 [51200/60000 (85%)]	Loss: 2.299496
Train Epoch: 10 [57600/60000 (96%)]	Loss: 2.298890

Test set: Average loss: 2.3005, Accuracy: 1787/10000 (18%)

Train Epoch: 11 [0/60000 (0%)]	Loss: 2.301134
Train Epoch: 11 [6400/60000 (11%)]	Loss: 2.300505
Train Epoch: 11 [12800/60000 (21%)]	Loss: 2.298465
Train Epoch: 11 [19200/60000 (32%)]	Loss: 2.298952
Train Epoch: 11 [25600/60000 (43%)]	Loss: 2.302308
Train Epoch: 11 [32000/60000 (53%)]	Loss: 2.300812
Train Epoch: 11 [38400/60000 (64%)]	Loss: 2.299561
Train Epoch: 11 [44800/60000 (75%)]	Loss: 2.299044
Train Epoch: 11 [51200/60000 (85%)]	Loss: 2.300138
Train Epoch: 11 [57600/60000 (96%)]	Loss: 2.298708

Test set: Average loss: 2.2997, Accuracy: 1838/10000 (18%)

Train Epoch: 12 [0/60000 (0%)]	Loss: 2.302031
Train Epoch: 12 [6400/60000 (11%)]	Loss: 2.302742
Train Epoch: 12 [12800/60000 (21%)]	Loss: 2.299963
Train Epoch: 12 [19200/60000 (32%)]	Loss: 2.301645
Train Epoch: 12 [25600/60000 (43%)]	Loss: 2.301350
Train Epoch: 12 [32000/60000 (53%)]	Loss: 2.300526
Train Epoch: 12 [38400/60000 (64%)]	Loss: 2.299855
Train Epoch: 12 [44800/60000 (75%)]	Loss: 2.300292
Train Epoch: 12 [51200/60000 (85%)]	Loss: 2.300231
Train Epoch: 12 [57600/60000 (96%)]	Loss: 2.300129

Test set: Average loss: 2.2999, Accuracy: 1734/10000 (17%)

Train Epoch: 13 [0/60000 (0%)]	Loss: 2.300596
Train Epoch: 13 [6400/60000 (11%)]	Loss: 2.300003
Train Epoch: 13 [12800/60000 (21%)]	Loss: 2.298234
Train Epoch: 13 [19200/60000 (32%)]	Loss: 2.300175
Train Epoch: 13 [25600/60000 (43%)]	Loss: 2.300558
Train Epoch: 13 [32000/60000 (53%)]	Loss: 2.299532
Train Epoch: 13 [38400/60000 (64%)]	Loss: 2.300278
Train Epoch: 13 [44800/60000 (75%)]	Loss: 2.299853
Train Epoch: 13 [51200/60000 (85%)]	Loss: 2.300551
Train Epoch: 13 [57600/60000 (96%)]	Loss: 2.299007

Test set: Average loss: 2.2999, Accuracy: 1725/10000 (17%)

Train Epoch: 14 [0/60000 (0%)]	Loss: 2.299874
Train Epoch: 14 [6400/60000 (11%)]	Loss: 2.301804
Train Epoch: 14 [12800/60000 (21%)]	Loss: 2.299102
Train Epoch: 14 [19200/60000 (32%)]	Loss: 2.300688
Train Epoch: 14 [25600/60000 (43%)]	Loss: 2.297495
Train Epoch: 14 [32000/60000 (53%)]	Loss: 2.299450
Train Epoch: 14 [38400/60000 (64%)]	Loss: 2.300462
Train Epoch: 14 [44800/60000 (75%)]	Loss: 2.301641
Train Epoch: 14 [51200/60000 (85%)]	Loss: 2.299430
Train Epoch: 14 [57600/60000 (96%)]	Loss: 2.296697

Test set: Average loss: 2.3002, Accuracy: 1743/10000 (17%)

Train Epoch: 15 [0/60000 (0%)]	Loss: 2.300592
Train Epoch: 15 [6400/60000 (11%)]	Loss: 2.301934
Train Epoch: 15 [12800/60000 (21%)]	Loss: 2.300356
Train Epoch: 15 [19200/60000 (32%)]	Loss: 2.300602
Train Epoch: 15 [25600/60000 (43%)]	Loss: 2.298428
Train Epoch: 15 [32000/60000 (53%)]	Loss: 2.296959
Train Epoch: 15 [38400/60000 (64%)]	Loss: 2.300143
Train Epoch: 15 [44800/60000 (75%)]	Loss: 2.301311
Train Epoch: 15 [51200/60000 (85%)]	Loss: 2.302523
Train Epoch: 15 [57600/60000 (96%)]	Loss: 2.299725

Test set: Average loss: 2.3002, Accuracy: 1721/10000 (17%)

Train Epoch: 16 [0/60000 (0%)]	Loss: 2.301681
Train Epoch: 16 [6400/60000 (11%)]	Loss: 2.301244
Train Epoch: 16 [12800/60000 (21%)]	Loss: 2.301038
Train Epoch: 16 [19200/60000 (32%)]	Loss: 2.299814
Train Epoch: 16 [25600/60000 (43%)]	Loss: 2.298173
Train Epoch: 16 [32000/60000 (53%)]	Loss: 2.298589
Train Epoch: 16 [38400/60000 (64%)]	Loss: 2.300161
Train Epoch: 16 [44800/60000 (75%)]	Loss: 2.298987
Train Epoch: 16 [51200/60000 (85%)]	Loss: 2.298249
Train Epoch: 16 [57600/60000 (96%)]	Loss: 2.300949

Test set: Average loss: 2.3010, Accuracy: 1008/10000 (10%)

Train Epoch: 17 [0/60000 (0%)]	Loss: 2.300032
Train Epoch: 17 [6400/60000 (11%)]	Loss: 2.300193
Train Epoch: 17 [12800/60000 (21%)]	Loss: 2.299181
Train Epoch: 17 [19200/60000 (32%)]	Loss: 2.302760
Train Epoch: 17 [25600/60000 (43%)]	Loss: 2.301045
Train Epoch: 17 [32000/60000 (53%)]	Loss: 2.303127
Train Epoch: 17 [38400/60000 (64%)]	Loss: 2.302667
Train Epoch: 17 [44800/60000 (75%)]	Loss: 2.302071
Train Epoch: 17 [51200/60000 (85%)]	Loss: 2.300841
Train Epoch: 17 [57600/60000 (96%)]	Loss: 2.300155

Test set: Average loss: 2.3005, Accuracy: 1007/10000 (10%)

Train Epoch: 18 [0/60000 (0%)]	Loss: 2.301489
Train Epoch: 18 [6400/60000 (11%)]	Loss: 2.298885
Train Epoch: 18 [12800/60000 (21%)]	Loss: 2.300341
Train Epoch: 18 [19200/60000 (32%)]	Loss: 2.299338
Train Epoch: 18 [25600/60000 (43%)]	Loss: 2.297069
Train Epoch: 18 [32000/60000 (53%)]	Loss: 2.300074
Train Epoch: 18 [38400/60000 (64%)]	Loss: 2.301139
Train Epoch: 18 [44800/60000 (75%)]	Loss: 2.300426
Train Epoch: 18 [51200/60000 (85%)]	Loss: 2.298950
Train Epoch: 18 [57600/60000 (96%)]	Loss: 2.300472

Test set: Average loss: 2.3005, Accuracy: 1022/10000 (10%)

Train Epoch: 19 [0/60000 (0%)]	Loss: 2.300286
Train Epoch: 19 [6400/60000 (11%)]	Loss: 2.301170
Train Epoch: 19 [12800/60000 (21%)]	Loss: 2.301877
Train Epoch: 19 [19200/60000 (32%)]	Loss: 2.301623
Train Epoch: 19 [25600/60000 (43%)]	Loss: 2.301877
Train Epoch: 19 [32000/60000 (53%)]	Loss: 2.302387
Train Epoch: 19 [38400/60000 (64%)]	Loss: 2.300567
Train Epoch: 19 [44800/60000 (75%)]	Loss: 2.299768
Train Epoch: 19 [51200/60000 (85%)]	Loss: 2.301274
Train Epoch: 19 [57600/60000 (96%)]	Loss: 2.299296

Test set: Average loss: 2.2997, Accuracy: 1288/10000 (13%)

Train Epoch: 20 [0/60000 (0%)]	Loss: 2.301090
Train Epoch: 20 [6400/60000 (11%)]	Loss: 2.300263
Train Epoch: 20 [12800/60000 (21%)]	Loss: 2.299580
Train Epoch: 20 [19200/60000 (32%)]	Loss: 2.300925
Train Epoch: 20 [25600/60000 (43%)]	Loss: 2.298772
Train Epoch: 20 [32000/60000 (53%)]	Loss: 2.299633
Train Epoch: 20 [38400/60000 (64%)]	Loss: 2.300335
Train Epoch: 20 [44800/60000 (75%)]	Loss: 2.300102
Train Epoch: 20 [51200/60000 (85%)]	Loss: 2.298673
Train Epoch: 20 [57600/60000 (96%)]	Loss: 2.298842

Test set: Average loss: 2.3004, Accuracy: 1192/10000 (12%)

Train Epoch: 21 [0/60000 (0%)]	Loss: 2.299690
Train Epoch: 21 [6400/60000 (11%)]	Loss: 2.299521
Train Epoch: 21 [12800/60000 (21%)]	Loss: 2.299815
Train Epoch: 21 [19200/60000 (32%)]	Loss: 2.297795
Train Epoch: 21 [25600/60000 (43%)]	Loss: 2.301713
Train Epoch: 21 [32000/60000 (53%)]	Loss: 2.300387
Train Epoch: 21 [38400/60000 (64%)]	Loss: 2.299207
Train Epoch: 21 [44800/60000 (75%)]	Loss: 2.300243
Train Epoch: 21 [51200/60000 (85%)]	Loss: 2.298911
Train Epoch: 21 [57600/60000 (96%)]	Loss: 2.300032

Test set: Average loss: 2.2999, Accuracy: 1539/10000 (15%)

Train Epoch: 22 [0/60000 (0%)]	Loss: 2.299457
Train Epoch: 22 [6400/60000 (11%)]	Loss: 2.299323
Train Epoch: 22 [12800/60000 (21%)]	Loss: 2.298450
Train Epoch: 22 [19200/60000 (32%)]	Loss: 2.302152
Train Epoch: 22 [25600/60000 (43%)]	Loss: 2.300934
Train Epoch: 22 [32000/60000 (53%)]	Loss: 2.304074
Train Epoch: 22 [38400/60000 (64%)]	Loss: 2.298523
Train Epoch: 22 [44800/60000 (75%)]	Loss: 2.298944
Train Epoch: 22 [51200/60000 (85%)]	Loss: 2.300747
Train Epoch: 22 [57600/60000 (96%)]	Loss: 2.300174

Test set: Average loss: 2.3005, Accuracy: 980/10000 (10%)

Train Epoch: 23 [0/60000 (0%)]	Loss: 2.300819
Train Epoch: 23 [6400/60000 (11%)]	Loss: 2.297546
Train Epoch: 23 [12800/60000 (21%)]	Loss: 2.299478
Train Epoch: 23 [19200/60000 (32%)]	Loss: 2.300569
Train Epoch: 23 [25600/60000 (43%)]	Loss: 2.302554
Train Epoch: 23 [32000/60000 (53%)]	Loss: 2.299835
Train Epoch: 23 [38400/60000 (64%)]	Loss: 2.298591
Train Epoch: 23 [44800/60000 (75%)]	Loss: 2.298994
Train Epoch: 23 [51200/60000 (85%)]	Loss: 2.300972
Train Epoch: 23 [57600/60000 (96%)]	Loss: 2.300324

Test set: Average loss: 2.3004, Accuracy: 1015/10000 (10%)

Train Epoch: 24 [0/60000 (0%)]	Loss: 2.299729
Train Epoch: 24 [6400/60000 (11%)]	Loss: 2.298526
Train Epoch: 24 [12800/60000 (21%)]	Loss: 2.299369
Train Epoch: 24 [19200/60000 (32%)]	Loss: 2.300045
Train Epoch: 24 [25600/60000 (43%)]	Loss: 2.298690
Train Epoch: 24 [32000/60000 (53%)]	Loss: 2.298927
Train Epoch: 24 [38400/60000 (64%)]	Loss: 2.299983
Train Epoch: 24 [44800/60000 (75%)]	Loss: 2.297621
Train Epoch: 24 [51200/60000 (85%)]	Loss: 2.297927
Train Epoch: 24 [57600/60000 (96%)]	Loss: 2.300154

Test set: Average loss: 2.2994, Accuracy: 1710/10000 (17%)

Train Epoch: 25 [0/60000 (0%)]	Loss: 2.296064
Train Epoch: 25 [6400/60000 (11%)]	Loss: 2.301250
Train Epoch: 25 [12800/60000 (21%)]	Loss: 2.301550
Train Epoch: 25 [19200/60000 (32%)]	Loss: 2.300843
Train Epoch: 25 [25600/60000 (43%)]	Loss: 2.299228
Train Epoch: 25 [32000/60000 (53%)]	Loss: 2.298212
Train Epoch: 25 [38400/60000 (64%)]	Loss: 2.298806
Train Epoch: 25 [44800/60000 (75%)]	Loss: 2.299756
Train Epoch: 25 [51200/60000 (85%)]	Loss: 2.299361
Train Epoch: 25 [57600/60000 (96%)]	Loss: 2.298640

Test set: Average loss: 2.2994, Accuracy: 1763/10000 (18%)

Train Epoch: 26 [0/60000 (0%)]	Loss: 2.299386
Train Epoch: 26 [6400/60000 (11%)]	Loss: 2.296010
Train Epoch: 26 [12800/60000 (21%)]	Loss: 2.298719
Train Epoch: 26 [19200/60000 (32%)]	Loss: 2.299622
Train Epoch: 26 [25600/60000 (43%)]	Loss: 2.298419
Train Epoch: 26 [32000/60000 (53%)]	Loss: 2.299854
Train Epoch: 26 [38400/60000 (64%)]	Loss: 2.300645
Train Epoch: 26 [44800/60000 (75%)]	Loss: 2.298244
Train Epoch: 26 [51200/60000 (85%)]	Loss: 2.299961
Train Epoch: 26 [57600/60000 (96%)]	Loss: 2.298453

Test set: Average loss: 2.2994, Accuracy: 1830/10000 (18%)

Train Epoch: 27 [0/60000 (0%)]	Loss: 2.299149
Train Epoch: 27 [6400/60000 (11%)]	Loss: 2.296813
Train Epoch: 27 [12800/60000 (21%)]	Loss: 2.300416
Train Epoch: 27 [19200/60000 (32%)]	Loss: 2.299449
Train Epoch: 27 [25600/60000 (43%)]	Loss: 2.301981
Train Epoch: 27 [32000/60000 (53%)]	Loss: 2.301972
Train Epoch: 27 [38400/60000 (64%)]	Loss: 2.297908
Train Epoch: 27 [44800/60000 (75%)]	Loss: 2.300997
Train Epoch: 27 [51200/60000 (85%)]	Loss: 2.300604
Train Epoch: 27 [57600/60000 (96%)]	Loss: 2.301085

Test set: Average loss: 2.2994, Accuracy: 1770/10000 (18%)

Train Epoch: 28 [0/60000 (0%)]	Loss: 2.302833
Train Epoch: 28 [6400/60000 (11%)]	Loss: 2.298715
Train Epoch: 28 [12800/60000 (21%)]	Loss: 2.300755
Train Epoch: 28 [19200/60000 (32%)]	Loss: 2.295787
Train Epoch: 28 [25600/60000 (43%)]	Loss: 2.299634
Train Epoch: 28 [32000/60000 (53%)]	Loss: 2.302356
Train Epoch: 28 [38400/60000 (64%)]	Loss: 2.300179
Train Epoch: 28 [44800/60000 (75%)]	Loss: 2.299335
Train Epoch: 28 [51200/60000 (85%)]	Loss: 2.298787
Train Epoch: 28 [57600/60000 (96%)]	Loss: 2.301853

Test set: Average loss: 2.2994, Accuracy: 1742/10000 (17%)

Train Epoch: 29 [0/60000 (0%)]	Loss: 2.299840
Train Epoch: 29 [6400/60000 (11%)]	Loss: 2.302519
Train Epoch: 29 [12800/60000 (21%)]	Loss: 2.298563
Train Epoch: 29 [19200/60000 (32%)]	Loss: 2.298398
Train Epoch: 29 [25600/60000 (43%)]	Loss: 2.297347
Train Epoch: 29 [32000/60000 (53%)]	Loss: 2.296267
Train Epoch: 29 [38400/60000 (64%)]	Loss: 2.298596
Train Epoch: 29 [44800/60000 (75%)]	Loss: 2.297014
Train Epoch: 29 [51200/60000 (85%)]	Loss: 2.297995
Train Epoch: 29 [57600/60000 (96%)]	Loss: 2.298663

Test set: Average loss: 2.2991, Accuracy: 1832/10000 (18%)

Train Epoch: 30 [0/60000 (0%)]	Loss: 2.297827
Train Epoch: 30 [6400/60000 (11%)]	Loss: 2.300523
Train Epoch: 30 [12800/60000 (21%)]	Loss: 2.298254
Train Epoch: 30 [19200/60000 (32%)]	Loss: 2.297490
Train Epoch: 30 [25600/60000 (43%)]	Loss: 2.297139
Train Epoch: 30 [32000/60000 (53%)]	Loss: 2.300931
Train Epoch: 30 [38400/60000 (64%)]	Loss: 2.298465
Train Epoch: 30 [44800/60000 (75%)]	Loss: 2.297166
Train Epoch: 30 [51200/60000 (85%)]	Loss: 2.298668
Train Epoch: 30 [57600/60000 (96%)]	Loss: 2.300212

Test set: Average loss: 2.2991, Accuracy: 1818/10000 (18%)

Namespace(batch_size=64, bias=None, data='../data', device=0, epochs=30, hidden_size=500, load_weights=None, log_interval=100, lr=0.1, milestones=[5, 7], model='redfc2', momentum=0.9, no_cuda=False, r=5, save_model=None, save_results=True, scheduler='cosine', seed=1, sparsity=0.99, use_relu=True, wd=0.0005)


Total time spent pruning/training: 3.42 minutes
Total number of parameters in model: 1991420
Number of parameters in pruned model: 19914
