Namespace(batch_size=64, bias=None, data='../data', device=0, epochs=30, hidden_size=500, load_weights=None, log_interval=100, lr=0.1, milestones=[5, 7], model='redfc2', momentum=0.9, no_cuda=False, r=5, save_model=None, save_results=True, scheduler='cosine', seed=1, sparsity=0.025, use_relu=True, wd=0.0005) 

Pruning a Two-Layer Fully Connected Redundant Network ...
Train Epoch: 1 [0/60000 (0%)]	Loss: 10.225449
Train Epoch: 1 [6400/60000 (11%)]	Loss: 1.186358
Train Epoch: 1 [12800/60000 (21%)]	Loss: 0.533778
Train Epoch: 1 [19200/60000 (32%)]	Loss: 0.637692
Train Epoch: 1 [25600/60000 (43%)]	Loss: 0.461292
Train Epoch: 1 [32000/60000 (53%)]	Loss: 0.541821
Train Epoch: 1 [38400/60000 (64%)]	Loss: 0.759467
Train Epoch: 1 [44800/60000 (75%)]	Loss: 0.621862
Train Epoch: 1 [51200/60000 (85%)]	Loss: 0.530297
Train Epoch: 1 [57600/60000 (96%)]	Loss: 0.648676

Test set: Average loss: 0.7313, Accuracy: 7783/10000 (78%)

Train Epoch: 2 [0/60000 (0%)]	Loss: 0.605454
Train Epoch: 2 [6400/60000 (11%)]	Loss: 0.958174
Train Epoch: 2 [12800/60000 (21%)]	Loss: 0.914741
Train Epoch: 2 [19200/60000 (32%)]	Loss: 0.808742
Train Epoch: 2 [25600/60000 (43%)]	Loss: 1.197154
Train Epoch: 2 [32000/60000 (53%)]	Loss: 0.925331
Train Epoch: 2 [38400/60000 (64%)]	Loss: 1.058059
Train Epoch: 2 [44800/60000 (75%)]	Loss: 1.518599
Train Epoch: 2 [51200/60000 (85%)]	Loss: 1.173464
Train Epoch: 2 [57600/60000 (96%)]	Loss: 1.635544

Test set: Average loss: 1.5225, Accuracy: 6024/10000 (60%)

Train Epoch: 3 [0/60000 (0%)]	Loss: 1.302922
Train Epoch: 3 [6400/60000 (11%)]	Loss: 1.905765
Train Epoch: 3 [12800/60000 (21%)]	Loss: 2.643932
Train Epoch: 3 [19200/60000 (32%)]	Loss: 2.300555
Train Epoch: 3 [25600/60000 (43%)]	Loss: 1.679147
Train Epoch: 3 [32000/60000 (53%)]	Loss: 2.503434
Train Epoch: 3 [38400/60000 (64%)]	Loss: 3.033712
Train Epoch: 3 [44800/60000 (75%)]	Loss: 3.118292
Train Epoch: 3 [51200/60000 (85%)]	Loss: 2.747506
Train Epoch: 3 [57600/60000 (96%)]	Loss: 3.079705

Test set: Average loss: 3.4647, Accuracy: 2936/10000 (29%)

Train Epoch: 4 [0/60000 (0%)]	Loss: 3.719915
Train Epoch: 4 [6400/60000 (11%)]	Loss: 3.684863
Train Epoch: 4 [12800/60000 (21%)]	Loss: 3.758255
Train Epoch: 4 [19200/60000 (32%)]	Loss: 4.069970
Train Epoch: 4 [25600/60000 (43%)]	Loss: 4.451140
Train Epoch: 4 [32000/60000 (53%)]	Loss: 4.485345
Train Epoch: 4 [38400/60000 (64%)]	Loss: 3.509649
Train Epoch: 4 [44800/60000 (75%)]	Loss: 5.013037
Train Epoch: 4 [51200/60000 (85%)]	Loss: 5.408760
Train Epoch: 4 [57600/60000 (96%)]	Loss: 5.370707

Test set: Average loss: 4.9981, Accuracy: 1738/10000 (17%)

Train Epoch: 5 [0/60000 (0%)]	Loss: 5.125089
Train Epoch: 5 [6400/60000 (11%)]	Loss: 5.535415
Train Epoch: 5 [12800/60000 (21%)]	Loss: 5.126081
Train Epoch: 5 [19200/60000 (32%)]	Loss: 5.168941
Train Epoch: 5 [25600/60000 (43%)]	Loss: 5.736235
Train Epoch: 5 [32000/60000 (53%)]	Loss: 5.297327
Train Epoch: 5 [38400/60000 (64%)]	Loss: 4.999012
Train Epoch: 5 [44800/60000 (75%)]	Loss: 5.713717
Train Epoch: 5 [51200/60000 (85%)]	Loss: 5.584916
Train Epoch: 5 [57600/60000 (96%)]	Loss: 4.528028

Test set: Average loss: 5.6908, Accuracy: 1328/10000 (13%)

Train Epoch: 6 [0/60000 (0%)]	Loss: 6.010497
Train Epoch: 6 [6400/60000 (11%)]	Loss: 5.724822
Train Epoch: 6 [12800/60000 (21%)]	Loss: 6.148109
Train Epoch: 6 [19200/60000 (32%)]	Loss: 5.332222
Train Epoch: 6 [25600/60000 (43%)]	Loss: 5.593394
Train Epoch: 6 [32000/60000 (53%)]	Loss: 5.573002
Train Epoch: 6 [38400/60000 (64%)]	Loss: 5.471983
Train Epoch: 6 [44800/60000 (75%)]	Loss: 6.394619
Train Epoch: 6 [51200/60000 (85%)]	Loss: 5.110833
Train Epoch: 6 [57600/60000 (96%)]	Loss: 7.181868

Test set: Average loss: 6.0644, Accuracy: 1160/10000 (12%)

Train Epoch: 7 [0/60000 (0%)]	Loss: 5.666055
Train Epoch: 7 [6400/60000 (11%)]	Loss: 6.298615
Train Epoch: 7 [12800/60000 (21%)]	Loss: 6.474308
Train Epoch: 7 [19200/60000 (32%)]	Loss: 5.711667
Train Epoch: 7 [25600/60000 (43%)]	Loss: 5.824069
Train Epoch: 7 [32000/60000 (53%)]	Loss: 6.983747
Train Epoch: 7 [38400/60000 (64%)]	Loss: 6.541870
Train Epoch: 7 [44800/60000 (75%)]	Loss: 6.311275
Train Epoch: 7 [51200/60000 (85%)]	Loss: 7.085212
Train Epoch: 7 [57600/60000 (96%)]	Loss: 5.282340

Test set: Average loss: 6.6607, Accuracy: 1020/10000 (10%)

Train Epoch: 8 [0/60000 (0%)]	Loss: 7.146418
Train Epoch: 8 [6400/60000 (11%)]	Loss: 7.039281
Train Epoch: 8 [12800/60000 (21%)]	Loss: 6.153126
Train Epoch: 8 [19200/60000 (32%)]	Loss: 7.212561
Train Epoch: 8 [25600/60000 (43%)]	Loss: 6.209570
Train Epoch: 8 [32000/60000 (53%)]	Loss: 6.379491
Train Epoch: 8 [38400/60000 (64%)]	Loss: 7.636237
Train Epoch: 8 [44800/60000 (75%)]	Loss: 6.955364
Train Epoch: 8 [51200/60000 (85%)]	Loss: 7.984318
Train Epoch: 8 [57600/60000 (96%)]	Loss: 6.511367

Test set: Average loss: 6.8010, Accuracy: 1016/10000 (10%)

Train Epoch: 9 [0/60000 (0%)]	Loss: 7.024562
Train Epoch: 9 [6400/60000 (11%)]	Loss: 6.668145
Train Epoch: 9 [12800/60000 (21%)]	Loss: 6.426255
Train Epoch: 9 [19200/60000 (32%)]	Loss: 8.381498
Train Epoch: 9 [25600/60000 (43%)]	Loss: 7.504744
Train Epoch: 9 [32000/60000 (53%)]	Loss: 7.315736
Train Epoch: 9 [38400/60000 (64%)]	Loss: 8.005689
Train Epoch: 9 [44800/60000 (75%)]	Loss: 6.789831
Train Epoch: 9 [51200/60000 (85%)]	Loss: 6.554968
Train Epoch: 9 [57600/60000 (96%)]	Loss: 7.047312

Test set: Average loss: 7.0182, Accuracy: 1103/10000 (11%)

Train Epoch: 10 [0/60000 (0%)]	Loss: 7.644948
Train Epoch: 10 [6400/60000 (11%)]	Loss: 6.445483
Train Epoch: 10 [12800/60000 (21%)]	Loss: 7.014192
Train Epoch: 10 [19200/60000 (32%)]	Loss: 6.957955
Train Epoch: 10 [25600/60000 (43%)]	Loss: 7.422716
Train Epoch: 10 [32000/60000 (53%)]	Loss: 6.071666
Train Epoch: 10 [38400/60000 (64%)]	Loss: 6.334990
Train Epoch: 10 [44800/60000 (75%)]	Loss: 7.225230
Train Epoch: 10 [51200/60000 (85%)]	Loss: 7.573344
Train Epoch: 10 [57600/60000 (96%)]	Loss: 8.103192

Test set: Average loss: 7.1600, Accuracy: 998/10000 (10%)

Train Epoch: 11 [0/60000 (0%)]	Loss: 7.536375
Train Epoch: 11 [6400/60000 (11%)]	Loss: 8.096611
Train Epoch: 11 [12800/60000 (21%)]	Loss: 7.153227
Train Epoch: 11 [19200/60000 (32%)]	Loss: 7.420063
Train Epoch: 11 [25600/60000 (43%)]	Loss: 6.790570
Train Epoch: 11 [32000/60000 (53%)]	Loss: 7.288461
Train Epoch: 11 [38400/60000 (64%)]	Loss: 7.813246
Train Epoch: 11 [44800/60000 (75%)]	Loss: 6.160783
Train Epoch: 11 [51200/60000 (85%)]	Loss: 6.444081
Train Epoch: 11 [57600/60000 (96%)]	Loss: 7.084243

Test set: Average loss: 7.2677, Accuracy: 940/10000 (9%)

Train Epoch: 12 [0/60000 (0%)]	Loss: 8.413789
Train Epoch: 12 [6400/60000 (11%)]	Loss: 6.873011
Train Epoch: 12 [12800/60000 (21%)]	Loss: 7.643278
Train Epoch: 12 [19200/60000 (32%)]	Loss: 6.544625
Train Epoch: 12 [25600/60000 (43%)]	Loss: 8.495930
Train Epoch: 12 [32000/60000 (53%)]	Loss: 7.204226
Train Epoch: 12 [38400/60000 (64%)]	Loss: 7.592049
Train Epoch: 12 [44800/60000 (75%)]	Loss: 6.805089
Train Epoch: 12 [51200/60000 (85%)]	Loss: 7.249542
Train Epoch: 12 [57600/60000 (96%)]	Loss: 6.279511

Test set: Average loss: 7.2741, Accuracy: 941/10000 (9%)

Train Epoch: 13 [0/60000 (0%)]	Loss: 7.670049
Train Epoch: 13 [6400/60000 (11%)]	Loss: 7.640813
Train Epoch: 13 [12800/60000 (21%)]	Loss: 6.414410
Train Epoch: 13 [19200/60000 (32%)]	Loss: 7.751469
Train Epoch: 13 [25600/60000 (43%)]	Loss: 6.672676
Train Epoch: 13 [32000/60000 (53%)]	Loss: 8.152003
Train Epoch: 13 [38400/60000 (64%)]	Loss: 7.994761
Train Epoch: 13 [44800/60000 (75%)]	Loss: 8.047496
Train Epoch: 13 [51200/60000 (85%)]	Loss: 8.046309
Train Epoch: 13 [57600/60000 (96%)]	Loss: 6.912788

Test set: Average loss: 7.4173, Accuracy: 894/10000 (9%)

Train Epoch: 14 [0/60000 (0%)]	Loss: 8.043749
Train Epoch: 14 [6400/60000 (11%)]	Loss: 7.892238
Train Epoch: 14 [12800/60000 (21%)]	Loss: 7.091475
Train Epoch: 14 [19200/60000 (32%)]	Loss: 7.105873
Train Epoch: 14 [25600/60000 (43%)]	Loss: 8.019135
Train Epoch: 14 [32000/60000 (53%)]	Loss: 7.026930
Train Epoch: 14 [38400/60000 (64%)]	Loss: 7.166587
Train Epoch: 14 [44800/60000 (75%)]	Loss: 7.017056
Train Epoch: 14 [51200/60000 (85%)]	Loss: 6.777016
Train Epoch: 14 [57600/60000 (96%)]	Loss: 7.492555

Test set: Average loss: 7.4533, Accuracy: 901/10000 (9%)

Train Epoch: 15 [0/60000 (0%)]	Loss: 8.306548
Train Epoch: 15 [6400/60000 (11%)]	Loss: 7.423585
Train Epoch: 15 [12800/60000 (21%)]	Loss: 6.706859
Train Epoch: 15 [19200/60000 (32%)]	Loss: 8.747108
Train Epoch: 15 [25600/60000 (43%)]	Loss: 7.333891
Train Epoch: 15 [32000/60000 (53%)]	Loss: 8.381310
Train Epoch: 15 [38400/60000 (64%)]	Loss: 8.523028
Train Epoch: 15 [44800/60000 (75%)]	Loss: 8.028979
Train Epoch: 15 [51200/60000 (85%)]	Loss: 8.237301
Train Epoch: 15 [57600/60000 (96%)]	Loss: 7.518827

Test set: Average loss: 7.5208, Accuracy: 872/10000 (9%)

Train Epoch: 16 [0/60000 (0%)]	Loss: 7.340894
Train Epoch: 16 [6400/60000 (11%)]	Loss: 7.128201
Train Epoch: 16 [12800/60000 (21%)]	Loss: 7.719857
Train Epoch: 16 [19200/60000 (32%)]	Loss: 8.035282
Train Epoch: 16 [25600/60000 (43%)]	Loss: 6.754769
Train Epoch: 16 [32000/60000 (53%)]	Loss: 7.030051
Train Epoch: 16 [38400/60000 (64%)]	Loss: 8.288794
Train Epoch: 16 [44800/60000 (75%)]	Loss: 8.882172
Train Epoch: 16 [51200/60000 (85%)]	Loss: 7.875366
Train Epoch: 16 [57600/60000 (96%)]	Loss: 7.829029

Test set: Average loss: 7.5676, Accuracy: 866/10000 (9%)

Train Epoch: 17 [0/60000 (0%)]	Loss: 7.331597
Train Epoch: 17 [6400/60000 (11%)]	Loss: 8.570107
Train Epoch: 17 [12800/60000 (21%)]	Loss: 7.892288
Train Epoch: 17 [19200/60000 (32%)]	Loss: 7.974129
Train Epoch: 17 [25600/60000 (43%)]	Loss: 8.796237
Train Epoch: 17 [32000/60000 (53%)]	Loss: 9.027557
Train Epoch: 17 [38400/60000 (64%)]	Loss: 7.210846
Train Epoch: 17 [44800/60000 (75%)]	Loss: 6.803809
Train Epoch: 17 [51200/60000 (85%)]	Loss: 7.930058
Train Epoch: 17 [57600/60000 (96%)]	Loss: 7.984447

Test set: Average loss: 7.5381, Accuracy: 956/10000 (10%)

Train Epoch: 18 [0/60000 (0%)]	Loss: 7.150680
Train Epoch: 18 [6400/60000 (11%)]	Loss: 7.640148
Train Epoch: 18 [12800/60000 (21%)]	Loss: 7.173662
Train Epoch: 18 [19200/60000 (32%)]	Loss: 7.851371
Train Epoch: 18 [25600/60000 (43%)]	Loss: 8.450751
Train Epoch: 18 [32000/60000 (53%)]	Loss: 7.928458
Train Epoch: 18 [38400/60000 (64%)]	Loss: 8.022783
Train Epoch: 18 [44800/60000 (75%)]	Loss: 7.775281
Train Epoch: 18 [51200/60000 (85%)]	Loss: 8.122066
Train Epoch: 18 [57600/60000 (96%)]	Loss: 8.379130

Test set: Average loss: 7.6120, Accuracy: 888/10000 (9%)

Train Epoch: 19 [0/60000 (0%)]	Loss: 7.507885
Train Epoch: 19 [6400/60000 (11%)]	Loss: 7.656409
Train Epoch: 19 [12800/60000 (21%)]	Loss: 7.459407
Train Epoch: 19 [19200/60000 (32%)]	Loss: 7.676341
Train Epoch: 19 [25600/60000 (43%)]	Loss: 7.879530
Train Epoch: 19 [32000/60000 (53%)]	Loss: 7.102923
Train Epoch: 19 [38400/60000 (64%)]	Loss: 7.974225
Train Epoch: 19 [44800/60000 (75%)]	Loss: 7.007864
Train Epoch: 19 [51200/60000 (85%)]	Loss: 7.697882
Train Epoch: 19 [57600/60000 (96%)]	Loss: 8.393952

Test set: Average loss: 7.5580, Accuracy: 902/10000 (9%)

Train Epoch: 20 [0/60000 (0%)]	Loss: 7.653128
Train Epoch: 20 [6400/60000 (11%)]	Loss: 7.364736
Train Epoch: 20 [12800/60000 (21%)]	Loss: 8.651477
Train Epoch: 20 [19200/60000 (32%)]	Loss: 8.383623
Train Epoch: 20 [25600/60000 (43%)]	Loss: 7.036286
Train Epoch: 20 [32000/60000 (53%)]	Loss: 7.816509
Train Epoch: 20 [38400/60000 (64%)]	Loss: 7.353656
Train Epoch: 20 [44800/60000 (75%)]	Loss: 7.922662
Train Epoch: 20 [51200/60000 (85%)]	Loss: 8.566164
Train Epoch: 20 [57600/60000 (96%)]	Loss: 8.255516

Test set: Average loss: 7.5792, Accuracy: 879/10000 (9%)

Train Epoch: 21 [0/60000 (0%)]	Loss: 7.087096
Train Epoch: 21 [6400/60000 (11%)]	Loss: 8.817651
Train Epoch: 21 [12800/60000 (21%)]	Loss: 8.363498
Train Epoch: 21 [19200/60000 (32%)]	Loss: 7.676808
Train Epoch: 21 [25600/60000 (43%)]	Loss: 8.078460
Train Epoch: 21 [32000/60000 (53%)]	Loss: 8.105266
Train Epoch: 21 [38400/60000 (64%)]	Loss: 6.786696
Train Epoch: 21 [44800/60000 (75%)]	Loss: 7.945204
Train Epoch: 21 [51200/60000 (85%)]	Loss: 6.971747
Train Epoch: 21 [57600/60000 (96%)]	Loss: 8.476912

Test set: Average loss: 7.5636, Accuracy: 903/10000 (9%)

Train Epoch: 22 [0/60000 (0%)]	Loss: 7.233734
Train Epoch: 22 [6400/60000 (11%)]	Loss: 7.622663
Train Epoch: 22 [12800/60000 (21%)]	Loss: 7.882682
Train Epoch: 22 [19200/60000 (32%)]	Loss: 6.571229
Train Epoch: 22 [25600/60000 (43%)]	Loss: 7.693942
Train Epoch: 22 [32000/60000 (53%)]	Loss: 6.978716
Train Epoch: 22 [38400/60000 (64%)]	Loss: 7.124124
Train Epoch: 22 [44800/60000 (75%)]	Loss: 7.659729
Train Epoch: 22 [51200/60000 (85%)]	Loss: 7.749182
Train Epoch: 22 [57600/60000 (96%)]	Loss: 7.439353

Test set: Average loss: 7.5497, Accuracy: 906/10000 (9%)

Train Epoch: 23 [0/60000 (0%)]	Loss: 6.912720
Train Epoch: 23 [6400/60000 (11%)]	Loss: 6.324639
Train Epoch: 23 [12800/60000 (21%)]	Loss: 7.994638
Train Epoch: 23 [19200/60000 (32%)]	Loss: 7.319630
Train Epoch: 23 [25600/60000 (43%)]	Loss: 6.923917
Train Epoch: 23 [32000/60000 (53%)]	Loss: 7.367093
Train Epoch: 23 [38400/60000 (64%)]	Loss: 7.785186
Train Epoch: 23 [44800/60000 (75%)]	Loss: 7.164813
Train Epoch: 23 [51200/60000 (85%)]	Loss: 6.513219
Train Epoch: 23 [57600/60000 (96%)]	Loss: 7.529877

Test set: Average loss: 7.6129, Accuracy: 898/10000 (9%)

Train Epoch: 24 [0/60000 (0%)]	Loss: 6.814102
Train Epoch: 24 [6400/60000 (11%)]	Loss: 7.341437
Train Epoch: 24 [12800/60000 (21%)]	Loss: 7.515433
Train Epoch: 24 [19200/60000 (32%)]	Loss: 7.321349
Train Epoch: 24 [25600/60000 (43%)]	Loss: 8.158235
Train Epoch: 24 [32000/60000 (53%)]	Loss: 6.658238
Train Epoch: 24 [38400/60000 (64%)]	Loss: 6.825745
Train Epoch: 24 [44800/60000 (75%)]	Loss: 7.345269
Train Epoch: 24 [51200/60000 (85%)]	Loss: 7.451317
Train Epoch: 24 [57600/60000 (96%)]	Loss: 7.443828

Test set: Average loss: 7.4597, Accuracy: 952/10000 (10%)

Train Epoch: 25 [0/60000 (0%)]	Loss: 7.277590
Train Epoch: 25 [6400/60000 (11%)]	Loss: 8.307743
Train Epoch: 25 [12800/60000 (21%)]	Loss: 9.487906
Train Epoch: 25 [19200/60000 (32%)]	Loss: 7.938766
Train Epoch: 25 [25600/60000 (43%)]	Loss: 6.040384
Train Epoch: 25 [32000/60000 (53%)]	Loss: 9.570748
Train Epoch: 25 [38400/60000 (64%)]	Loss: 7.583693
Train Epoch: 25 [44800/60000 (75%)]	Loss: 7.721219
Train Epoch: 25 [51200/60000 (85%)]	Loss: 6.396437
Train Epoch: 25 [57600/60000 (96%)]	Loss: 8.212930

Test set: Average loss: 7.5100, Accuracy: 913/10000 (9%)

Train Epoch: 26 [0/60000 (0%)]	Loss: 7.772947
Train Epoch: 26 [6400/60000 (11%)]	Loss: 8.110043
Train Epoch: 26 [12800/60000 (21%)]	Loss: 6.811464
Train Epoch: 26 [19200/60000 (32%)]	Loss: 7.853830
Train Epoch: 26 [25600/60000 (43%)]	Loss: 8.276398
Train Epoch: 26 [32000/60000 (53%)]	Loss: 7.399587
Train Epoch: 26 [38400/60000 (64%)]	Loss: 8.288314
Train Epoch: 26 [44800/60000 (75%)]	Loss: 7.943175
Train Epoch: 26 [51200/60000 (85%)]	Loss: 7.758365
Train Epoch: 26 [57600/60000 (96%)]	Loss: 6.778742

Test set: Average loss: 7.5182, Accuracy: 867/10000 (9%)

Train Epoch: 27 [0/60000 (0%)]	Loss: 6.096959
Train Epoch: 27 [6400/60000 (11%)]	Loss: 8.089351
Train Epoch: 27 [12800/60000 (21%)]	Loss: 7.961041
Train Epoch: 27 [19200/60000 (32%)]	Loss: 7.111928
Train Epoch: 27 [25600/60000 (43%)]	Loss: 7.270058
Train Epoch: 27 [32000/60000 (53%)]	Loss: 8.063357
Train Epoch: 27 [38400/60000 (64%)]	Loss: 8.295218
Train Epoch: 27 [44800/60000 (75%)]	Loss: 7.364044
Train Epoch: 27 [51200/60000 (85%)]	Loss: 7.817499
Train Epoch: 27 [57600/60000 (96%)]	Loss: 6.405325

Test set: Average loss: 7.5267, Accuracy: 888/10000 (9%)

Train Epoch: 28 [0/60000 (0%)]	Loss: 7.563509
Train Epoch: 28 [6400/60000 (11%)]	Loss: 6.951100
Train Epoch: 28 [12800/60000 (21%)]	Loss: 7.651374
Train Epoch: 28 [19200/60000 (32%)]	Loss: 7.513466
Train Epoch: 28 [25600/60000 (43%)]	Loss: 7.137919
Train Epoch: 28 [32000/60000 (53%)]	Loss: 7.465734
Train Epoch: 28 [38400/60000 (64%)]	Loss: 7.640236
Train Epoch: 28 [44800/60000 (75%)]	Loss: 7.050798
Train Epoch: 28 [51200/60000 (85%)]	Loss: 7.625223
Train Epoch: 28 [57600/60000 (96%)]	Loss: 6.117651

Test set: Average loss: 7.3725, Accuracy: 959/10000 (10%)

Train Epoch: 29 [0/60000 (0%)]	Loss: 7.673285
Train Epoch: 29 [6400/60000 (11%)]	Loss: 7.404939
Train Epoch: 29 [12800/60000 (21%)]	Loss: 8.881617
Train Epoch: 29 [19200/60000 (32%)]	Loss: 6.751752
Train Epoch: 29 [25600/60000 (43%)]	Loss: 6.344847
Train Epoch: 29 [32000/60000 (53%)]	Loss: 8.302929
Train Epoch: 29 [38400/60000 (64%)]	Loss: 7.508686
Train Epoch: 29 [44800/60000 (75%)]	Loss: 7.753672
Train Epoch: 29 [51200/60000 (85%)]	Loss: 5.962593
Train Epoch: 29 [57600/60000 (96%)]	Loss: 7.660914

Test set: Average loss: 7.1577, Accuracy: 989/10000 (10%)

Train Epoch: 30 [0/60000 (0%)]	Loss: 7.913369
Train Epoch: 30 [6400/60000 (11%)]	Loss: 6.953470
Train Epoch: 30 [12800/60000 (21%)]	Loss: 7.690862
Train Epoch: 30 [19200/60000 (32%)]	Loss: 7.256508
Train Epoch: 30 [25600/60000 (43%)]	Loss: 6.937983
Train Epoch: 30 [32000/60000 (53%)]	Loss: 6.651629
Train Epoch: 30 [38400/60000 (64%)]	Loss: 7.818141
Train Epoch: 30 [44800/60000 (75%)]	Loss: 7.177152
Train Epoch: 30 [51200/60000 (85%)]	Loss: 7.909411
Train Epoch: 30 [57600/60000 (96%)]	Loss: 6.829203

Test set: Average loss: 7.5041, Accuracy: 928/10000 (9%)

Namespace(batch_size=64, bias=None, data='../data', device=0, epochs=30, hidden_size=500, load_weights=None, log_interval=100, lr=0.1, milestones=[5, 7], model='redfc2', momentum=0.9, no_cuda=False, r=5, save_model=None, save_results=True, scheduler='cosine', seed=1, sparsity=0.025, use_relu=True, wd=0.0005)


Total time spent pruning/training: 3.24 minutes
Total number of parameters in model: 1991420
Number of parameters in pruned model: 1941634
