Namespace(batch_size=64, bias=None, data='../data', device=1, epochs=20, hidden_size=500, load_weights=None, log_interval=100, lr=0.1, milestones=[5, 7], model='redfc2', momentum=0.9, no_cuda=False, r=5, save_model=None, save_results=True, scheduler='cosine', seed=1, sparsity=0.95, use_relu=False, wd=0.0005) 

Pruning a Two-Layer Fully Connected Redundant Network ...
Train Epoch: 1 [0/60000 (0%)]	Loss: 2.308686
Train Epoch: 1 [6400/60000 (11%)]	Loss: 1.794784
Train Epoch: 1 [12800/60000 (21%)]	Loss: 1.277686
Train Epoch: 1 [19200/60000 (32%)]	Loss: 1.090613
Train Epoch: 1 [25600/60000 (43%)]	Loss: 0.936941
Train Epoch: 1 [32000/60000 (53%)]	Loss: 0.815993
Train Epoch: 1 [38400/60000 (64%)]	Loss: 0.680145
Train Epoch: 1 [44800/60000 (75%)]	Loss: 0.543655
Train Epoch: 1 [51200/60000 (85%)]	Loss: 0.505087
Train Epoch: 1 [57600/60000 (96%)]	Loss: 0.665047

Test set: Average loss: 0.5731, Accuracy: 8420/10000 (84%)

Train Epoch: 2 [0/60000 (0%)]	Loss: 0.673708
Train Epoch: 2 [6400/60000 (11%)]	Loss: 0.775605
Train Epoch: 2 [12800/60000 (21%)]	Loss: 0.561714
Train Epoch: 2 [19200/60000 (32%)]	Loss: 0.661549
Train Epoch: 2 [25600/60000 (43%)]	Loss: 0.504631
Train Epoch: 2 [32000/60000 (53%)]	Loss: 0.411745
Train Epoch: 2 [38400/60000 (64%)]	Loss: 0.419485
Train Epoch: 2 [44800/60000 (75%)]	Loss: 0.598930
Train Epoch: 2 [51200/60000 (85%)]	Loss: 0.470314
Train Epoch: 2 [57600/60000 (96%)]	Loss: 0.600989

Test set: Average loss: 0.4755, Accuracy: 8718/10000 (87%)

Train Epoch: 3 [0/60000 (0%)]	Loss: 0.405157
Train Epoch: 3 [6400/60000 (11%)]	Loss: 0.498763
Train Epoch: 3 [12800/60000 (21%)]	Loss: 0.681263
Train Epoch: 3 [19200/60000 (32%)]	Loss: 0.425371
Train Epoch: 3 [25600/60000 (43%)]	Loss: 0.480357
Train Epoch: 3 [32000/60000 (53%)]	Loss: 0.397610
Train Epoch: 3 [38400/60000 (64%)]	Loss: 0.522179
Train Epoch: 3 [44800/60000 (75%)]	Loss: 0.476534
Train Epoch: 3 [51200/60000 (85%)]	Loss: 0.394228
Train Epoch: 3 [57600/60000 (96%)]	Loss: 0.646758

Test set: Average loss: 0.4761, Accuracy: 8621/10000 (86%)

Train Epoch: 4 [0/60000 (0%)]	Loss: 0.372975
Train Epoch: 4 [6400/60000 (11%)]	Loss: 0.428823
Train Epoch: 4 [12800/60000 (21%)]	Loss: 0.442862
Train Epoch: 4 [19200/60000 (32%)]	Loss: 0.522073
Train Epoch: 4 [25600/60000 (43%)]	Loss: 0.640464
Train Epoch: 4 [32000/60000 (53%)]	Loss: 0.503534
Train Epoch: 4 [38400/60000 (64%)]	Loss: 0.514121
Train Epoch: 4 [44800/60000 (75%)]	Loss: 0.657535
Train Epoch: 4 [51200/60000 (85%)]	Loss: 0.388113
Train Epoch: 4 [57600/60000 (96%)]	Loss: 0.517730

Test set: Average loss: 0.5013, Accuracy: 8614/10000 (86%)

Train Epoch: 5 [0/60000 (0%)]	Loss: 0.426074
Train Epoch: 5 [6400/60000 (11%)]	Loss: 0.481859
Train Epoch: 5 [12800/60000 (21%)]	Loss: 0.422222
Train Epoch: 5 [19200/60000 (32%)]	Loss: 0.461691
Train Epoch: 5 [25600/60000 (43%)]	Loss: 0.371398
Train Epoch: 5 [32000/60000 (53%)]	Loss: 0.560125
Train Epoch: 5 [38400/60000 (64%)]	Loss: 0.761447
Train Epoch: 5 [44800/60000 (75%)]	Loss: 0.441351
Train Epoch: 5 [51200/60000 (85%)]	Loss: 0.514446
Train Epoch: 5 [57600/60000 (96%)]	Loss: 0.634522

Test set: Average loss: 0.5037, Accuracy: 8579/10000 (86%)

Train Epoch: 6 [0/60000 (0%)]	Loss: 0.542511
Train Epoch: 6 [6400/60000 (11%)]	Loss: 0.576968
Train Epoch: 6 [12800/60000 (21%)]	Loss: 0.550115
Train Epoch: 6 [19200/60000 (32%)]	Loss: 0.584901
Train Epoch: 6 [25600/60000 (43%)]	Loss: 0.669460
Train Epoch: 6 [32000/60000 (53%)]	Loss: 0.632390
Train Epoch: 6 [38400/60000 (64%)]	Loss: 0.682122
Train Epoch: 6 [44800/60000 (75%)]	Loss: 0.531407
Train Epoch: 6 [51200/60000 (85%)]	Loss: 0.683258
Train Epoch: 6 [57600/60000 (96%)]	Loss: 0.720622

Test set: Average loss: 0.5402, Accuracy: 8493/10000 (85%)

Train Epoch: 7 [0/60000 (0%)]	Loss: 0.613227
Train Epoch: 7 [6400/60000 (11%)]	Loss: 0.813344
Train Epoch: 7 [12800/60000 (21%)]	Loss: 0.553371
Train Epoch: 7 [19200/60000 (32%)]	Loss: 0.539975
Train Epoch: 7 [25600/60000 (43%)]	Loss: 0.515994
Train Epoch: 7 [32000/60000 (53%)]	Loss: 0.739606
Train Epoch: 7 [38400/60000 (64%)]	Loss: 0.436296
Train Epoch: 7 [44800/60000 (75%)]	Loss: 0.654027
Train Epoch: 7 [51200/60000 (85%)]	Loss: 0.669466
Train Epoch: 7 [57600/60000 (96%)]	Loss: 0.582550

Test set: Average loss: 0.6179, Accuracy: 8182/10000 (82%)

Train Epoch: 8 [0/60000 (0%)]	Loss: 0.723108
Train Epoch: 8 [6400/60000 (11%)]	Loss: 0.691942
Train Epoch: 8 [12800/60000 (21%)]	Loss: 0.688862
Train Epoch: 8 [19200/60000 (32%)]	Loss: 0.617129
Train Epoch: 8 [25600/60000 (43%)]	Loss: 0.616100
Train Epoch: 8 [32000/60000 (53%)]	Loss: 0.444924
Train Epoch: 8 [38400/60000 (64%)]	Loss: 0.711719
Train Epoch: 8 [44800/60000 (75%)]	Loss: 0.815844
Train Epoch: 8 [51200/60000 (85%)]	Loss: 0.605148
Train Epoch: 8 [57600/60000 (96%)]	Loss: 0.587219

Test set: Average loss: 0.6295, Accuracy: 8169/10000 (82%)

Train Epoch: 9 [0/60000 (0%)]	Loss: 0.610079
Train Epoch: 9 [6400/60000 (11%)]	Loss: 0.554299
Train Epoch: 9 [12800/60000 (21%)]	Loss: 0.868426
Train Epoch: 9 [19200/60000 (32%)]	Loss: 0.598614
Train Epoch: 9 [25600/60000 (43%)]	Loss: 0.690081
Train Epoch: 9 [32000/60000 (53%)]	Loss: 0.462748
Train Epoch: 9 [38400/60000 (64%)]	Loss: 0.706171
Train Epoch: 9 [44800/60000 (75%)]	Loss: 0.527451
Train Epoch: 9 [51200/60000 (85%)]	Loss: 0.563231
Train Epoch: 9 [57600/60000 (96%)]	Loss: 0.597984

Test set: Average loss: 0.6424, Accuracy: 8154/10000 (82%)

Train Epoch: 10 [0/60000 (0%)]	Loss: 0.690580
Train Epoch: 10 [6400/60000 (11%)]	Loss: 0.615312
Train Epoch: 10 [12800/60000 (21%)]	Loss: 0.541437
Train Epoch: 10 [19200/60000 (32%)]	Loss: 0.576688
Train Epoch: 10 [25600/60000 (43%)]	Loss: 0.658218
Train Epoch: 10 [32000/60000 (53%)]	Loss: 0.639761
Train Epoch: 10 [38400/60000 (64%)]	Loss: 0.668073
Train Epoch: 10 [44800/60000 (75%)]	Loss: 0.547415
Train Epoch: 10 [51200/60000 (85%)]	Loss: 0.837677
Train Epoch: 10 [57600/60000 (96%)]	Loss: 0.503720

Test set: Average loss: 0.6597, Accuracy: 8032/10000 (80%)

Train Epoch: 11 [0/60000 (0%)]	Loss: 0.790689
Train Epoch: 11 [6400/60000 (11%)]	Loss: 0.831916
Train Epoch: 11 [12800/60000 (21%)]	Loss: 0.485238
Train Epoch: 11 [19200/60000 (32%)]	Loss: 0.593453
Train Epoch: 11 [25600/60000 (43%)]	Loss: 0.559535
Train Epoch: 11 [32000/60000 (53%)]	Loss: 0.756654
Train Epoch: 11 [38400/60000 (64%)]	Loss: 0.692368
Train Epoch: 11 [44800/60000 (75%)]	Loss: 0.755807
Train Epoch: 11 [51200/60000 (85%)]	Loss: 0.750952
Train Epoch: 11 [57600/60000 (96%)]	Loss: 0.728033

Test set: Average loss: 0.6310, Accuracy: 8252/10000 (83%)

Train Epoch: 12 [0/60000 (0%)]	Loss: 0.747539
Train Epoch: 12 [6400/60000 (11%)]	Loss: 0.906169
Train Epoch: 12 [12800/60000 (21%)]	Loss: 0.745619
Train Epoch: 12 [19200/60000 (32%)]	Loss: 0.585747
Train Epoch: 12 [25600/60000 (43%)]	Loss: 0.606421
Train Epoch: 12 [32000/60000 (53%)]	Loss: 0.737153
Train Epoch: 12 [38400/60000 (64%)]	Loss: 0.596953
Train Epoch: 12 [44800/60000 (75%)]	Loss: 0.728315
Train Epoch: 12 [51200/60000 (85%)]	Loss: 0.748895
Train Epoch: 12 [57600/60000 (96%)]	Loss: 0.604309

Test set: Average loss: 0.6400, Accuracy: 8300/10000 (83%)

Train Epoch: 13 [0/60000 (0%)]	Loss: 0.593449
Train Epoch: 13 [6400/60000 (11%)]	Loss: 0.664365
Train Epoch: 13 [12800/60000 (21%)]	Loss: 0.734616
Train Epoch: 13 [19200/60000 (32%)]	Loss: 0.515400
Train Epoch: 13 [25600/60000 (43%)]	Loss: 0.760148
Train Epoch: 13 [32000/60000 (53%)]	Loss: 0.485444
Train Epoch: 13 [38400/60000 (64%)]	Loss: 0.699616
Train Epoch: 13 [44800/60000 (75%)]	Loss: 0.630221
Train Epoch: 13 [51200/60000 (85%)]	Loss: 0.552074
Train Epoch: 13 [57600/60000 (96%)]	Loss: 0.632958

Test set: Average loss: 0.6810, Accuracy: 7961/10000 (80%)

Train Epoch: 14 [0/60000 (0%)]	Loss: 0.695930
Train Epoch: 14 [6400/60000 (11%)]	Loss: 0.600860
Train Epoch: 14 [12800/60000 (21%)]	Loss: 0.707693
Train Epoch: 14 [19200/60000 (32%)]	Loss: 0.616582
Train Epoch: 14 [25600/60000 (43%)]	Loss: 0.623742
Train Epoch: 14 [32000/60000 (53%)]	Loss: 0.650426
Train Epoch: 14 [38400/60000 (64%)]	Loss: 0.765073
Train Epoch: 14 [44800/60000 (75%)]	Loss: 0.563865
Train Epoch: 14 [51200/60000 (85%)]	Loss: 0.612577
Train Epoch: 14 [57600/60000 (96%)]	Loss: 0.695667

Test set: Average loss: 0.5919, Accuracy: 8370/10000 (84%)

Train Epoch: 15 [0/60000 (0%)]	Loss: 0.510783
Train Epoch: 15 [6400/60000 (11%)]	Loss: 0.540558
Train Epoch: 15 [12800/60000 (21%)]	Loss: 0.674092
Train Epoch: 15 [19200/60000 (32%)]	Loss: 0.517855
Train Epoch: 15 [25600/60000 (43%)]	Loss: 0.706240
Train Epoch: 15 [32000/60000 (53%)]	Loss: 0.476656
Train Epoch: 15 [38400/60000 (64%)]	Loss: 0.522588
Train Epoch: 15 [44800/60000 (75%)]	Loss: 0.559990
Train Epoch: 15 [51200/60000 (85%)]	Loss: 0.701133
Train Epoch: 15 [57600/60000 (96%)]	Loss: 0.559802

Test set: Average loss: 0.5988, Accuracy: 8216/10000 (82%)

Train Epoch: 16 [0/60000 (0%)]	Loss: 0.514880
Train Epoch: 16 [6400/60000 (11%)]	Loss: 0.576838
Train Epoch: 16 [12800/60000 (21%)]	Loss: 0.665723
Train Epoch: 16 [19200/60000 (32%)]	Loss: 0.397509
Train Epoch: 16 [25600/60000 (43%)]	Loss: 0.641584
Train Epoch: 16 [32000/60000 (53%)]	Loss: 0.675301
Train Epoch: 16 [38400/60000 (64%)]	Loss: 0.577315
Train Epoch: 16 [44800/60000 (75%)]	Loss: 0.504283
Train Epoch: 16 [51200/60000 (85%)]	Loss: 0.746929
Train Epoch: 16 [57600/60000 (96%)]	Loss: 0.508812

Test set: Average loss: 0.5475, Accuracy: 8468/10000 (85%)

Train Epoch: 17 [0/60000 (0%)]	Loss: 0.489662
Train Epoch: 17 [6400/60000 (11%)]	Loss: 0.493052
Train Epoch: 17 [12800/60000 (21%)]	Loss: 0.569720
Train Epoch: 17 [19200/60000 (32%)]	Loss: 0.510200
Train Epoch: 17 [25600/60000 (43%)]	Loss: 0.623642
Train Epoch: 17 [32000/60000 (53%)]	Loss: 0.485590
Train Epoch: 17 [38400/60000 (64%)]	Loss: 0.442719
Train Epoch: 17 [44800/60000 (75%)]	Loss: 0.598552
Train Epoch: 17 [51200/60000 (85%)]	Loss: 0.522433
Train Epoch: 17 [57600/60000 (96%)]	Loss: 0.668078

Test set: Average loss: 0.5376, Accuracy: 8469/10000 (85%)

Train Epoch: 18 [0/60000 (0%)]	Loss: 0.706783
Train Epoch: 18 [6400/60000 (11%)]	Loss: 0.433149
Train Epoch: 18 [12800/60000 (21%)]	Loss: 0.588431
Train Epoch: 18 [19200/60000 (32%)]	Loss: 0.487190
Train Epoch: 18 [25600/60000 (43%)]	Loss: 0.449416
Train Epoch: 18 [32000/60000 (53%)]	Loss: 0.549651
Train Epoch: 18 [38400/60000 (64%)]	Loss: 0.452770
Train Epoch: 18 [44800/60000 (75%)]	Loss: 0.462289
Train Epoch: 18 [51200/60000 (85%)]	Loss: 0.465281
Train Epoch: 18 [57600/60000 (96%)]	Loss: 0.422404

Test set: Average loss: 0.4625, Accuracy: 8746/10000 (87%)

Train Epoch: 19 [0/60000 (0%)]	Loss: 0.596093
Train Epoch: 19 [6400/60000 (11%)]	Loss: 0.625488
Train Epoch: 19 [12800/60000 (21%)]	Loss: 0.550504
Train Epoch: 19 [19200/60000 (32%)]	Loss: 0.444319
Train Epoch: 19 [25600/60000 (43%)]	Loss: 0.475398
Train Epoch: 19 [32000/60000 (53%)]	Loss: 0.436404
Train Epoch: 19 [38400/60000 (64%)]	Loss: 0.485433
Train Epoch: 19 [44800/60000 (75%)]	Loss: 0.534627
Train Epoch: 19 [51200/60000 (85%)]	Loss: 0.367361
Train Epoch: 19 [57600/60000 (96%)]	Loss: 0.471958

Test set: Average loss: 0.4387, Accuracy: 8749/10000 (87%)

Train Epoch: 20 [0/60000 (0%)]	Loss: 0.469790
Train Epoch: 20 [6400/60000 (11%)]	Loss: 0.349829
Train Epoch: 20 [12800/60000 (21%)]	Loss: 0.344429
Train Epoch: 20 [19200/60000 (32%)]	Loss: 0.456528
Train Epoch: 20 [25600/60000 (43%)]	Loss: 0.314988
Train Epoch: 20 [32000/60000 (53%)]	Loss: 0.284984
Train Epoch: 20 [38400/60000 (64%)]	Loss: 0.551868
Train Epoch: 20 [44800/60000 (75%)]	Loss: 0.345329
Train Epoch: 20 [51200/60000 (85%)]	Loss: 0.409125
Train Epoch: 20 [57600/60000 (96%)]	Loss: 0.412469

Test set: Average loss: 0.3952, Accuracy: 8913/10000 (89%)

Namespace(batch_size=64, bias=None, data='../data', device=1, epochs=20, hidden_size=500, load_weights=None, log_interval=100, lr=0.1, milestones=[5, 7], model='redfc2', momentum=0.9, no_cuda=False, r=5, save_model=None, save_results=True, scheduler='cosine', seed=1, sparsity=0.95, use_relu=False, wd=0.0005)


Total time spent pruning/training: 2.15 minutes
Total number of parameters in model: 1991420
Number of parameters in pruned model: 99571
