Namespace(batch_size=64, bias=None, data='../data', device=1, epochs=20, hidden_size=500, load_weights=None, log_interval=100, lr=0.1, milestones=[5, 7], model='redfc2', momentum=0.9, no_cuda=False, r=5, save_model=None, save_results=True, scheduler='cosine', seed=1, sparsity=0.9, use_relu=False, wd=0.0005) 

Pruning a Two-Layer Fully Connected Redundant Network ...
Train Epoch: 1 [0/60000 (0%)]	Loss: 2.304945
Train Epoch: 1 [6400/60000 (11%)]	Loss: 0.889415
Train Epoch: 1 [12800/60000 (21%)]	Loss: 0.568904
Train Epoch: 1 [19200/60000 (32%)]	Loss: 0.629713
Train Epoch: 1 [25600/60000 (43%)]	Loss: 0.591501
Train Epoch: 1 [32000/60000 (53%)]	Loss: 0.583118
Train Epoch: 1 [38400/60000 (64%)]	Loss: 0.450021
Train Epoch: 1 [44800/60000 (75%)]	Loss: 0.310672
Train Epoch: 1 [51200/60000 (85%)]	Loss: 0.242056
Train Epoch: 1 [57600/60000 (96%)]	Loss: 0.308240

Test set: Average loss: 0.3351, Accuracy: 9046/10000 (90%)

Train Epoch: 2 [0/60000 (0%)]	Loss: 0.422971
Train Epoch: 2 [6400/60000 (11%)]	Loss: 0.537614
Train Epoch: 2 [12800/60000 (21%)]	Loss: 0.470366
Train Epoch: 2 [19200/60000 (32%)]	Loss: 0.323018
Train Epoch: 2 [25600/60000 (43%)]	Loss: 0.203839
Train Epoch: 2 [32000/60000 (53%)]	Loss: 0.294875
Train Epoch: 2 [38400/60000 (64%)]	Loss: 0.191351
Train Epoch: 2 [44800/60000 (75%)]	Loss: 0.458624
Train Epoch: 2 [51200/60000 (85%)]	Loss: 0.241083
Train Epoch: 2 [57600/60000 (96%)]	Loss: 0.335700

Test set: Average loss: 0.2743, Accuracy: 9176/10000 (92%)

Train Epoch: 3 [0/60000 (0%)]	Loss: 0.166085
Train Epoch: 3 [6400/60000 (11%)]	Loss: 0.210386
Train Epoch: 3 [12800/60000 (21%)]	Loss: 0.395277
Train Epoch: 3 [19200/60000 (32%)]	Loss: 0.258690
Train Epoch: 3 [25600/60000 (43%)]	Loss: 0.306370
Train Epoch: 3 [32000/60000 (53%)]	Loss: 0.166257
Train Epoch: 3 [38400/60000 (64%)]	Loss: 0.267799
Train Epoch: 3 [44800/60000 (75%)]	Loss: 0.205382
Train Epoch: 3 [51200/60000 (85%)]	Loss: 0.209974
Train Epoch: 3 [57600/60000 (96%)]	Loss: 0.422965

Test set: Average loss: 0.2841, Accuracy: 9124/10000 (91%)

Train Epoch: 4 [0/60000 (0%)]	Loss: 0.237183
Train Epoch: 4 [6400/60000 (11%)]	Loss: 0.188246
Train Epoch: 4 [12800/60000 (21%)]	Loss: 0.321644
Train Epoch: 4 [19200/60000 (32%)]	Loss: 0.320879
Train Epoch: 4 [25600/60000 (43%)]	Loss: 0.354198
Train Epoch: 4 [32000/60000 (53%)]	Loss: 0.166118
Train Epoch: 4 [38400/60000 (64%)]	Loss: 0.234219
Train Epoch: 4 [44800/60000 (75%)]	Loss: 0.313930
Train Epoch: 4 [51200/60000 (85%)]	Loss: 0.124235
Train Epoch: 4 [57600/60000 (96%)]	Loss: 0.361087

Test set: Average loss: 0.2715, Accuracy: 9160/10000 (92%)

Train Epoch: 5 [0/60000 (0%)]	Loss: 0.200055
Train Epoch: 5 [6400/60000 (11%)]	Loss: 0.202009
Train Epoch: 5 [12800/60000 (21%)]	Loss: 0.259408
Train Epoch: 5 [19200/60000 (32%)]	Loss: 0.201831
Train Epoch: 5 [25600/60000 (43%)]	Loss: 0.188733
Train Epoch: 5 [32000/60000 (53%)]	Loss: 0.334403
Train Epoch: 5 [38400/60000 (64%)]	Loss: 0.284020
Train Epoch: 5 [44800/60000 (75%)]	Loss: 0.315949
Train Epoch: 5 [51200/60000 (85%)]	Loss: 0.271647
Train Epoch: 5 [57600/60000 (96%)]	Loss: 0.233654

Test set: Average loss: 0.2687, Accuracy: 9237/10000 (92%)

Train Epoch: 6 [0/60000 (0%)]	Loss: 0.273235
Train Epoch: 6 [6400/60000 (11%)]	Loss: 0.270816
Train Epoch: 6 [12800/60000 (21%)]	Loss: 0.241727
Train Epoch: 6 [19200/60000 (32%)]	Loss: 0.332670
Train Epoch: 6 [25600/60000 (43%)]	Loss: 0.208172
Train Epoch: 6 [32000/60000 (53%)]	Loss: 0.365816
Train Epoch: 6 [38400/60000 (64%)]	Loss: 0.460954
Train Epoch: 6 [44800/60000 (75%)]	Loss: 0.179991
Train Epoch: 6 [51200/60000 (85%)]	Loss: 0.262535
Train Epoch: 6 [57600/60000 (96%)]	Loss: 0.591497

Test set: Average loss: 0.2758, Accuracy: 9183/10000 (92%)

Train Epoch: 7 [0/60000 (0%)]	Loss: 0.264903
Train Epoch: 7 [6400/60000 (11%)]	Loss: 0.496216
Train Epoch: 7 [12800/60000 (21%)]	Loss: 0.239172
Train Epoch: 7 [19200/60000 (32%)]	Loss: 0.324186
Train Epoch: 7 [25600/60000 (43%)]	Loss: 0.203144
Train Epoch: 7 [32000/60000 (53%)]	Loss: 0.326828
Train Epoch: 7 [38400/60000 (64%)]	Loss: 0.160999
Train Epoch: 7 [44800/60000 (75%)]	Loss: 0.316503
Train Epoch: 7 [51200/60000 (85%)]	Loss: 0.368413
Train Epoch: 7 [57600/60000 (96%)]	Loss: 0.299606

Test set: Average loss: 0.2811, Accuracy: 9177/10000 (92%)

Train Epoch: 8 [0/60000 (0%)]	Loss: 0.248922
Train Epoch: 8 [6400/60000 (11%)]	Loss: 0.346168
Train Epoch: 8 [12800/60000 (21%)]	Loss: 0.262898
Train Epoch: 8 [19200/60000 (32%)]	Loss: 0.281823
Train Epoch: 8 [25600/60000 (43%)]	Loss: 0.268647
Train Epoch: 8 [32000/60000 (53%)]	Loss: 0.240856
Train Epoch: 8 [38400/60000 (64%)]	Loss: 0.192727
Train Epoch: 8 [44800/60000 (75%)]	Loss: 0.422261
Train Epoch: 8 [51200/60000 (85%)]	Loss: 0.349953
Train Epoch: 8 [57600/60000 (96%)]	Loss: 0.355820

Test set: Average loss: 0.2823, Accuracy: 9139/10000 (91%)

Train Epoch: 9 [0/60000 (0%)]	Loss: 0.334246
Train Epoch: 9 [6400/60000 (11%)]	Loss: 0.229057
Train Epoch: 9 [12800/60000 (21%)]	Loss: 0.378019
Train Epoch: 9 [19200/60000 (32%)]	Loss: 0.474925
Train Epoch: 9 [25600/60000 (43%)]	Loss: 0.355116
Train Epoch: 9 [32000/60000 (53%)]	Loss: 0.167766
Train Epoch: 9 [38400/60000 (64%)]	Loss: 0.417238
Train Epoch: 9 [44800/60000 (75%)]	Loss: 0.134318
Train Epoch: 9 [51200/60000 (85%)]	Loss: 0.378946
Train Epoch: 9 [57600/60000 (96%)]	Loss: 0.314652

Test set: Average loss: 0.3210, Accuracy: 9056/10000 (91%)

Train Epoch: 10 [0/60000 (0%)]	Loss: 0.380739
Train Epoch: 10 [6400/60000 (11%)]	Loss: 0.302852
Train Epoch: 10 [12800/60000 (21%)]	Loss: 0.390034
Train Epoch: 10 [19200/60000 (32%)]	Loss: 0.227652
Train Epoch: 10 [25600/60000 (43%)]	Loss: 0.305341
Train Epoch: 10 [32000/60000 (53%)]	Loss: 0.261904
Train Epoch: 10 [38400/60000 (64%)]	Loss: 0.369009
Train Epoch: 10 [44800/60000 (75%)]	Loss: 0.256900
Train Epoch: 10 [51200/60000 (85%)]	Loss: 0.606771
Train Epoch: 10 [57600/60000 (96%)]	Loss: 0.230697

Test set: Average loss: 0.3343, Accuracy: 9017/10000 (90%)

Train Epoch: 11 [0/60000 (0%)]	Loss: 0.358211
Train Epoch: 11 [6400/60000 (11%)]	Loss: 0.455155
Train Epoch: 11 [12800/60000 (21%)]	Loss: 0.149810
Train Epoch: 11 [19200/60000 (32%)]	Loss: 0.307147
Train Epoch: 11 [25600/60000 (43%)]	Loss: 0.229828
Train Epoch: 11 [32000/60000 (53%)]	Loss: 0.312730
Train Epoch: 11 [38400/60000 (64%)]	Loss: 0.477383
Train Epoch: 11 [44800/60000 (75%)]	Loss: 0.429336
Train Epoch: 11 [51200/60000 (85%)]	Loss: 0.490407
Train Epoch: 11 [57600/60000 (96%)]	Loss: 0.391133

Test set: Average loss: 0.3066, Accuracy: 9083/10000 (91%)

Train Epoch: 12 [0/60000 (0%)]	Loss: 0.291012
Train Epoch: 12 [6400/60000 (11%)]	Loss: 0.425052
Train Epoch: 12 [12800/60000 (21%)]	Loss: 0.534875
Train Epoch: 12 [19200/60000 (32%)]	Loss: 0.317422
Train Epoch: 12 [25600/60000 (43%)]	Loss: 0.322450
Train Epoch: 12 [32000/60000 (53%)]	Loss: 0.236104
Train Epoch: 12 [38400/60000 (64%)]	Loss: 0.225432
Train Epoch: 12 [44800/60000 (75%)]	Loss: 0.553018
Train Epoch: 12 [51200/60000 (85%)]	Loss: 0.398090
Train Epoch: 12 [57600/60000 (96%)]	Loss: 0.327976

Test set: Average loss: 0.3287, Accuracy: 9004/10000 (90%)

Train Epoch: 13 [0/60000 (0%)]	Loss: 0.377787
Train Epoch: 13 [6400/60000 (11%)]	Loss: 0.442819
Train Epoch: 13 [12800/60000 (21%)]	Loss: 0.433487
Train Epoch: 13 [19200/60000 (32%)]	Loss: 0.235219
Train Epoch: 13 [25600/60000 (43%)]	Loss: 0.437978
Train Epoch: 13 [32000/60000 (53%)]	Loss: 0.239662
Train Epoch: 13 [38400/60000 (64%)]	Loss: 0.387455
Train Epoch: 13 [44800/60000 (75%)]	Loss: 0.283061
Train Epoch: 13 [51200/60000 (85%)]	Loss: 0.233322
Train Epoch: 13 [57600/60000 (96%)]	Loss: 0.317818

Test set: Average loss: 0.2895, Accuracy: 9159/10000 (92%)

Train Epoch: 14 [0/60000 (0%)]	Loss: 0.416788
Train Epoch: 14 [6400/60000 (11%)]	Loss: 0.376890
Train Epoch: 14 [12800/60000 (21%)]	Loss: 0.266393
Train Epoch: 14 [19200/60000 (32%)]	Loss: 0.248504
Train Epoch: 14 [25600/60000 (43%)]	Loss: 0.373975
Train Epoch: 14 [32000/60000 (53%)]	Loss: 0.427601
Train Epoch: 14 [38400/60000 (64%)]	Loss: 0.370658
Train Epoch: 14 [44800/60000 (75%)]	Loss: 0.217004
Train Epoch: 14 [51200/60000 (85%)]	Loss: 0.318176
Train Epoch: 14 [57600/60000 (96%)]	Loss: 0.396279

Test set: Average loss: 0.2980, Accuracy: 9132/10000 (91%)

Train Epoch: 15 [0/60000 (0%)]	Loss: 0.320686
Train Epoch: 15 [6400/60000 (11%)]	Loss: 0.238514
Train Epoch: 15 [12800/60000 (21%)]	Loss: 0.185089
Train Epoch: 15 [19200/60000 (32%)]	Loss: 0.203914
Train Epoch: 15 [25600/60000 (43%)]	Loss: 0.417219
Train Epoch: 15 [32000/60000 (53%)]	Loss: 0.308366
Train Epoch: 15 [38400/60000 (64%)]	Loss: 0.272412
Train Epoch: 15 [44800/60000 (75%)]	Loss: 0.134301
Train Epoch: 15 [51200/60000 (85%)]	Loss: 0.350565
Train Epoch: 15 [57600/60000 (96%)]	Loss: 0.201477

Test set: Average loss: 0.2575, Accuracy: 9267/10000 (93%)

Train Epoch: 16 [0/60000 (0%)]	Loss: 0.202654
Train Epoch: 16 [6400/60000 (11%)]	Loss: 0.356869
Train Epoch: 16 [12800/60000 (21%)]	Loss: 0.316958
Train Epoch: 16 [19200/60000 (32%)]	Loss: 0.158202
Train Epoch: 16 [25600/60000 (43%)]	Loss: 0.318544
Train Epoch: 16 [32000/60000 (53%)]	Loss: 0.233025
Train Epoch: 16 [38400/60000 (64%)]	Loss: 0.339172
Train Epoch: 16 [44800/60000 (75%)]	Loss: 0.196955
Train Epoch: 16 [51200/60000 (85%)]	Loss: 0.275380
Train Epoch: 16 [57600/60000 (96%)]	Loss: 0.234975

Test set: Average loss: 0.2397, Accuracy: 9274/10000 (93%)

Train Epoch: 17 [0/60000 (0%)]	Loss: 0.125114
Train Epoch: 17 [6400/60000 (11%)]	Loss: 0.191634
Train Epoch: 17 [12800/60000 (21%)]	Loss: 0.187416
Train Epoch: 17 [19200/60000 (32%)]	Loss: 0.195082
Train Epoch: 17 [25600/60000 (43%)]	Loss: 0.301968
Train Epoch: 17 [32000/60000 (53%)]	Loss: 0.213191
Train Epoch: 17 [38400/60000 (64%)]	Loss: 0.107655
Train Epoch: 17 [44800/60000 (75%)]	Loss: 0.243308
Train Epoch: 17 [51200/60000 (85%)]	Loss: 0.219518
Train Epoch: 17 [57600/60000 (96%)]	Loss: 0.303324

Test set: Average loss: 0.2116, Accuracy: 9368/10000 (94%)

Train Epoch: 18 [0/60000 (0%)]	Loss: 0.212627
Train Epoch: 18 [6400/60000 (11%)]	Loss: 0.075968
Train Epoch: 18 [12800/60000 (21%)]	Loss: 0.270224
Train Epoch: 18 [19200/60000 (32%)]	Loss: 0.292485
Train Epoch: 18 [25600/60000 (43%)]	Loss: 0.202606
Train Epoch: 18 [32000/60000 (53%)]	Loss: 0.162445
Train Epoch: 18 [38400/60000 (64%)]	Loss: 0.103064
Train Epoch: 18 [44800/60000 (75%)]	Loss: 0.172675
Train Epoch: 18 [51200/60000 (85%)]	Loss: 0.175516
Train Epoch: 18 [57600/60000 (96%)]	Loss: 0.143484

Test set: Average loss: 0.2127, Accuracy: 9382/10000 (94%)

Train Epoch: 19 [0/60000 (0%)]	Loss: 0.317422
Train Epoch: 19 [6400/60000 (11%)]	Loss: 0.204520
Train Epoch: 19 [12800/60000 (21%)]	Loss: 0.267337
Train Epoch: 19 [19200/60000 (32%)]	Loss: 0.190044
Train Epoch: 19 [25600/60000 (43%)]	Loss: 0.186535
Train Epoch: 19 [32000/60000 (53%)]	Loss: 0.183804
Train Epoch: 19 [38400/60000 (64%)]	Loss: 0.175340
Train Epoch: 19 [44800/60000 (75%)]	Loss: 0.230771
Train Epoch: 19 [51200/60000 (85%)]	Loss: 0.081606
Train Epoch: 19 [57600/60000 (96%)]	Loss: 0.159415

Test set: Average loss: 0.1655, Accuracy: 9522/10000 (95%)

Train Epoch: 20 [0/60000 (0%)]	Loss: 0.244935
Train Epoch: 20 [6400/60000 (11%)]	Loss: 0.153818
Train Epoch: 20 [12800/60000 (21%)]	Loss: 0.058335
Train Epoch: 20 [19200/60000 (32%)]	Loss: 0.196188
Train Epoch: 20 [25600/60000 (43%)]	Loss: 0.045629
Train Epoch: 20 [32000/60000 (53%)]	Loss: 0.073380
Train Epoch: 20 [38400/60000 (64%)]	Loss: 0.106020
Train Epoch: 20 [44800/60000 (75%)]	Loss: 0.097805
Train Epoch: 20 [51200/60000 (85%)]	Loss: 0.137262
Train Epoch: 20 [57600/60000 (96%)]	Loss: 0.091476

Test set: Average loss: 0.1498, Accuracy: 9577/10000 (96%)

Namespace(batch_size=64, bias=None, data='../data', device=1, epochs=20, hidden_size=500, load_weights=None, log_interval=100, lr=0.1, milestones=[5, 7], model='redfc2', momentum=0.9, no_cuda=False, r=5, save_model=None, save_results=True, scheduler='cosine', seed=1, sparsity=0.9, use_relu=False, wd=0.0005)


Total time spent pruning/training: 2.15 minutes
Total number of parameters in model: 1991420
Number of parameters in pruned model: 199141
