Namespace(batch_size=64, bias=None, data='../data', device=1, epochs=20, hidden_size=500, load_weights=None, log_interval=100, lr=0.1, milestones=[5, 7], model='redfc2', momentum=0.9, no_cuda=False, r=5, save_model=None, save_results=True, scheduler='cosine', seed=1, sparsity=0.25, use_relu=True, wd=0.0005) 

Pruning a Two-Layer Fully Connected Redundant Network ...
Train Epoch: 1 [0/60000 (0%)]	Loss: 7.207486
Train Epoch: 1 [6400/60000 (11%)]	Loss: 0.597817
Train Epoch: 1 [12800/60000 (21%)]	Loss: 0.277890
Train Epoch: 1 [19200/60000 (32%)]	Loss: 0.442762
Train Epoch: 1 [25600/60000 (43%)]	Loss: 0.309690
Train Epoch: 1 [32000/60000 (53%)]	Loss: 0.372720
Train Epoch: 1 [38400/60000 (64%)]	Loss: 0.345161
Train Epoch: 1 [44800/60000 (75%)]	Loss: 0.200849
Train Epoch: 1 [51200/60000 (85%)]	Loss: 0.161832
Train Epoch: 1 [57600/60000 (96%)]	Loss: 0.182267

Test set: Average loss: 0.2116, Accuracy: 9353/10000 (94%)

Train Epoch: 2 [0/60000 (0%)]	Loss: 0.228580
Train Epoch: 2 [6400/60000 (11%)]	Loss: 0.527871
Train Epoch: 2 [12800/60000 (21%)]	Loss: 0.245952
Train Epoch: 2 [19200/60000 (32%)]	Loss: 0.206544
Train Epoch: 2 [25600/60000 (43%)]	Loss: 0.088690
Train Epoch: 2 [32000/60000 (53%)]	Loss: 0.207287
Train Epoch: 2 [38400/60000 (64%)]	Loss: 0.070235
Train Epoch: 2 [44800/60000 (75%)]	Loss: 0.328579
Train Epoch: 2 [51200/60000 (85%)]	Loss: 0.182701
Train Epoch: 2 [57600/60000 (96%)]	Loss: 0.167632

Test set: Average loss: 0.1832, Accuracy: 9429/10000 (94%)

Train Epoch: 3 [0/60000 (0%)]	Loss: 0.137415
Train Epoch: 3 [6400/60000 (11%)]	Loss: 0.137024
Train Epoch: 3 [12800/60000 (21%)]	Loss: 0.248128
Train Epoch: 3 [19200/60000 (32%)]	Loss: 0.185593
Train Epoch: 3 [25600/60000 (43%)]	Loss: 0.170196
Train Epoch: 3 [32000/60000 (53%)]	Loss: 0.114022
Train Epoch: 3 [38400/60000 (64%)]	Loss: 0.207388
Train Epoch: 3 [44800/60000 (75%)]	Loss: 0.160362
Train Epoch: 3 [51200/60000 (85%)]	Loss: 0.124792
Train Epoch: 3 [57600/60000 (96%)]	Loss: 0.227151

Test set: Average loss: 0.1748, Accuracy: 9468/10000 (95%)

Train Epoch: 4 [0/60000 (0%)]	Loss: 0.133371
Train Epoch: 4 [6400/60000 (11%)]	Loss: 0.126360
Train Epoch: 4 [12800/60000 (21%)]	Loss: 0.153795
Train Epoch: 4 [19200/60000 (32%)]	Loss: 0.292478
Train Epoch: 4 [25600/60000 (43%)]	Loss: 0.350794
Train Epoch: 4 [32000/60000 (53%)]	Loss: 0.149149
Train Epoch: 4 [38400/60000 (64%)]	Loss: 0.183758
Train Epoch: 4 [44800/60000 (75%)]	Loss: 0.167510
Train Epoch: 4 [51200/60000 (85%)]	Loss: 0.218574
Train Epoch: 4 [57600/60000 (96%)]	Loss: 0.171472

Test set: Average loss: 0.2044, Accuracy: 9410/10000 (94%)

Train Epoch: 5 [0/60000 (0%)]	Loss: 0.087841
Train Epoch: 5 [6400/60000 (11%)]	Loss: 0.157025
Train Epoch: 5 [12800/60000 (21%)]	Loss: 0.212602
Train Epoch: 5 [19200/60000 (32%)]	Loss: 0.126072
Train Epoch: 5 [25600/60000 (43%)]	Loss: 0.098475
Train Epoch: 5 [32000/60000 (53%)]	Loss: 0.174148
Train Epoch: 5 [38400/60000 (64%)]	Loss: 0.287184
Train Epoch: 5 [44800/60000 (75%)]	Loss: 0.170111
Train Epoch: 5 [51200/60000 (85%)]	Loss: 0.216918
Train Epoch: 5 [57600/60000 (96%)]	Loss: 0.125161

Test set: Average loss: 0.2013, Accuracy: 9405/10000 (94%)

Train Epoch: 6 [0/60000 (0%)]	Loss: 0.165641
Train Epoch: 6 [6400/60000 (11%)]	Loss: 0.264606
Train Epoch: 6 [12800/60000 (21%)]	Loss: 0.121930
Train Epoch: 6 [19200/60000 (32%)]	Loss: 0.241330
Train Epoch: 6 [25600/60000 (43%)]	Loss: 0.235621
Train Epoch: 6 [32000/60000 (53%)]	Loss: 0.267614
Train Epoch: 6 [38400/60000 (64%)]	Loss: 0.355364
Train Epoch: 6 [44800/60000 (75%)]	Loss: 0.301368
Train Epoch: 6 [51200/60000 (85%)]	Loss: 0.191098
Train Epoch: 6 [57600/60000 (96%)]	Loss: 0.520905

Test set: Average loss: 0.2329, Accuracy: 9260/10000 (93%)

Train Epoch: 7 [0/60000 (0%)]	Loss: 0.227229
Train Epoch: 7 [6400/60000 (11%)]	Loss: 0.364581
Train Epoch: 7 [12800/60000 (21%)]	Loss: 0.278538
Train Epoch: 7 [19200/60000 (32%)]	Loss: 0.316179
Train Epoch: 7 [25600/60000 (43%)]	Loss: 0.217811
Train Epoch: 7 [32000/60000 (53%)]	Loss: 0.221112
Train Epoch: 7 [38400/60000 (64%)]	Loss: 0.201224
Train Epoch: 7 [44800/60000 (75%)]	Loss: 0.357150
Train Epoch: 7 [51200/60000 (85%)]	Loss: 0.381495
Train Epoch: 7 [57600/60000 (96%)]	Loss: 0.318082

Test set: Average loss: 0.2911, Accuracy: 9039/10000 (90%)

Train Epoch: 8 [0/60000 (0%)]	Loss: 0.233892
Train Epoch: 8 [6400/60000 (11%)]	Loss: 0.237697
Train Epoch: 8 [12800/60000 (21%)]	Loss: 0.227097
Train Epoch: 8 [19200/60000 (32%)]	Loss: 0.303766
Train Epoch: 8 [25600/60000 (43%)]	Loss: 0.230878
Train Epoch: 8 [32000/60000 (53%)]	Loss: 0.189264
Train Epoch: 8 [38400/60000 (64%)]	Loss: 0.156768
Train Epoch: 8 [44800/60000 (75%)]	Loss: 0.291590
Train Epoch: 8 [51200/60000 (85%)]	Loss: 0.144751
Train Epoch: 8 [57600/60000 (96%)]	Loss: 0.226765

Test set: Average loss: 0.2192, Accuracy: 9317/10000 (93%)

Train Epoch: 9 [0/60000 (0%)]	Loss: 0.234791
Train Epoch: 9 [6400/60000 (11%)]	Loss: 0.173711
Train Epoch: 9 [12800/60000 (21%)]	Loss: 0.345230
Train Epoch: 9 [19200/60000 (32%)]	Loss: 0.257356
Train Epoch: 9 [25600/60000 (43%)]	Loss: 0.218012
Train Epoch: 9 [32000/60000 (53%)]	Loss: 0.127176
Train Epoch: 9 [38400/60000 (64%)]	Loss: 0.445332
Train Epoch: 9 [44800/60000 (75%)]	Loss: 0.223752
Train Epoch: 9 [51200/60000 (85%)]	Loss: 0.192988
Train Epoch: 9 [57600/60000 (96%)]	Loss: 0.159992

Test set: Average loss: 0.2829, Accuracy: 9105/10000 (91%)

Train Epoch: 10 [0/60000 (0%)]	Loss: 0.227338
Train Epoch: 10 [6400/60000 (11%)]	Loss: 0.297663
Train Epoch: 10 [12800/60000 (21%)]	Loss: 0.335136
Train Epoch: 10 [19200/60000 (32%)]	Loss: 0.201119
Train Epoch: 10 [25600/60000 (43%)]	Loss: 0.281240
Train Epoch: 10 [32000/60000 (53%)]	Loss: 0.236258
Train Epoch: 10 [38400/60000 (64%)]	Loss: 0.160195
Train Epoch: 10 [44800/60000 (75%)]	Loss: 0.200957
Train Epoch: 10 [51200/60000 (85%)]	Loss: 0.419040
Train Epoch: 10 [57600/60000 (96%)]	Loss: 0.232542

Test set: Average loss: 0.2879, Accuracy: 9104/10000 (91%)

Train Epoch: 11 [0/60000 (0%)]	Loss: 0.240508
Train Epoch: 11 [6400/60000 (11%)]	Loss: 0.275372
Train Epoch: 11 [12800/60000 (21%)]	Loss: 0.110516
Train Epoch: 11 [19200/60000 (32%)]	Loss: 0.239089
Train Epoch: 11 [25600/60000 (43%)]	Loss: 0.201592
Train Epoch: 11 [32000/60000 (53%)]	Loss: 0.227882
Train Epoch: 11 [38400/60000 (64%)]	Loss: 0.306309
Train Epoch: 11 [44800/60000 (75%)]	Loss: 0.269997
Train Epoch: 11 [51200/60000 (85%)]	Loss: 0.389240
Train Epoch: 11 [57600/60000 (96%)]	Loss: 0.312755

Test set: Average loss: 0.2601, Accuracy: 9176/10000 (92%)

Train Epoch: 12 [0/60000 (0%)]	Loss: 0.182944
Train Epoch: 12 [6400/60000 (11%)]	Loss: 0.512773
Train Epoch: 12 [12800/60000 (21%)]	Loss: 0.197160
Train Epoch: 12 [19200/60000 (32%)]	Loss: 0.259310
Train Epoch: 12 [25600/60000 (43%)]	Loss: 0.258709
Train Epoch: 12 [32000/60000 (53%)]	Loss: 0.177873
Train Epoch: 12 [38400/60000 (64%)]	Loss: 0.216572
Train Epoch: 12 [44800/60000 (75%)]	Loss: 0.439646
Train Epoch: 12 [51200/60000 (85%)]	Loss: 0.395240
Train Epoch: 12 [57600/60000 (96%)]	Loss: 0.224115

Test set: Average loss: 0.2401, Accuracy: 9268/10000 (93%)

Train Epoch: 13 [0/60000 (0%)]	Loss: 0.221303
Train Epoch: 13 [6400/60000 (11%)]	Loss: 0.357893
Train Epoch: 13 [12800/60000 (21%)]	Loss: 0.274795
Train Epoch: 13 [19200/60000 (32%)]	Loss: 0.173965
Train Epoch: 13 [25600/60000 (43%)]	Loss: 0.228638
Train Epoch: 13 [32000/60000 (53%)]	Loss: 0.122889
Train Epoch: 13 [38400/60000 (64%)]	Loss: 0.274738
Train Epoch: 13 [44800/60000 (75%)]	Loss: 0.186336
Train Epoch: 13 [51200/60000 (85%)]	Loss: 0.182555
Train Epoch: 13 [57600/60000 (96%)]	Loss: 0.299054

Test set: Average loss: 0.2953, Accuracy: 9090/10000 (91%)

Train Epoch: 14 [0/60000 (0%)]	Loss: 0.398608
Train Epoch: 14 [6400/60000 (11%)]	Loss: 0.215752
Train Epoch: 14 [12800/60000 (21%)]	Loss: 0.223217
Train Epoch: 14 [19200/60000 (32%)]	Loss: 0.128442
Train Epoch: 14 [25600/60000 (43%)]	Loss: 0.298517
Train Epoch: 14 [32000/60000 (53%)]	Loss: 0.370208
Train Epoch: 14 [38400/60000 (64%)]	Loss: 0.187753
Train Epoch: 14 [44800/60000 (75%)]	Loss: 0.127957
Train Epoch: 14 [51200/60000 (85%)]	Loss: 0.246677
Train Epoch: 14 [57600/60000 (96%)]	Loss: 0.247372

Test set: Average loss: 0.2327, Accuracy: 9311/10000 (93%)

Train Epoch: 15 [0/60000 (0%)]	Loss: 0.156385
Train Epoch: 15 [6400/60000 (11%)]	Loss: 0.208158
Train Epoch: 15 [12800/60000 (21%)]	Loss: 0.142289
Train Epoch: 15 [19200/60000 (32%)]	Loss: 0.158340
Train Epoch: 15 [25600/60000 (43%)]	Loss: 0.351126
Train Epoch: 15 [32000/60000 (53%)]	Loss: 0.250711
Train Epoch: 15 [38400/60000 (64%)]	Loss: 0.127070
Train Epoch: 15 [44800/60000 (75%)]	Loss: 0.128984
Train Epoch: 15 [51200/60000 (85%)]	Loss: 0.269337
Train Epoch: 15 [57600/60000 (96%)]	Loss: 0.118899

Test set: Average loss: 0.2241, Accuracy: 9364/10000 (94%)

Train Epoch: 16 [0/60000 (0%)]	Loss: 0.194503
Train Epoch: 16 [6400/60000 (11%)]	Loss: 0.288052
Train Epoch: 16 [12800/60000 (21%)]	Loss: 0.170961
Train Epoch: 16 [19200/60000 (32%)]	Loss: 0.108545
Train Epoch: 16 [25600/60000 (43%)]	Loss: 0.255388
Train Epoch: 16 [32000/60000 (53%)]	Loss: 0.187428
Train Epoch: 16 [38400/60000 (64%)]	Loss: 0.277629
Train Epoch: 16 [44800/60000 (75%)]	Loss: 0.291175
Train Epoch: 16 [51200/60000 (85%)]	Loss: 0.200565
Train Epoch: 16 [57600/60000 (96%)]	Loss: 0.166520

Test set: Average loss: 0.2016, Accuracy: 9366/10000 (94%)

Train Epoch: 17 [0/60000 (0%)]	Loss: 0.087556
Train Epoch: 17 [6400/60000 (11%)]	Loss: 0.160849
Train Epoch: 17 [12800/60000 (21%)]	Loss: 0.082076
Train Epoch: 17 [19200/60000 (32%)]	Loss: 0.099885
Train Epoch: 17 [25600/60000 (43%)]	Loss: 0.239751
Train Epoch: 17 [32000/60000 (53%)]	Loss: 0.105477
Train Epoch: 17 [38400/60000 (64%)]	Loss: 0.119819
Train Epoch: 17 [44800/60000 (75%)]	Loss: 0.138732
Train Epoch: 17 [51200/60000 (85%)]	Loss: 0.145362
Train Epoch: 17 [57600/60000 (96%)]	Loss: 0.267280

Test set: Average loss: 0.1851, Accuracy: 9438/10000 (94%)

Train Epoch: 18 [0/60000 (0%)]	Loss: 0.158173
Train Epoch: 18 [6400/60000 (11%)]	Loss: 0.051480
Train Epoch: 18 [12800/60000 (21%)]	Loss: 0.143074
Train Epoch: 18 [19200/60000 (32%)]	Loss: 0.179658
Train Epoch: 18 [25600/60000 (43%)]	Loss: 0.184125
Train Epoch: 18 [32000/60000 (53%)]	Loss: 0.121788
Train Epoch: 18 [38400/60000 (64%)]	Loss: 0.104544
Train Epoch: 18 [44800/60000 (75%)]	Loss: 0.102475
Train Epoch: 18 [51200/60000 (85%)]	Loss: 0.189731
Train Epoch: 18 [57600/60000 (96%)]	Loss: 0.105727

Test set: Average loss: 0.1596, Accuracy: 9513/10000 (95%)

Train Epoch: 19 [0/60000 (0%)]	Loss: 0.256098
Train Epoch: 19 [6400/60000 (11%)]	Loss: 0.117634
Train Epoch: 19 [12800/60000 (21%)]	Loss: 0.155330
Train Epoch: 19 [19200/60000 (32%)]	Loss: 0.135881
Train Epoch: 19 [25600/60000 (43%)]	Loss: 0.101182
Train Epoch: 19 [32000/60000 (53%)]	Loss: 0.052825
Train Epoch: 19 [38400/60000 (64%)]	Loss: 0.080476
Train Epoch: 19 [44800/60000 (75%)]	Loss: 0.153029
Train Epoch: 19 [51200/60000 (85%)]	Loss: 0.029413
Train Epoch: 19 [57600/60000 (96%)]	Loss: 0.096033

Test set: Average loss: 0.1242, Accuracy: 9614/10000 (96%)

Train Epoch: 20 [0/60000 (0%)]	Loss: 0.150291
Train Epoch: 20 [6400/60000 (11%)]	Loss: 0.100330
Train Epoch: 20 [12800/60000 (21%)]	Loss: 0.021915
Train Epoch: 20 [19200/60000 (32%)]	Loss: 0.090159
Train Epoch: 20 [25600/60000 (43%)]	Loss: 0.026038
Train Epoch: 20 [32000/60000 (53%)]	Loss: 0.032593
Train Epoch: 20 [38400/60000 (64%)]	Loss: 0.037217
Train Epoch: 20 [44800/60000 (75%)]	Loss: 0.059165
Train Epoch: 20 [51200/60000 (85%)]	Loss: 0.116047
Train Epoch: 20 [57600/60000 (96%)]	Loss: 0.037438

Test set: Average loss: 0.1022, Accuracy: 9690/10000 (97%)

Namespace(batch_size=64, bias=None, data='../data', device=1, epochs=20, hidden_size=500, load_weights=None, log_interval=100, lr=0.1, milestones=[5, 7], model='redfc2', momentum=0.9, no_cuda=False, r=5, save_model=None, save_results=True, scheduler='cosine', seed=1, sparsity=0.25, use_relu=True, wd=0.0005)


Total time spent pruning/training: 2.16 minutes
Total number of parameters in model: 1991420
Number of parameters in pruned model: 1493565
