Namespace(batch_size=64, bias=None, data='../data', device=1, epochs=20, hidden_size=500, load_weights=None, log_interval=100, lr=0.1, milestones=[5, 7], model='redfc2', momentum=0.9, no_cuda=False, r=5, save_model=None, save_results=True, scheduler='cosine', seed=1, sparsity=0.02, use_relu=True, wd=0.0005) 

Pruning a Two-Layer Fully Connected Redundant Network ...
Train Epoch: 1 [0/60000 (0%)]	Loss: 10.132563
Train Epoch: 1 [6400/60000 (11%)]	Loss: 1.048193
Train Epoch: 1 [12800/60000 (21%)]	Loss: 0.739523
Train Epoch: 1 [19200/60000 (32%)]	Loss: 0.756455
Train Epoch: 1 [25600/60000 (43%)]	Loss: 0.588042
Train Epoch: 1 [32000/60000 (53%)]	Loss: 0.930421
Train Epoch: 1 [38400/60000 (64%)]	Loss: 1.245259
Train Epoch: 1 [44800/60000 (75%)]	Loss: 1.320347
Train Epoch: 1 [51200/60000 (85%)]	Loss: 0.746183
Train Epoch: 1 [57600/60000 (96%)]	Loss: 1.718637

Test set: Average loss: 1.7530, Accuracy: 5650/10000 (56%)

Train Epoch: 2 [0/60000 (0%)]	Loss: 1.923216
Train Epoch: 2 [6400/60000 (11%)]	Loss: 1.876620
Train Epoch: 2 [12800/60000 (21%)]	Loss: 1.148645
Train Epoch: 2 [19200/60000 (32%)]	Loss: 2.327771
Train Epoch: 2 [25600/60000 (43%)]	Loss: 2.358118
Train Epoch: 2 [32000/60000 (53%)]	Loss: 2.255952
Train Epoch: 2 [38400/60000 (64%)]	Loss: 2.262478
Train Epoch: 2 [44800/60000 (75%)]	Loss: 2.839904
Train Epoch: 2 [51200/60000 (85%)]	Loss: 3.409873
Train Epoch: 2 [57600/60000 (96%)]	Loss: 3.710718

Test set: Average loss: 3.6511, Accuracy: 2790/10000 (28%)

Train Epoch: 3 [0/60000 (0%)]	Loss: 4.085851
Train Epoch: 3 [6400/60000 (11%)]	Loss: 4.009615
Train Epoch: 3 [12800/60000 (21%)]	Loss: 4.481472
Train Epoch: 3 [19200/60000 (32%)]	Loss: 4.234196
Train Epoch: 3 [25600/60000 (43%)]	Loss: 3.223274
Train Epoch: 3 [32000/60000 (53%)]	Loss: 5.107813
Train Epoch: 3 [38400/60000 (64%)]	Loss: 4.707873
Train Epoch: 3 [44800/60000 (75%)]	Loss: 5.393476
Train Epoch: 3 [51200/60000 (85%)]	Loss: 4.953279
Train Epoch: 3 [57600/60000 (96%)]	Loss: 4.731676

Test set: Average loss: 5.3233, Accuracy: 1575/10000 (16%)

Train Epoch: 4 [0/60000 (0%)]	Loss: 5.968763
Train Epoch: 4 [6400/60000 (11%)]	Loss: 5.272338
Train Epoch: 4 [12800/60000 (21%)]	Loss: 4.890393
Train Epoch: 4 [19200/60000 (32%)]	Loss: 5.875142
Train Epoch: 4 [25600/60000 (43%)]	Loss: 5.990045
Train Epoch: 4 [32000/60000 (53%)]	Loss: 6.498138
Train Epoch: 4 [38400/60000 (64%)]	Loss: 4.520833
Train Epoch: 4 [44800/60000 (75%)]	Loss: 6.249066
Train Epoch: 4 [51200/60000 (85%)]	Loss: 6.995223
Train Epoch: 4 [57600/60000 (96%)]	Loss: 6.807099

Test set: Average loss: 6.3747, Accuracy: 1266/10000 (13%)

Train Epoch: 5 [0/60000 (0%)]	Loss: 6.625838
Train Epoch: 5 [6400/60000 (11%)]	Loss: 6.499433
Train Epoch: 5 [12800/60000 (21%)]	Loss: 6.091915
Train Epoch: 5 [19200/60000 (32%)]	Loss: 6.219230
Train Epoch: 5 [25600/60000 (43%)]	Loss: 6.910218
Train Epoch: 5 [32000/60000 (53%)]	Loss: 6.189886
Train Epoch: 5 [38400/60000 (64%)]	Loss: 5.948542
Train Epoch: 5 [44800/60000 (75%)]	Loss: 6.982723
Train Epoch: 5 [51200/60000 (85%)]	Loss: 6.164561
Train Epoch: 5 [57600/60000 (96%)]	Loss: 5.392701

Test set: Average loss: 6.7476, Accuracy: 1087/10000 (11%)

Train Epoch: 6 [0/60000 (0%)]	Loss: 6.996556
Train Epoch: 6 [6400/60000 (11%)]	Loss: 5.992093
Train Epoch: 6 [12800/60000 (21%)]	Loss: 6.626884
Train Epoch: 6 [19200/60000 (32%)]	Loss: 5.940943
Train Epoch: 6 [25600/60000 (43%)]	Loss: 6.341143
Train Epoch: 6 [32000/60000 (53%)]	Loss: 5.930673
Train Epoch: 6 [38400/60000 (64%)]	Loss: 6.186595
Train Epoch: 6 [44800/60000 (75%)]	Loss: 7.200203
Train Epoch: 6 [51200/60000 (85%)]	Loss: 5.928418
Train Epoch: 6 [57600/60000 (96%)]	Loss: 7.601592

Test set: Average loss: 7.0332, Accuracy: 1089/10000 (11%)

Train Epoch: 7 [0/60000 (0%)]	Loss: 6.830990
Train Epoch: 7 [6400/60000 (11%)]	Loss: 6.958185
Train Epoch: 7 [12800/60000 (21%)]	Loss: 7.506776
Train Epoch: 7 [19200/60000 (32%)]	Loss: 6.634613
Train Epoch: 7 [25600/60000 (43%)]	Loss: 6.549634
Train Epoch: 7 [32000/60000 (53%)]	Loss: 7.700867
Train Epoch: 7 [38400/60000 (64%)]	Loss: 7.487123
Train Epoch: 7 [44800/60000 (75%)]	Loss: 7.246989
Train Epoch: 7 [51200/60000 (85%)]	Loss: 7.699844
Train Epoch: 7 [57600/60000 (96%)]	Loss: 5.857330

Test set: Average loss: 7.3920, Accuracy: 984/10000 (10%)

Train Epoch: 8 [0/60000 (0%)]	Loss: 7.701271
Train Epoch: 8 [6400/60000 (11%)]	Loss: 7.505837
Train Epoch: 8 [12800/60000 (21%)]	Loss: 6.869082
Train Epoch: 8 [19200/60000 (32%)]	Loss: 8.194310
Train Epoch: 8 [25600/60000 (43%)]	Loss: 6.859436
Train Epoch: 8 [32000/60000 (53%)]	Loss: 7.037660
Train Epoch: 8 [38400/60000 (64%)]	Loss: 8.153192
Train Epoch: 8 [44800/60000 (75%)]	Loss: 7.605348
Train Epoch: 8 [51200/60000 (85%)]	Loss: 7.766644
Train Epoch: 8 [57600/60000 (96%)]	Loss: 7.569840

Test set: Average loss: 7.4697, Accuracy: 1018/10000 (10%)

Train Epoch: 9 [0/60000 (0%)]	Loss: 7.638525
Train Epoch: 9 [6400/60000 (11%)]	Loss: 7.419809
Train Epoch: 9 [12800/60000 (21%)]	Loss: 6.994668
Train Epoch: 9 [19200/60000 (32%)]	Loss: 9.015741
Train Epoch: 9 [25600/60000 (43%)]	Loss: 7.931610
Train Epoch: 9 [32000/60000 (53%)]	Loss: 7.951301
Train Epoch: 9 [38400/60000 (64%)]	Loss: 8.098217
Train Epoch: 9 [44800/60000 (75%)]	Loss: 6.898336
Train Epoch: 9 [51200/60000 (85%)]	Loss: 7.200554
Train Epoch: 9 [57600/60000 (96%)]	Loss: 7.763909

Test set: Average loss: 7.5433, Accuracy: 994/10000 (10%)

Train Epoch: 10 [0/60000 (0%)]	Loss: 8.107683
Train Epoch: 10 [6400/60000 (11%)]	Loss: 6.600649
Train Epoch: 10 [12800/60000 (21%)]	Loss: 7.391390
Train Epoch: 10 [19200/60000 (32%)]	Loss: 7.810337
Train Epoch: 10 [25600/60000 (43%)]	Loss: 8.093339
Train Epoch: 10 [32000/60000 (53%)]	Loss: 6.915090
Train Epoch: 10 [38400/60000 (64%)]	Loss: 7.250854
Train Epoch: 10 [44800/60000 (75%)]	Loss: 7.625680
Train Epoch: 10 [51200/60000 (85%)]	Loss: 7.994798
Train Epoch: 10 [57600/60000 (96%)]	Loss: 8.887759

Test set: Average loss: 7.5341, Accuracy: 1042/10000 (10%)

Train Epoch: 11 [0/60000 (0%)]	Loss: 7.769677
Train Epoch: 11 [6400/60000 (11%)]	Loss: 8.401065
Train Epoch: 11 [12800/60000 (21%)]	Loss: 7.623177
Train Epoch: 11 [19200/60000 (32%)]	Loss: 8.240006
Train Epoch: 11 [25600/60000 (43%)]	Loss: 7.676832
Train Epoch: 11 [32000/60000 (53%)]	Loss: 7.680674
Train Epoch: 11 [38400/60000 (64%)]	Loss: 8.492597
Train Epoch: 11 [44800/60000 (75%)]	Loss: 6.673255
Train Epoch: 11 [51200/60000 (85%)]	Loss: 7.119202
Train Epoch: 11 [57600/60000 (96%)]	Loss: 7.586526

Test set: Average loss: 7.7954, Accuracy: 988/10000 (10%)

Train Epoch: 12 [0/60000 (0%)]	Loss: 8.867086
Train Epoch: 12 [6400/60000 (11%)]	Loss: 7.443407
Train Epoch: 12 [12800/60000 (21%)]	Loss: 7.894449
Train Epoch: 12 [19200/60000 (32%)]	Loss: 6.995964
Train Epoch: 12 [25600/60000 (43%)]	Loss: 8.768825
Train Epoch: 12 [32000/60000 (53%)]	Loss: 7.218184
Train Epoch: 12 [38400/60000 (64%)]	Loss: 8.544733
Train Epoch: 12 [44800/60000 (75%)]	Loss: 7.033232
Train Epoch: 12 [51200/60000 (85%)]	Loss: 7.343372
Train Epoch: 12 [57600/60000 (96%)]	Loss: 6.471581

Test set: Average loss: 7.7632, Accuracy: 913/10000 (9%)

Train Epoch: 13 [0/60000 (0%)]	Loss: 8.127583
Train Epoch: 13 [6400/60000 (11%)]	Loss: 8.047503
Train Epoch: 13 [12800/60000 (21%)]	Loss: 6.704281
Train Epoch: 13 [19200/60000 (32%)]	Loss: 8.427555
Train Epoch: 13 [25600/60000 (43%)]	Loss: 6.896279
Train Epoch: 13 [32000/60000 (53%)]	Loss: 8.178204
Train Epoch: 13 [38400/60000 (64%)]	Loss: 8.482751
Train Epoch: 13 [44800/60000 (75%)]	Loss: 8.355204
Train Epoch: 13 [51200/60000 (85%)]	Loss: 8.305915
Train Epoch: 13 [57600/60000 (96%)]	Loss: 7.372374

Test set: Average loss: 7.8478, Accuracy: 947/10000 (9%)

Train Epoch: 14 [0/60000 (0%)]	Loss: 8.695116
Train Epoch: 14 [6400/60000 (11%)]	Loss: 7.939640
Train Epoch: 14 [12800/60000 (21%)]	Loss: 7.632895
Train Epoch: 14 [19200/60000 (32%)]	Loss: 7.557464
Train Epoch: 14 [25600/60000 (43%)]	Loss: 8.145107
Train Epoch: 14 [32000/60000 (53%)]	Loss: 7.167880
Train Epoch: 14 [38400/60000 (64%)]	Loss: 7.719976
Train Epoch: 14 [44800/60000 (75%)]	Loss: 6.729562
Train Epoch: 14 [51200/60000 (85%)]	Loss: 7.373339
Train Epoch: 14 [57600/60000 (96%)]	Loss: 8.301628

Test set: Average loss: 7.9092, Accuracy: 939/10000 (9%)

Train Epoch: 15 [0/60000 (0%)]	Loss: 8.812801
Train Epoch: 15 [6400/60000 (11%)]	Loss: 7.242784
Train Epoch: 15 [12800/60000 (21%)]	Loss: 7.077495
Train Epoch: 15 [19200/60000 (32%)]	Loss: 9.537451
Train Epoch: 15 [25600/60000 (43%)]	Loss: 7.624538
Train Epoch: 15 [32000/60000 (53%)]	Loss: 8.670602
Train Epoch: 15 [38400/60000 (64%)]	Loss: 8.545773
Train Epoch: 15 [44800/60000 (75%)]	Loss: 8.114124
Train Epoch: 15 [51200/60000 (85%)]	Loss: 8.092933
Train Epoch: 15 [57600/60000 (96%)]	Loss: 7.774115

Test set: Average loss: 7.6452, Accuracy: 973/10000 (10%)

Train Epoch: 16 [0/60000 (0%)]	Loss: 7.573432
Train Epoch: 16 [6400/60000 (11%)]	Loss: 6.921527
Train Epoch: 16 [12800/60000 (21%)]	Loss: 8.528056
Train Epoch: 16 [19200/60000 (32%)]	Loss: 8.074247
Train Epoch: 16 [25600/60000 (43%)]	Loss: 6.994070
Train Epoch: 16 [32000/60000 (53%)]	Loss: 7.030210
Train Epoch: 16 [38400/60000 (64%)]	Loss: 8.385536
Train Epoch: 16 [44800/60000 (75%)]	Loss: 9.004263
Train Epoch: 16 [51200/60000 (85%)]	Loss: 8.056922
Train Epoch: 16 [57600/60000 (96%)]	Loss: 7.812657

Test set: Average loss: 7.7297, Accuracy: 973/10000 (10%)

Train Epoch: 17 [0/60000 (0%)]	Loss: 7.246331
Train Epoch: 17 [6400/60000 (11%)]	Loss: 8.654609
Train Epoch: 17 [12800/60000 (21%)]	Loss: 7.989247
Train Epoch: 17 [19200/60000 (32%)]	Loss: 7.941095
Train Epoch: 17 [25600/60000 (43%)]	Loss: 9.246243
Train Epoch: 17 [32000/60000 (53%)]	Loss: 9.089399
Train Epoch: 17 [38400/60000 (64%)]	Loss: 7.235464
Train Epoch: 17 [44800/60000 (75%)]	Loss: 7.061467
Train Epoch: 17 [51200/60000 (85%)]	Loss: 7.995793
Train Epoch: 17 [57600/60000 (96%)]	Loss: 8.066764

Test set: Average loss: 7.7775, Accuracy: 973/10000 (10%)

Train Epoch: 18 [0/60000 (0%)]	Loss: 7.474990
Train Epoch: 18 [6400/60000 (11%)]	Loss: 7.510617
Train Epoch: 18 [12800/60000 (21%)]	Loss: 7.340009
Train Epoch: 18 [19200/60000 (32%)]	Loss: 7.749019
Train Epoch: 18 [25600/60000 (43%)]	Loss: 8.889504
Train Epoch: 18 [32000/60000 (53%)]	Loss: 8.140068
Train Epoch: 18 [38400/60000 (64%)]	Loss: 8.235032
Train Epoch: 18 [44800/60000 (75%)]	Loss: 8.174581
Train Epoch: 18 [51200/60000 (85%)]	Loss: 9.289203
Train Epoch: 18 [57600/60000 (96%)]	Loss: 8.489000

Test set: Average loss: 8.1448, Accuracy: 923/10000 (9%)

Train Epoch: 19 [0/60000 (0%)]	Loss: 7.828701
Train Epoch: 19 [6400/60000 (11%)]	Loss: 7.798426
Train Epoch: 19 [12800/60000 (21%)]	Loss: 7.964832
Train Epoch: 19 [19200/60000 (32%)]	Loss: 8.021486
Train Epoch: 19 [25600/60000 (43%)]	Loss: 8.510990
Train Epoch: 19 [32000/60000 (53%)]	Loss: 8.042231
Train Epoch: 19 [38400/60000 (64%)]	Loss: 8.409744
Train Epoch: 19 [44800/60000 (75%)]	Loss: 7.617648
Train Epoch: 19 [51200/60000 (85%)]	Loss: 8.222906
Train Epoch: 19 [57600/60000 (96%)]	Loss: 8.839514

Test set: Average loss: 8.1187, Accuracy: 802/10000 (8%)

Train Epoch: 20 [0/60000 (0%)]	Loss: 8.291397
Train Epoch: 20 [6400/60000 (11%)]	Loss: 8.227321
Train Epoch: 20 [12800/60000 (21%)]	Loss: 9.463024
Train Epoch: 20 [19200/60000 (32%)]	Loss: 8.881462
Train Epoch: 20 [25600/60000 (43%)]	Loss: 7.704885
Train Epoch: 20 [32000/60000 (53%)]	Loss: 8.312643
Train Epoch: 20 [38400/60000 (64%)]	Loss: 7.678470
Train Epoch: 20 [44800/60000 (75%)]	Loss: 8.331450
Train Epoch: 20 [51200/60000 (85%)]	Loss: 9.280189
Train Epoch: 20 [57600/60000 (96%)]	Loss: 9.059556

Test set: Average loss: 8.7208, Accuracy: 772/10000 (8%)

Namespace(batch_size=64, bias=None, data='../data', device=1, epochs=20, hidden_size=500, load_weights=None, log_interval=100, lr=0.1, milestones=[5, 7], model='redfc2', momentum=0.9, no_cuda=False, r=5, save_model=None, save_results=True, scheduler='cosine', seed=1, sparsity=0.02, use_relu=True, wd=0.0005)


Total time spent pruning/training: 2.15 minutes
Total number of parameters in model: 1991420
Number of parameters in pruned model: 1951591
