Namespace(batch_size=64, bias=None, data='../data', device=1, epochs=20, hidden_size=500, load_weights=None, log_interval=100, lr=0.1, milestones=[5, 7], model='redfc2', momentum=0.9, no_cuda=False, r=5, save_model=None, save_results=True, scheduler='cosine', seed=1, sparsity=0.05, use_relu=False, wd=0.0005) 

Pruning a Two-Layer Fully Connected Redundant Network ...
Train Epoch: 1 [0/60000 (0%)]	Loss: 18.180292
Train Epoch: 1 [6400/60000 (11%)]	Loss: 1.058559
Train Epoch: 1 [12800/60000 (21%)]	Loss: 0.650995
Train Epoch: 1 [19200/60000 (32%)]	Loss: 0.843739
Train Epoch: 1 [25600/60000 (43%)]	Loss: 0.561699
Train Epoch: 1 [32000/60000 (53%)]	Loss: 0.741170
Train Epoch: 1 [38400/60000 (64%)]	Loss: 0.585402
Train Epoch: 1 [44800/60000 (75%)]	Loss: 0.288382
Train Epoch: 1 [51200/60000 (85%)]	Loss: 0.564625
Train Epoch: 1 [57600/60000 (96%)]	Loss: 0.492110

Test set: Average loss: 0.4721, Accuracy: 8679/10000 (87%)

Train Epoch: 2 [0/60000 (0%)]	Loss: 0.997942
Train Epoch: 2 [6400/60000 (11%)]	Loss: 0.742973
Train Epoch: 2 [12800/60000 (21%)]	Loss: 0.464910
Train Epoch: 2 [19200/60000 (32%)]	Loss: 0.469336
Train Epoch: 2 [25600/60000 (43%)]	Loss: 0.433307
Train Epoch: 2 [32000/60000 (53%)]	Loss: 0.631702
Train Epoch: 2 [38400/60000 (64%)]	Loss: 0.211253
Train Epoch: 2 [44800/60000 (75%)]	Loss: 0.663078
Train Epoch: 2 [51200/60000 (85%)]	Loss: 0.623879
Train Epoch: 2 [57600/60000 (96%)]	Loss: 1.029066

Test set: Average loss: 0.8049, Accuracy: 8188/10000 (82%)

Train Epoch: 3 [0/60000 (0%)]	Loss: 0.533374
Train Epoch: 3 [6400/60000 (11%)]	Loss: 0.942651
Train Epoch: 3 [12800/60000 (21%)]	Loss: 1.810170
Train Epoch: 3 [19200/60000 (32%)]	Loss: 1.670280
Train Epoch: 3 [25600/60000 (43%)]	Loss: 0.942097
Train Epoch: 3 [32000/60000 (53%)]	Loss: 0.528832
Train Epoch: 3 [38400/60000 (64%)]	Loss: 1.895000
Train Epoch: 3 [44800/60000 (75%)]	Loss: 1.318308
Train Epoch: 3 [51200/60000 (85%)]	Loss: 2.341554
Train Epoch: 3 [57600/60000 (96%)]	Loss: 2.748820

Test set: Average loss: 2.4741, Accuracy: 6341/10000 (63%)

Train Epoch: 4 [0/60000 (0%)]	Loss: 2.501749
Train Epoch: 4 [6400/60000 (11%)]	Loss: 1.701354
Train Epoch: 4 [12800/60000 (21%)]	Loss: 2.898530
Train Epoch: 4 [19200/60000 (32%)]	Loss: 2.708169
Train Epoch: 4 [25600/60000 (43%)]	Loss: 2.087347
Train Epoch: 4 [32000/60000 (53%)]	Loss: 3.487946
Train Epoch: 4 [38400/60000 (64%)]	Loss: 2.924982
Train Epoch: 4 [44800/60000 (75%)]	Loss: 3.932816
Train Epoch: 4 [51200/60000 (85%)]	Loss: 2.507822
Train Epoch: 4 [57600/60000 (96%)]	Loss: 4.917106

Test set: Average loss: 4.1104, Accuracy: 5461/10000 (55%)

Train Epoch: 5 [0/60000 (0%)]	Loss: 3.990329
Train Epoch: 5 [6400/60000 (11%)]	Loss: 4.575574
Train Epoch: 5 [12800/60000 (21%)]	Loss: 4.738635
Train Epoch: 5 [19200/60000 (32%)]	Loss: 4.414305
Train Epoch: 5 [25600/60000 (43%)]	Loss: 3.855147
Train Epoch: 5 [32000/60000 (53%)]	Loss: 4.814773
Train Epoch: 5 [38400/60000 (64%)]	Loss: 4.213219
Train Epoch: 5 [44800/60000 (75%)]	Loss: 3.546983
Train Epoch: 5 [51200/60000 (85%)]	Loss: 3.933135
Train Epoch: 5 [57600/60000 (96%)]	Loss: 4.424862

Test set: Average loss: 5.1829, Accuracy: 4289/10000 (43%)

Train Epoch: 6 [0/60000 (0%)]	Loss: 5.276587
Train Epoch: 6 [6400/60000 (11%)]	Loss: 4.977205
Train Epoch: 6 [12800/60000 (21%)]	Loss: 5.232042
Train Epoch: 6 [19200/60000 (32%)]	Loss: 4.296762
Train Epoch: 6 [25600/60000 (43%)]	Loss: 5.397855
Train Epoch: 6 [32000/60000 (53%)]	Loss: 5.335471
Train Epoch: 6 [38400/60000 (64%)]	Loss: 4.211331
Train Epoch: 6 [44800/60000 (75%)]	Loss: 7.144393
Train Epoch: 6 [51200/60000 (85%)]	Loss: 4.897678
Train Epoch: 6 [57600/60000 (96%)]	Loss: 6.188997

Test set: Average loss: 5.5354, Accuracy: 3972/10000 (40%)

Train Epoch: 7 [0/60000 (0%)]	Loss: 4.664769
Train Epoch: 7 [6400/60000 (11%)]	Loss: 8.190233
Train Epoch: 7 [12800/60000 (21%)]	Loss: 5.504517
Train Epoch: 7 [19200/60000 (32%)]	Loss: 6.621649
Train Epoch: 7 [25600/60000 (43%)]	Loss: 5.408064
Train Epoch: 7 [32000/60000 (53%)]	Loss: 5.841810
Train Epoch: 7 [38400/60000 (64%)]	Loss: 5.774891
Train Epoch: 7 [44800/60000 (75%)]	Loss: 5.799738
Train Epoch: 7 [51200/60000 (85%)]	Loss: 6.721067
Train Epoch: 7 [57600/60000 (96%)]	Loss: 6.543288

Test set: Average loss: 7.0897, Accuracy: 3162/10000 (32%)

Train Epoch: 8 [0/60000 (0%)]	Loss: 7.262291
Train Epoch: 8 [6400/60000 (11%)]	Loss: 6.773800
Train Epoch: 8 [12800/60000 (21%)]	Loss: 5.304559
Train Epoch: 8 [19200/60000 (32%)]	Loss: 7.415247
Train Epoch: 8 [25600/60000 (43%)]	Loss: 7.245180
Train Epoch: 8 [32000/60000 (53%)]	Loss: 6.662183
Train Epoch: 8 [38400/60000 (64%)]	Loss: 7.646479
Train Epoch: 8 [44800/60000 (75%)]	Loss: 6.770469
Train Epoch: 8 [51200/60000 (85%)]	Loss: 7.137927
Train Epoch: 8 [57600/60000 (96%)]	Loss: 6.479587

Test set: Average loss: 6.4332, Accuracy: 3260/10000 (33%)

Train Epoch: 9 [0/60000 (0%)]	Loss: 5.643310
Train Epoch: 9 [6400/60000 (11%)]	Loss: 8.059892
Train Epoch: 9 [12800/60000 (21%)]	Loss: 7.818451
Train Epoch: 9 [19200/60000 (32%)]	Loss: 9.422958
Train Epoch: 9 [25600/60000 (43%)]	Loss: 7.581947
Train Epoch: 9 [32000/60000 (53%)]	Loss: 7.601919
Train Epoch: 9 [38400/60000 (64%)]	Loss: 7.650148
Train Epoch: 9 [44800/60000 (75%)]	Loss: 7.947392
Train Epoch: 9 [51200/60000 (85%)]	Loss: 7.703822
Train Epoch: 9 [57600/60000 (96%)]	Loss: 7.625814

Test set: Average loss: 8.2810, Accuracy: 3000/10000 (30%)

Train Epoch: 10 [0/60000 (0%)]	Loss: 8.982264
Train Epoch: 10 [6400/60000 (11%)]	Loss: 7.117558
Train Epoch: 10 [12800/60000 (21%)]	Loss: 5.623509
Train Epoch: 10 [19200/60000 (32%)]	Loss: 5.815647
Train Epoch: 10 [25600/60000 (43%)]	Loss: 8.190651
Train Epoch: 10 [32000/60000 (53%)]	Loss: 8.113566
Train Epoch: 10 [38400/60000 (64%)]	Loss: 6.757733
Train Epoch: 10 [44800/60000 (75%)]	Loss: 6.655570
Train Epoch: 10 [51200/60000 (85%)]	Loss: 9.140852
Train Epoch: 10 [57600/60000 (96%)]	Loss: 6.865253

Test set: Average loss: 7.2710, Accuracy: 2813/10000 (28%)

Train Epoch: 11 [0/60000 (0%)]	Loss: 7.239772
Train Epoch: 11 [6400/60000 (11%)]	Loss: 9.669049
Train Epoch: 11 [12800/60000 (21%)]	Loss: 7.572295
Train Epoch: 11 [19200/60000 (32%)]	Loss: 6.566670
Train Epoch: 11 [25600/60000 (43%)]	Loss: 7.122014
Train Epoch: 11 [32000/60000 (53%)]	Loss: 8.664193
Train Epoch: 11 [38400/60000 (64%)]	Loss: 9.591485
Train Epoch: 11 [44800/60000 (75%)]	Loss: 7.103095
Train Epoch: 11 [51200/60000 (85%)]	Loss: 6.686148
Train Epoch: 11 [57600/60000 (96%)]	Loss: 6.971870

Test set: Average loss: 8.1104, Accuracy: 2609/10000 (26%)

Train Epoch: 12 [0/60000 (0%)]	Loss: 10.668802
Train Epoch: 12 [6400/60000 (11%)]	Loss: 8.621122
Train Epoch: 12 [12800/60000 (21%)]	Loss: 5.877295
Train Epoch: 12 [19200/60000 (32%)]	Loss: 7.463966
Train Epoch: 12 [25600/60000 (43%)]	Loss: 8.947753
Train Epoch: 12 [32000/60000 (53%)]	Loss: 7.957006
Train Epoch: 12 [38400/60000 (64%)]	Loss: 7.499853
Train Epoch: 12 [44800/60000 (75%)]	Loss: 7.753249
Train Epoch: 12 [51200/60000 (85%)]	Loss: 8.644450
Train Epoch: 12 [57600/60000 (96%)]	Loss: 6.328018

Test set: Average loss: 8.1104, Accuracy: 2374/10000 (24%)

Train Epoch: 13 [0/60000 (0%)]	Loss: 7.547261
Train Epoch: 13 [6400/60000 (11%)]	Loss: 7.473650
Train Epoch: 13 [12800/60000 (21%)]	Loss: 7.440710
Train Epoch: 13 [19200/60000 (32%)]	Loss: 7.532560
Train Epoch: 13 [25600/60000 (43%)]	Loss: 9.729582
Train Epoch: 13 [32000/60000 (53%)]	Loss: 8.102335
Train Epoch: 13 [38400/60000 (64%)]	Loss: 5.772775
Train Epoch: 13 [44800/60000 (75%)]	Loss: 7.326127
Train Epoch: 13 [51200/60000 (85%)]	Loss: 7.067066
Train Epoch: 13 [57600/60000 (96%)]	Loss: 8.088358

Test set: Average loss: 7.9408, Accuracy: 2260/10000 (23%)

Train Epoch: 14 [0/60000 (0%)]	Loss: 8.299555
Train Epoch: 14 [6400/60000 (11%)]	Loss: 8.546226
Train Epoch: 14 [12800/60000 (21%)]	Loss: 7.338051
Train Epoch: 14 [19200/60000 (32%)]	Loss: 6.937038
Train Epoch: 14 [25600/60000 (43%)]	Loss: 8.030628
Train Epoch: 14 [32000/60000 (53%)]	Loss: 6.597947
Train Epoch: 14 [38400/60000 (64%)]	Loss: 8.633904
Train Epoch: 14 [44800/60000 (75%)]	Loss: 7.315334
Train Epoch: 14 [51200/60000 (85%)]	Loss: 7.065428
Train Epoch: 14 [57600/60000 (96%)]	Loss: 6.814050

Test set: Average loss: 8.1643, Accuracy: 2492/10000 (25%)

Train Epoch: 15 [0/60000 (0%)]	Loss: 7.015126
Train Epoch: 15 [6400/60000 (11%)]	Loss: 7.115821
Train Epoch: 15 [12800/60000 (21%)]	Loss: 7.687820
Train Epoch: 15 [19200/60000 (32%)]	Loss: 7.411909
Train Epoch: 15 [25600/60000 (43%)]	Loss: 7.787229
Train Epoch: 15 [32000/60000 (53%)]	Loss: 7.284578
Train Epoch: 15 [38400/60000 (64%)]	Loss: 8.317379
Train Epoch: 15 [44800/60000 (75%)]	Loss: 8.357285
Train Epoch: 15 [51200/60000 (85%)]	Loss: 8.996713
Train Epoch: 15 [57600/60000 (96%)]	Loss: 6.980762

Test set: Average loss: 7.9505, Accuracy: 2973/10000 (30%)

Train Epoch: 16 [0/60000 (0%)]	Loss: 7.727896
Train Epoch: 16 [6400/60000 (11%)]	Loss: 7.837497
Train Epoch: 16 [12800/60000 (21%)]	Loss: 10.447344
Train Epoch: 16 [19200/60000 (32%)]	Loss: 8.094031
Train Epoch: 16 [25600/60000 (43%)]	Loss: 6.968763
Train Epoch: 16 [32000/60000 (53%)]	Loss: 6.054525
Train Epoch: 16 [38400/60000 (64%)]	Loss: 6.884750
Train Epoch: 16 [44800/60000 (75%)]	Loss: 7.606855
Train Epoch: 16 [51200/60000 (85%)]	Loss: 7.983928
Train Epoch: 16 [57600/60000 (96%)]	Loss: 7.999899

Test set: Average loss: 7.5342, Accuracy: 2609/10000 (26%)

Train Epoch: 17 [0/60000 (0%)]	Loss: 7.673018
Train Epoch: 17 [6400/60000 (11%)]	Loss: 8.362203
Train Epoch: 17 [12800/60000 (21%)]	Loss: 9.184615
Train Epoch: 17 [19200/60000 (32%)]	Loss: 7.507619
Train Epoch: 17 [25600/60000 (43%)]	Loss: 8.932754
Train Epoch: 17 [32000/60000 (53%)]	Loss: 8.737170
Train Epoch: 17 [38400/60000 (64%)]	Loss: 6.437427
Train Epoch: 17 [44800/60000 (75%)]	Loss: 6.443384
Train Epoch: 17 [51200/60000 (85%)]	Loss: 5.798952
Train Epoch: 17 [57600/60000 (96%)]	Loss: 9.078801

Test set: Average loss: 8.0398, Accuracy: 2536/10000 (25%)

Train Epoch: 18 [0/60000 (0%)]	Loss: 7.772315
Train Epoch: 18 [6400/60000 (11%)]	Loss: 7.235988
Train Epoch: 18 [12800/60000 (21%)]	Loss: 8.686056
Train Epoch: 18 [19200/60000 (32%)]	Loss: 8.234249
Train Epoch: 18 [25600/60000 (43%)]	Loss: 8.482688
Train Epoch: 18 [32000/60000 (53%)]	Loss: 8.175566
Train Epoch: 18 [38400/60000 (64%)]	Loss: 8.427253
Train Epoch: 18 [44800/60000 (75%)]	Loss: 6.785704
Train Epoch: 18 [51200/60000 (85%)]	Loss: 8.368661
Train Epoch: 18 [57600/60000 (96%)]	Loss: 7.647404

Test set: Average loss: 7.3450, Accuracy: 2638/10000 (26%)

Train Epoch: 19 [0/60000 (0%)]	Loss: 5.846126
Train Epoch: 19 [6400/60000 (11%)]	Loss: 9.350653
Train Epoch: 19 [12800/60000 (21%)]	Loss: 7.670410
Train Epoch: 19 [19200/60000 (32%)]	Loss: 8.538282
Train Epoch: 19 [25600/60000 (43%)]	Loss: 6.244469
Train Epoch: 19 [32000/60000 (53%)]	Loss: 7.932157
Train Epoch: 19 [38400/60000 (64%)]	Loss: 7.418848
Train Epoch: 19 [44800/60000 (75%)]	Loss: 6.960266
Train Epoch: 19 [51200/60000 (85%)]	Loss: 7.615215
Train Epoch: 19 [57600/60000 (96%)]	Loss: 7.006761

Test set: Average loss: 8.0683, Accuracy: 2570/10000 (26%)

Train Epoch: 20 [0/60000 (0%)]	Loss: 9.181233
Train Epoch: 20 [6400/60000 (11%)]	Loss: 7.431022
Train Epoch: 20 [12800/60000 (21%)]	Loss: 5.893193
Train Epoch: 20 [19200/60000 (32%)]	Loss: 6.841153
Train Epoch: 20 [25600/60000 (43%)]	Loss: 7.044764
Train Epoch: 20 [32000/60000 (53%)]	Loss: 6.184677
Train Epoch: 20 [38400/60000 (64%)]	Loss: 7.329584
Train Epoch: 20 [44800/60000 (75%)]	Loss: 6.510977
Train Epoch: 20 [51200/60000 (85%)]	Loss: 7.724259
Train Epoch: 20 [57600/60000 (96%)]	Loss: 7.023605

Test set: Average loss: 8.1538, Accuracy: 3063/10000 (31%)

Namespace(batch_size=64, bias=None, data='../data', device=1, epochs=20, hidden_size=500, load_weights=None, log_interval=100, lr=0.1, milestones=[5, 7], model='redfc2', momentum=0.9, no_cuda=False, r=5, save_model=None, save_results=True, scheduler='cosine', seed=1, sparsity=0.05, use_relu=False, wd=0.0005)


Total time spent pruning/training: 2.19 minutes
Total number of parameters in model: 1991420
Number of parameters in pruned model: 1891849
