Namespace(batch_size=64, bias=None, data='../data', device=1, epochs=20, hidden_size=500, load_weights=None, log_interval=100, lr=0.1, milestones=[5, 7], model='redfc2', momentum=0.9, no_cuda=False, r=5, save_model=None, save_results=True, scheduler='cosine', seed=1, sparsity=0.75, use_relu=True, wd=0.0005) 

Pruning a Two-Layer Fully Connected Redundant Network ...
Train Epoch: 1 [0/60000 (0%)]	Loss: 2.321198
Train Epoch: 1 [6400/60000 (11%)]	Loss: 0.681284
Train Epoch: 1 [12800/60000 (21%)]	Loss: 0.528773
Train Epoch: 1 [19200/60000 (32%)]	Loss: 0.641653
Train Epoch: 1 [25600/60000 (43%)]	Loss: 0.555723
Train Epoch: 1 [32000/60000 (53%)]	Loss: 0.611744
Train Epoch: 1 [38400/60000 (64%)]	Loss: 0.603172
Train Epoch: 1 [44800/60000 (75%)]	Loss: 0.397014
Train Epoch: 1 [51200/60000 (85%)]	Loss: 0.345315
Train Epoch: 1 [57600/60000 (96%)]	Loss: 0.336353

Test set: Average loss: 0.3648, Accuracy: 8973/10000 (90%)

Train Epoch: 2 [0/60000 (0%)]	Loss: 0.546685
Train Epoch: 2 [6400/60000 (11%)]	Loss: 0.529665
Train Epoch: 2 [12800/60000 (21%)]	Loss: 0.381566
Train Epoch: 2 [19200/60000 (32%)]	Loss: 0.418271
Train Epoch: 2 [25600/60000 (43%)]	Loss: 0.270137
Train Epoch: 2 [32000/60000 (53%)]	Loss: 0.321606
Train Epoch: 2 [38400/60000 (64%)]	Loss: 0.234052
Train Epoch: 2 [44800/60000 (75%)]	Loss: 0.461055
Train Epoch: 2 [51200/60000 (85%)]	Loss: 0.259418
Train Epoch: 2 [57600/60000 (96%)]	Loss: 0.418988

Test set: Average loss: 0.3397, Accuracy: 9020/10000 (90%)

Train Epoch: 3 [0/60000 (0%)]	Loss: 0.230117
Train Epoch: 3 [6400/60000 (11%)]	Loss: 0.250036
Train Epoch: 3 [12800/60000 (21%)]	Loss: 0.457320
Train Epoch: 3 [19200/60000 (32%)]	Loss: 0.326444
Train Epoch: 3 [25600/60000 (43%)]	Loss: 0.282193
Train Epoch: 3 [32000/60000 (53%)]	Loss: 0.262393
Train Epoch: 3 [38400/60000 (64%)]	Loss: 0.300815
Train Epoch: 3 [44800/60000 (75%)]	Loss: 0.312477
Train Epoch: 3 [51200/60000 (85%)]	Loss: 0.297325
Train Epoch: 3 [57600/60000 (96%)]	Loss: 0.527874

Test set: Average loss: 0.3193, Accuracy: 9115/10000 (91%)

Train Epoch: 4 [0/60000 (0%)]	Loss: 0.298409
Train Epoch: 4 [6400/60000 (11%)]	Loss: 0.261980
Train Epoch: 4 [12800/60000 (21%)]	Loss: 0.347358
Train Epoch: 4 [19200/60000 (32%)]	Loss: 0.427042
Train Epoch: 4 [25600/60000 (43%)]	Loss: 0.439694
Train Epoch: 4 [32000/60000 (53%)]	Loss: 0.257979
Train Epoch: 4 [38400/60000 (64%)]	Loss: 0.381245
Train Epoch: 4 [44800/60000 (75%)]	Loss: 0.368371
Train Epoch: 4 [51200/60000 (85%)]	Loss: 0.260637
Train Epoch: 4 [57600/60000 (96%)]	Loss: 0.336933

Test set: Average loss: 0.3290, Accuracy: 9106/10000 (91%)

Train Epoch: 5 [0/60000 (0%)]	Loss: 0.251948
Train Epoch: 5 [6400/60000 (11%)]	Loss: 0.292988
Train Epoch: 5 [12800/60000 (21%)]	Loss: 0.281195
Train Epoch: 5 [19200/60000 (32%)]	Loss: 0.245848
Train Epoch: 5 [25600/60000 (43%)]	Loss: 0.181852
Train Epoch: 5 [32000/60000 (53%)]	Loss: 0.371392
Train Epoch: 5 [38400/60000 (64%)]	Loss: 0.442116
Train Epoch: 5 [44800/60000 (75%)]	Loss: 0.339606
Train Epoch: 5 [51200/60000 (85%)]	Loss: 0.407153
Train Epoch: 5 [57600/60000 (96%)]	Loss: 0.396777

Test set: Average loss: 0.3282, Accuracy: 9084/10000 (91%)

Train Epoch: 6 [0/60000 (0%)]	Loss: 0.306313
Train Epoch: 6 [6400/60000 (11%)]	Loss: 0.415005
Train Epoch: 6 [12800/60000 (21%)]	Loss: 0.331220
Train Epoch: 6 [19200/60000 (32%)]	Loss: 0.332913
Train Epoch: 6 [25600/60000 (43%)]	Loss: 0.395832
Train Epoch: 6 [32000/60000 (53%)]	Loss: 0.362563
Train Epoch: 6 [38400/60000 (64%)]	Loss: 0.456732
Train Epoch: 6 [44800/60000 (75%)]	Loss: 0.340091
Train Epoch: 6 [51200/60000 (85%)]	Loss: 0.338659
Train Epoch: 6 [57600/60000 (96%)]	Loss: 0.490827

Test set: Average loss: 0.3450, Accuracy: 9041/10000 (90%)

Train Epoch: 7 [0/60000 (0%)]	Loss: 0.473830
Train Epoch: 7 [6400/60000 (11%)]	Loss: 0.479084
Train Epoch: 7 [12800/60000 (21%)]	Loss: 0.357968
Train Epoch: 7 [19200/60000 (32%)]	Loss: 0.370028
Train Epoch: 7 [25600/60000 (43%)]	Loss: 0.397404
Train Epoch: 7 [32000/60000 (53%)]	Loss: 0.428634
Train Epoch: 7 [38400/60000 (64%)]	Loss: 0.334637
Train Epoch: 7 [44800/60000 (75%)]	Loss: 0.386489
Train Epoch: 7 [51200/60000 (85%)]	Loss: 0.491076
Train Epoch: 7 [57600/60000 (96%)]	Loss: 0.426876

Test set: Average loss: 0.3603, Accuracy: 9009/10000 (90%)

Train Epoch: 8 [0/60000 (0%)]	Loss: 0.471604
Train Epoch: 8 [6400/60000 (11%)]	Loss: 0.393904
Train Epoch: 8 [12800/60000 (21%)]	Loss: 0.445280
Train Epoch: 8 [19200/60000 (32%)]	Loss: 0.400354
Train Epoch: 8 [25600/60000 (43%)]	Loss: 0.398376
Train Epoch: 8 [32000/60000 (53%)]	Loss: 0.345476
Train Epoch: 8 [38400/60000 (64%)]	Loss: 0.339495
Train Epoch: 8 [44800/60000 (75%)]	Loss: 0.579814
Train Epoch: 8 [51200/60000 (85%)]	Loss: 0.325108
Train Epoch: 8 [57600/60000 (96%)]	Loss: 0.398898

Test set: Average loss: 0.3797, Accuracy: 9024/10000 (90%)

Train Epoch: 9 [0/60000 (0%)]	Loss: 0.406835
Train Epoch: 9 [6400/60000 (11%)]	Loss: 0.343116
Train Epoch: 9 [12800/60000 (21%)]	Loss: 0.549059
Train Epoch: 9 [19200/60000 (32%)]	Loss: 0.404956
Train Epoch: 9 [25600/60000 (43%)]	Loss: 0.358056
Train Epoch: 9 [32000/60000 (53%)]	Loss: 0.292490
Train Epoch: 9 [38400/60000 (64%)]	Loss: 0.595024
Train Epoch: 9 [44800/60000 (75%)]	Loss: 0.345851
Train Epoch: 9 [51200/60000 (85%)]	Loss: 0.350933
Train Epoch: 9 [57600/60000 (96%)]	Loss: 0.453735

Test set: Average loss: 0.3984, Accuracy: 8915/10000 (89%)

Train Epoch: 10 [0/60000 (0%)]	Loss: 0.386414
Train Epoch: 10 [6400/60000 (11%)]	Loss: 0.447665
Train Epoch: 10 [12800/60000 (21%)]	Loss: 0.438977
Train Epoch: 10 [19200/60000 (32%)]	Loss: 0.344173
Train Epoch: 10 [25600/60000 (43%)]	Loss: 0.440060
Train Epoch: 10 [32000/60000 (53%)]	Loss: 0.321237
Train Epoch: 10 [38400/60000 (64%)]	Loss: 0.369298
Train Epoch: 10 [44800/60000 (75%)]	Loss: 0.353733
Train Epoch: 10 [51200/60000 (85%)]	Loss: 0.629471
Train Epoch: 10 [57600/60000 (96%)]	Loss: 0.272349

Test set: Average loss: 0.4039, Accuracy: 8953/10000 (90%)

Train Epoch: 11 [0/60000 (0%)]	Loss: 0.429480
Train Epoch: 11 [6400/60000 (11%)]	Loss: 0.622476
Train Epoch: 11 [12800/60000 (21%)]	Loss: 0.300721
Train Epoch: 11 [19200/60000 (32%)]	Loss: 0.431088
Train Epoch: 11 [25600/60000 (43%)]	Loss: 0.321459
Train Epoch: 11 [32000/60000 (53%)]	Loss: 0.416036
Train Epoch: 11 [38400/60000 (64%)]	Loss: 0.526607
Train Epoch: 11 [44800/60000 (75%)]	Loss: 0.495972
Train Epoch: 11 [51200/60000 (85%)]	Loss: 0.500389
Train Epoch: 11 [57600/60000 (96%)]	Loss: 0.438231

Test set: Average loss: 0.4224, Accuracy: 8792/10000 (88%)

Train Epoch: 12 [0/60000 (0%)]	Loss: 0.415613
Train Epoch: 12 [6400/60000 (11%)]	Loss: 0.674413
Train Epoch: 12 [12800/60000 (21%)]	Loss: 0.541443
Train Epoch: 12 [19200/60000 (32%)]	Loss: 0.383183
Train Epoch: 12 [25600/60000 (43%)]	Loss: 0.369461
Train Epoch: 12 [32000/60000 (53%)]	Loss: 0.424315
Train Epoch: 12 [38400/60000 (64%)]	Loss: 0.434482
Train Epoch: 12 [44800/60000 (75%)]	Loss: 0.661842
Train Epoch: 12 [51200/60000 (85%)]	Loss: 0.511983
Train Epoch: 12 [57600/60000 (96%)]	Loss: 0.438301

Test set: Average loss: 0.4706, Accuracy: 8562/10000 (86%)

Train Epoch: 13 [0/60000 (0%)]	Loss: 0.430988
Train Epoch: 13 [6400/60000 (11%)]	Loss: 0.490467
Train Epoch: 13 [12800/60000 (21%)]	Loss: 0.539440
Train Epoch: 13 [19200/60000 (32%)]	Loss: 0.280343
Train Epoch: 13 [25600/60000 (43%)]	Loss: 0.483060
Train Epoch: 13 [32000/60000 (53%)]	Loss: 0.274410
Train Epoch: 13 [38400/60000 (64%)]	Loss: 0.527428
Train Epoch: 13 [44800/60000 (75%)]	Loss: 0.363160
Train Epoch: 13 [51200/60000 (85%)]	Loss: 0.421766
Train Epoch: 13 [57600/60000 (96%)]	Loss: 0.385468

Test set: Average loss: 0.4394, Accuracy: 8747/10000 (87%)

Train Epoch: 14 [0/60000 (0%)]	Loss: 0.504681
Train Epoch: 14 [6400/60000 (11%)]	Loss: 0.402612
Train Epoch: 14 [12800/60000 (21%)]	Loss: 0.437547
Train Epoch: 14 [19200/60000 (32%)]	Loss: 0.386571
Train Epoch: 14 [25600/60000 (43%)]	Loss: 0.417785
Train Epoch: 14 [32000/60000 (53%)]	Loss: 0.511125
Train Epoch: 14 [38400/60000 (64%)]	Loss: 0.438971
Train Epoch: 14 [44800/60000 (75%)]	Loss: 0.302253
Train Epoch: 14 [51200/60000 (85%)]	Loss: 0.376301
Train Epoch: 14 [57600/60000 (96%)]	Loss: 0.428424

Test set: Average loss: 0.3965, Accuracy: 8987/10000 (90%)

Train Epoch: 15 [0/60000 (0%)]	Loss: 0.337192
Train Epoch: 15 [6400/60000 (11%)]	Loss: 0.389655
Train Epoch: 15 [12800/60000 (21%)]	Loss: 0.305509
Train Epoch: 15 [19200/60000 (32%)]	Loss: 0.320556
Train Epoch: 15 [25600/60000 (43%)]	Loss: 0.535957
Train Epoch: 15 [32000/60000 (53%)]	Loss: 0.362421
Train Epoch: 15 [38400/60000 (64%)]	Loss: 0.336060
Train Epoch: 15 [44800/60000 (75%)]	Loss: 0.364555
Train Epoch: 15 [51200/60000 (85%)]	Loss: 0.462515
Train Epoch: 15 [57600/60000 (96%)]	Loss: 0.279087

Test set: Average loss: 0.3887, Accuracy: 8923/10000 (89%)

Train Epoch: 16 [0/60000 (0%)]	Loss: 0.311273
Train Epoch: 16 [6400/60000 (11%)]	Loss: 0.525741
Train Epoch: 16 [12800/60000 (21%)]	Loss: 0.381901
Train Epoch: 16 [19200/60000 (32%)]	Loss: 0.260940
Train Epoch: 16 [25600/60000 (43%)]	Loss: 0.349821
Train Epoch: 16 [32000/60000 (53%)]	Loss: 0.335009
Train Epoch: 16 [38400/60000 (64%)]	Loss: 0.394577
Train Epoch: 16 [44800/60000 (75%)]	Loss: 0.358172
Train Epoch: 16 [51200/60000 (85%)]	Loss: 0.448571
Train Epoch: 16 [57600/60000 (96%)]	Loss: 0.305773

Test set: Average loss: 0.3564, Accuracy: 9045/10000 (90%)

Train Epoch: 17 [0/60000 (0%)]	Loss: 0.247914
Train Epoch: 17 [6400/60000 (11%)]	Loss: 0.233001
Train Epoch: 17 [12800/60000 (21%)]	Loss: 0.315918
Train Epoch: 17 [19200/60000 (32%)]	Loss: 0.269173
Train Epoch: 17 [25600/60000 (43%)]	Loss: 0.459358
Train Epoch: 17 [32000/60000 (53%)]	Loss: 0.295118
Train Epoch: 17 [38400/60000 (64%)]	Loss: 0.304681
Train Epoch: 17 [44800/60000 (75%)]	Loss: 0.352030
Train Epoch: 17 [51200/60000 (85%)]	Loss: 0.315099
Train Epoch: 17 [57600/60000 (96%)]	Loss: 0.521366

Test set: Average loss: 0.3498, Accuracy: 9055/10000 (91%)

Train Epoch: 18 [0/60000 (0%)]	Loss: 0.470208
Train Epoch: 18 [6400/60000 (11%)]	Loss: 0.223691
Train Epoch: 18 [12800/60000 (21%)]	Loss: 0.369513
Train Epoch: 18 [19200/60000 (32%)]	Loss: 0.458005
Train Epoch: 18 [25600/60000 (43%)]	Loss: 0.383585
Train Epoch: 18 [32000/60000 (53%)]	Loss: 0.316225
Train Epoch: 18 [38400/60000 (64%)]	Loss: 0.328041
Train Epoch: 18 [44800/60000 (75%)]	Loss: 0.268580
Train Epoch: 18 [51200/60000 (85%)]	Loss: 0.327765
Train Epoch: 18 [57600/60000 (96%)]	Loss: 0.297977

Test set: Average loss: 0.3320, Accuracy: 9122/10000 (91%)

Train Epoch: 19 [0/60000 (0%)]	Loss: 0.391455
Train Epoch: 19 [6400/60000 (11%)]	Loss: 0.422703
Train Epoch: 19 [12800/60000 (21%)]	Loss: 0.400949
Train Epoch: 19 [19200/60000 (32%)]	Loss: 0.380904
Train Epoch: 19 [25600/60000 (43%)]	Loss: 0.369930
Train Epoch: 19 [32000/60000 (53%)]	Loss: 0.320528
Train Epoch: 19 [38400/60000 (64%)]	Loss: 0.348605
Train Epoch: 19 [44800/60000 (75%)]	Loss: 0.443235
Train Epoch: 19 [51200/60000 (85%)]	Loss: 0.229224
Train Epoch: 19 [57600/60000 (96%)]	Loss: 0.311231

Test set: Average loss: 0.3180, Accuracy: 9151/10000 (92%)

Train Epoch: 20 [0/60000 (0%)]	Loss: 0.318001
Train Epoch: 20 [6400/60000 (11%)]	Loss: 0.255424
Train Epoch: 20 [12800/60000 (21%)]	Loss: 0.238812
Train Epoch: 20 [19200/60000 (32%)]	Loss: 0.336094
Train Epoch: 20 [25600/60000 (43%)]	Loss: 0.194989
Train Epoch: 20 [32000/60000 (53%)]	Loss: 0.259917
Train Epoch: 20 [38400/60000 (64%)]	Loss: 0.381088
Train Epoch: 20 [44800/60000 (75%)]	Loss: 0.261654
Train Epoch: 20 [51200/60000 (85%)]	Loss: 0.284099
Train Epoch: 20 [57600/60000 (96%)]	Loss: 0.334777

Test set: Average loss: 0.3116, Accuracy: 9153/10000 (92%)

Namespace(batch_size=64, bias=None, data='../data', device=1, epochs=20, hidden_size=500, load_weights=None, log_interval=100, lr=0.1, milestones=[5, 7], model='redfc2', momentum=0.9, no_cuda=False, r=5, save_model=None, save_results=True, scheduler='cosine', seed=1, sparsity=0.75, use_relu=True, wd=0.0005)


Total time spent pruning/training: 2.15 minutes
Total number of parameters in model: 1991420
Number of parameters in pruned model: 497855
