Namespace(batch_size=64, bias=None, data='../data', device=1, epochs=20, hidden_size=500, load_weights=None, log_interval=100, lr=0.1, milestones=[5, 7], model='redfc2', momentum=0.9, no_cuda=False, r=5, save_model=None, save_results=True, scheduler='cosine', seed=1, sparsity=0.95, use_relu=True, wd=0.0005) 

Pruning a Two-Layer Fully Connected Redundant Network ...
Train Epoch: 1 [0/60000 (0%)]	Loss: 2.308380
Train Epoch: 1 [6400/60000 (11%)]	Loss: 2.213967
Train Epoch: 1 [12800/60000 (21%)]	Loss: 2.141349
Train Epoch: 1 [19200/60000 (32%)]	Loss: 2.056704
Train Epoch: 1 [25600/60000 (43%)]	Loss: 1.993032
Train Epoch: 1 [32000/60000 (53%)]	Loss: 1.942073
Train Epoch: 1 [38400/60000 (64%)]	Loss: 1.874547
Train Epoch: 1 [44800/60000 (75%)]	Loss: 1.887375
Train Epoch: 1 [51200/60000 (85%)]	Loss: 1.867466
Train Epoch: 1 [57600/60000 (96%)]	Loss: 1.893840

Test set: Average loss: 1.8692, Accuracy: 5038/10000 (50%)

Train Epoch: 2 [0/60000 (0%)]	Loss: 1.954991
Train Epoch: 2 [6400/60000 (11%)]	Loss: 1.909903
Train Epoch: 2 [12800/60000 (21%)]	Loss: 1.892308
Train Epoch: 2 [19200/60000 (32%)]	Loss: 1.917975
Train Epoch: 2 [25600/60000 (43%)]	Loss: 1.808467
Train Epoch: 2 [32000/60000 (53%)]	Loss: 1.858446
Train Epoch: 2 [38400/60000 (64%)]	Loss: 1.827259
Train Epoch: 2 [44800/60000 (75%)]	Loss: 1.884583
Train Epoch: 2 [51200/60000 (85%)]	Loss: 1.741518
Train Epoch: 2 [57600/60000 (96%)]	Loss: 1.840234

Test set: Average loss: 1.8471, Accuracy: 5244/10000 (52%)

Train Epoch: 3 [0/60000 (0%)]	Loss: 1.777892
Train Epoch: 3 [6400/60000 (11%)]	Loss: 1.817391
Train Epoch: 3 [12800/60000 (21%)]	Loss: 1.879421
Train Epoch: 3 [19200/60000 (32%)]	Loss: 1.773385
Train Epoch: 3 [25600/60000 (43%)]	Loss: 1.806811
Train Epoch: 3 [32000/60000 (53%)]	Loss: 1.865612
Train Epoch: 3 [38400/60000 (64%)]	Loss: 1.941223
Train Epoch: 3 [44800/60000 (75%)]	Loss: 1.847637
Train Epoch: 3 [51200/60000 (85%)]	Loss: 1.850960
Train Epoch: 3 [57600/60000 (96%)]	Loss: 1.838246

Test set: Average loss: 1.8295, Accuracy: 5796/10000 (58%)

Train Epoch: 4 [0/60000 (0%)]	Loss: 1.825917
Train Epoch: 4 [6400/60000 (11%)]	Loss: 1.834628
Train Epoch: 4 [12800/60000 (21%)]	Loss: 1.780559
Train Epoch: 4 [19200/60000 (32%)]	Loss: 1.854293
Train Epoch: 4 [25600/60000 (43%)]	Loss: 1.858999
Train Epoch: 4 [32000/60000 (53%)]	Loss: 1.798379
Train Epoch: 4 [38400/60000 (64%)]	Loss: 1.892950
Train Epoch: 4 [44800/60000 (75%)]	Loss: 1.826704
Train Epoch: 4 [51200/60000 (85%)]	Loss: 1.806601
Train Epoch: 4 [57600/60000 (96%)]	Loss: 1.854565

Test set: Average loss: 1.8333, Accuracy: 5495/10000 (55%)

Train Epoch: 5 [0/60000 (0%)]	Loss: 1.831278
Train Epoch: 5 [6400/60000 (11%)]	Loss: 1.788674
Train Epoch: 5 [12800/60000 (21%)]	Loss: 1.827318
Train Epoch: 5 [19200/60000 (32%)]	Loss: 1.807145
Train Epoch: 5 [25600/60000 (43%)]	Loss: 1.810272
Train Epoch: 5 [32000/60000 (53%)]	Loss: 1.840992
Train Epoch: 5 [38400/60000 (64%)]	Loss: 1.872766
Train Epoch: 5 [44800/60000 (75%)]	Loss: 1.743011
Train Epoch: 5 [51200/60000 (85%)]	Loss: 1.782396
Train Epoch: 5 [57600/60000 (96%)]	Loss: 1.868756

Test set: Average loss: 1.8288, Accuracy: 5284/10000 (53%)

Train Epoch: 6 [0/60000 (0%)]	Loss: 1.851295
Train Epoch: 6 [6400/60000 (11%)]	Loss: 1.906060
Train Epoch: 6 [12800/60000 (21%)]	Loss: 1.840643
Train Epoch: 6 [19200/60000 (32%)]	Loss: 1.801093
Train Epoch: 6 [25600/60000 (43%)]	Loss: 1.914478
Train Epoch: 6 [32000/60000 (53%)]	Loss: 1.820479
Train Epoch: 6 [38400/60000 (64%)]	Loss: 1.933800
Train Epoch: 6 [44800/60000 (75%)]	Loss: 1.891799
Train Epoch: 6 [51200/60000 (85%)]	Loss: 1.893436
Train Epoch: 6 [57600/60000 (96%)]	Loss: 1.923226

Test set: Average loss: 1.8621, Accuracy: 4942/10000 (49%)

Train Epoch: 7 [0/60000 (0%)]	Loss: 1.864742
Train Epoch: 7 [6400/60000 (11%)]	Loss: 1.932083
Train Epoch: 7 [12800/60000 (21%)]	Loss: 1.884281
Train Epoch: 7 [19200/60000 (32%)]	Loss: 1.876020
Train Epoch: 7 [25600/60000 (43%)]	Loss: 1.851411
Train Epoch: 7 [32000/60000 (53%)]	Loss: 1.798599
Train Epoch: 7 [38400/60000 (64%)]	Loss: 1.849025
Train Epoch: 7 [44800/60000 (75%)]	Loss: 1.947896
Train Epoch: 7 [51200/60000 (85%)]	Loss: 1.882547
Train Epoch: 7 [57600/60000 (96%)]	Loss: 1.888767

Test set: Average loss: 1.8850, Accuracy: 5213/10000 (52%)

Train Epoch: 8 [0/60000 (0%)]	Loss: 1.920920
Train Epoch: 8 [6400/60000 (11%)]	Loss: 1.904856
Train Epoch: 8 [12800/60000 (21%)]	Loss: 1.924533
Train Epoch: 8 [19200/60000 (32%)]	Loss: 1.922873
Train Epoch: 8 [25600/60000 (43%)]	Loss: 1.899455
Train Epoch: 8 [32000/60000 (53%)]	Loss: 1.853581
Train Epoch: 8 [38400/60000 (64%)]	Loss: 1.910652
Train Epoch: 8 [44800/60000 (75%)]	Loss: 1.933900
Train Epoch: 8 [51200/60000 (85%)]	Loss: 1.869292
Train Epoch: 8 [57600/60000 (96%)]	Loss: 1.863230

Test set: Average loss: 1.8583, Accuracy: 4846/10000 (48%)

Train Epoch: 9 [0/60000 (0%)]	Loss: 1.893230
Train Epoch: 9 [6400/60000 (11%)]	Loss: 1.849806
Train Epoch: 9 [12800/60000 (21%)]	Loss: 1.909173
Train Epoch: 9 [19200/60000 (32%)]	Loss: 1.869133
Train Epoch: 9 [25600/60000 (43%)]	Loss: 1.905560
Train Epoch: 9 [32000/60000 (53%)]	Loss: 1.885126
Train Epoch: 9 [38400/60000 (64%)]	Loss: 1.818138
Train Epoch: 9 [44800/60000 (75%)]	Loss: 1.871741
Train Epoch: 9 [51200/60000 (85%)]	Loss: 1.809237
Train Epoch: 9 [57600/60000 (96%)]	Loss: 1.854316

Test set: Average loss: 1.8827, Accuracy: 5055/10000 (51%)

Train Epoch: 10 [0/60000 (0%)]	Loss: 1.905102
Train Epoch: 10 [6400/60000 (11%)]	Loss: 1.912450
Train Epoch: 10 [12800/60000 (21%)]	Loss: 1.902123
Train Epoch: 10 [19200/60000 (32%)]	Loss: 1.891193
Train Epoch: 10 [25600/60000 (43%)]	Loss: 1.897799
Train Epoch: 10 [32000/60000 (53%)]	Loss: 1.941860
Train Epoch: 10 [38400/60000 (64%)]	Loss: 1.845031
Train Epoch: 10 [44800/60000 (75%)]	Loss: 1.888149
Train Epoch: 10 [51200/60000 (85%)]	Loss: 1.944981
Train Epoch: 10 [57600/60000 (96%)]	Loss: 1.880439

Test set: Average loss: 1.9036, Accuracy: 5038/10000 (50%)

Train Epoch: 11 [0/60000 (0%)]	Loss: 1.967830
Train Epoch: 11 [6400/60000 (11%)]	Loss: 1.984746
Train Epoch: 11 [12800/60000 (21%)]	Loss: 1.901669
Train Epoch: 11 [19200/60000 (32%)]	Loss: 1.834446
Train Epoch: 11 [25600/60000 (43%)]	Loss: 1.819241
Train Epoch: 11 [32000/60000 (53%)]	Loss: 1.907827
Train Epoch: 11 [38400/60000 (64%)]	Loss: 1.877909
Train Epoch: 11 [44800/60000 (75%)]	Loss: 1.907149
Train Epoch: 11 [51200/60000 (85%)]	Loss: 1.898363
Train Epoch: 11 [57600/60000 (96%)]	Loss: 1.963301

Test set: Average loss: 1.9380, Accuracy: 4658/10000 (47%)

Train Epoch: 12 [0/60000 (0%)]	Loss: 1.953563
Train Epoch: 12 [6400/60000 (11%)]	Loss: 1.912606
Train Epoch: 12 [12800/60000 (21%)]	Loss: 1.920301
Train Epoch: 12 [19200/60000 (32%)]	Loss: 1.890817
Train Epoch: 12 [25600/60000 (43%)]	Loss: 1.832803
Train Epoch: 12 [32000/60000 (53%)]	Loss: 1.941839
Train Epoch: 12 [38400/60000 (64%)]	Loss: 1.975413
Train Epoch: 12 [44800/60000 (75%)]	Loss: 1.993820
Train Epoch: 12 [51200/60000 (85%)]	Loss: 1.964117
Train Epoch: 12 [57600/60000 (96%)]	Loss: 1.863953

Test set: Average loss: 1.8970, Accuracy: 4801/10000 (48%)

Train Epoch: 13 [0/60000 (0%)]	Loss: 1.949423
Train Epoch: 13 [6400/60000 (11%)]	Loss: 1.943917
Train Epoch: 13 [12800/60000 (21%)]	Loss: 1.956844
Train Epoch: 13 [19200/60000 (32%)]	Loss: 1.886602
Train Epoch: 13 [25600/60000 (43%)]	Loss: 1.957762
Train Epoch: 13 [32000/60000 (53%)]	Loss: 1.869040
Train Epoch: 13 [38400/60000 (64%)]	Loss: 1.935437
Train Epoch: 13 [44800/60000 (75%)]	Loss: 1.884008
Train Epoch: 13 [51200/60000 (85%)]	Loss: 1.875336
Train Epoch: 13 [57600/60000 (96%)]	Loss: 1.930844

Test set: Average loss: 1.9181, Accuracy: 4424/10000 (44%)

Train Epoch: 14 [0/60000 (0%)]	Loss: 1.917639
Train Epoch: 14 [6400/60000 (11%)]	Loss: 1.863684
Train Epoch: 14 [12800/60000 (21%)]	Loss: 1.903542
Train Epoch: 14 [19200/60000 (32%)]	Loss: 1.909784
Train Epoch: 14 [25600/60000 (43%)]	Loss: 1.960120
Train Epoch: 14 [32000/60000 (53%)]	Loss: 1.855501
Train Epoch: 14 [38400/60000 (64%)]	Loss: 1.909920
Train Epoch: 14 [44800/60000 (75%)]	Loss: 1.897968
Train Epoch: 14 [51200/60000 (85%)]	Loss: 1.938293
Train Epoch: 14 [57600/60000 (96%)]	Loss: 1.911224

Test set: Average loss: 1.8810, Accuracy: 5009/10000 (50%)

Train Epoch: 15 [0/60000 (0%)]	Loss: 1.897997
Train Epoch: 15 [6400/60000 (11%)]	Loss: 1.899303
Train Epoch: 15 [12800/60000 (21%)]	Loss: 1.765337
Train Epoch: 15 [19200/60000 (32%)]	Loss: 1.792459
Train Epoch: 15 [25600/60000 (43%)]	Loss: 1.899852
Train Epoch: 15 [32000/60000 (53%)]	Loss: 1.906115
Train Epoch: 15 [38400/60000 (64%)]	Loss: 1.837871
Train Epoch: 15 [44800/60000 (75%)]	Loss: 1.945173
Train Epoch: 15 [51200/60000 (85%)]	Loss: 1.896652
Train Epoch: 15 [57600/60000 (96%)]	Loss: 1.782389

Test set: Average loss: 1.8883, Accuracy: 4773/10000 (48%)

Train Epoch: 16 [0/60000 (0%)]	Loss: 1.867328
Train Epoch: 16 [6400/60000 (11%)]	Loss: 1.863501
Train Epoch: 16 [12800/60000 (21%)]	Loss: 1.889683
Train Epoch: 16 [19200/60000 (32%)]	Loss: 1.858453
Train Epoch: 16 [25600/60000 (43%)]	Loss: 1.832327
Train Epoch: 16 [32000/60000 (53%)]	Loss: 1.740679
Train Epoch: 16 [38400/60000 (64%)]	Loss: 1.849794
Train Epoch: 16 [44800/60000 (75%)]	Loss: 1.839593
Train Epoch: 16 [51200/60000 (85%)]	Loss: 1.879623
Train Epoch: 16 [57600/60000 (96%)]	Loss: 1.787334

Test set: Average loss: 1.8080, Accuracy: 5311/10000 (53%)

Train Epoch: 17 [0/60000 (0%)]	Loss: 1.770416
Train Epoch: 17 [6400/60000 (11%)]	Loss: 1.848320
Train Epoch: 17 [12800/60000 (21%)]	Loss: 1.778814
Train Epoch: 17 [19200/60000 (32%)]	Loss: 1.821889
Train Epoch: 17 [25600/60000 (43%)]	Loss: 1.907421
Train Epoch: 17 [32000/60000 (53%)]	Loss: 1.829612
Train Epoch: 17 [38400/60000 (64%)]	Loss: 1.804110
Train Epoch: 17 [44800/60000 (75%)]	Loss: 1.823769
Train Epoch: 17 [51200/60000 (85%)]	Loss: 1.801877
Train Epoch: 17 [57600/60000 (96%)]	Loss: 1.920208

Test set: Average loss: 1.7988, Accuracy: 5334/10000 (53%)

Train Epoch: 18 [0/60000 (0%)]	Loss: 1.831886
Train Epoch: 18 [6400/60000 (11%)]	Loss: 1.785020
Train Epoch: 18 [12800/60000 (21%)]	Loss: 1.841446
Train Epoch: 18 [19200/60000 (32%)]	Loss: 1.847556
Train Epoch: 18 [25600/60000 (43%)]	Loss: 1.793151
Train Epoch: 18 [32000/60000 (53%)]	Loss: 1.760409
Train Epoch: 18 [38400/60000 (64%)]	Loss: 1.783318
Train Epoch: 18 [44800/60000 (75%)]	Loss: 1.753267
Train Epoch: 18 [51200/60000 (85%)]	Loss: 1.795445
Train Epoch: 18 [57600/60000 (96%)]	Loss: 1.804303

Test set: Average loss: 1.7665, Accuracy: 5630/10000 (56%)

Train Epoch: 19 [0/60000 (0%)]	Loss: 1.834055
Train Epoch: 19 [6400/60000 (11%)]	Loss: 1.807686
Train Epoch: 19 [12800/60000 (21%)]	Loss: 1.792553
Train Epoch: 19 [19200/60000 (32%)]	Loss: 1.784279
Train Epoch: 19 [25600/60000 (43%)]	Loss: 1.819185
Train Epoch: 19 [32000/60000 (53%)]	Loss: 1.781775
Train Epoch: 19 [38400/60000 (64%)]	Loss: 1.823614
Train Epoch: 19 [44800/60000 (75%)]	Loss: 1.742755
Train Epoch: 19 [51200/60000 (85%)]	Loss: 1.786595
Train Epoch: 19 [57600/60000 (96%)]	Loss: 1.728894

Test set: Average loss: 1.7619, Accuracy: 5800/10000 (58%)

Train Epoch: 20 [0/60000 (0%)]	Loss: 1.798874
Train Epoch: 20 [6400/60000 (11%)]	Loss: 1.843630
Train Epoch: 20 [12800/60000 (21%)]	Loss: 1.737179
Train Epoch: 20 [19200/60000 (32%)]	Loss: 1.781501
Train Epoch: 20 [25600/60000 (43%)]	Loss: 1.700941
Train Epoch: 20 [32000/60000 (53%)]	Loss: 1.753566
Train Epoch: 20 [38400/60000 (64%)]	Loss: 1.912381
Train Epoch: 20 [44800/60000 (75%)]	Loss: 1.764435
Train Epoch: 20 [51200/60000 (85%)]	Loss: 1.711874
Train Epoch: 20 [57600/60000 (96%)]	Loss: 1.750849

Test set: Average loss: 1.7608, Accuracy: 5741/10000 (57%)

Namespace(batch_size=64, bias=None, data='../data', device=1, epochs=20, hidden_size=500, load_weights=None, log_interval=100, lr=0.1, milestones=[5, 7], model='redfc2', momentum=0.9, no_cuda=False, r=5, save_model=None, save_results=True, scheduler='cosine', seed=1, sparsity=0.95, use_relu=True, wd=0.0005)


Total time spent pruning/training: 2.17 minutes
Total number of parameters in model: 1991420
Number of parameters in pruned model: 99571
