Namespace(batch_size=64, bias=None, data='../data', device=0, epochs=30, hidden_size=500, load_weights=None, log_interval=100, lr=0.1, milestones=[5, 7], model='redfc2', momentum=0.9, no_cuda=False, r=5, save_model=None, save_results=True, scheduler='cosine', seed=1, sparsity=0.25, use_relu=False, wd=0.0005) 

Pruning a Two-Layer Fully Connected Redundant Network ...
Train Epoch: 1 [0/60000 (0%)]	Loss: 12.385151
Train Epoch: 1 [6400/60000 (11%)]	Loss: 0.535932
Train Epoch: 1 [12800/60000 (21%)]	Loss: 0.262033
Train Epoch: 1 [19200/60000 (32%)]	Loss: 0.270384
Train Epoch: 1 [25600/60000 (43%)]	Loss: 0.254480
Train Epoch: 1 [32000/60000 (53%)]	Loss: 0.515982
Train Epoch: 1 [38400/60000 (64%)]	Loss: 0.258182
Train Epoch: 1 [44800/60000 (75%)]	Loss: 0.152866
Train Epoch: 1 [51200/60000 (85%)]	Loss: 0.168063
Train Epoch: 1 [57600/60000 (96%)]	Loss: 0.208514

Test set: Average loss: 0.1884, Accuracy: 9420/10000 (94%)

Train Epoch: 2 [0/60000 (0%)]	Loss: 0.254244
Train Epoch: 2 [6400/60000 (11%)]	Loss: 0.539349
Train Epoch: 2 [12800/60000 (21%)]	Loss: 0.355129
Train Epoch: 2 [19200/60000 (32%)]	Loss: 0.230986
Train Epoch: 2 [25600/60000 (43%)]	Loss: 0.111208
Train Epoch: 2 [32000/60000 (53%)]	Loss: 0.053785
Train Epoch: 2 [38400/60000 (64%)]	Loss: 0.082193
Train Epoch: 2 [44800/60000 (75%)]	Loss: 0.352631
Train Epoch: 2 [51200/60000 (85%)]	Loss: 0.158894
Train Epoch: 2 [57600/60000 (96%)]	Loss: 0.091865

Test set: Average loss: 0.1765, Accuracy: 9466/10000 (95%)

Train Epoch: 3 [0/60000 (0%)]	Loss: 0.053644
Train Epoch: 3 [6400/60000 (11%)]	Loss: 0.228740
Train Epoch: 3 [12800/60000 (21%)]	Loss: 0.227601
Train Epoch: 3 [19200/60000 (32%)]	Loss: 0.297473
Train Epoch: 3 [25600/60000 (43%)]	Loss: 0.160590
Train Epoch: 3 [32000/60000 (53%)]	Loss: 0.056704
Train Epoch: 3 [38400/60000 (64%)]	Loss: 0.198190
Train Epoch: 3 [44800/60000 (75%)]	Loss: 0.127862
Train Epoch: 3 [51200/60000 (85%)]	Loss: 0.214155
Train Epoch: 3 [57600/60000 (96%)]	Loss: 0.280090

Test set: Average loss: 0.2064, Accuracy: 9377/10000 (94%)

Train Epoch: 4 [0/60000 (0%)]	Loss: 0.263329
Train Epoch: 4 [6400/60000 (11%)]	Loss: 0.187370
Train Epoch: 4 [12800/60000 (21%)]	Loss: 0.263701
Train Epoch: 4 [19200/60000 (32%)]	Loss: 0.180624
Train Epoch: 4 [25600/60000 (43%)]	Loss: 0.466749
Train Epoch: 4 [32000/60000 (53%)]	Loss: 0.060903
Train Epoch: 4 [38400/60000 (64%)]	Loss: 0.208540
Train Epoch: 4 [44800/60000 (75%)]	Loss: 0.283426
Train Epoch: 4 [51200/60000 (85%)]	Loss: 0.233394
Train Epoch: 4 [57600/60000 (96%)]	Loss: 0.234961

Test set: Average loss: 0.2525, Accuracy: 9232/10000 (92%)

Train Epoch: 5 [0/60000 (0%)]	Loss: 0.116672
Train Epoch: 5 [6400/60000 (11%)]	Loss: 0.235220
Train Epoch: 5 [12800/60000 (21%)]	Loss: 0.194161
Train Epoch: 5 [19200/60000 (32%)]	Loss: 0.141922
Train Epoch: 5 [25600/60000 (43%)]	Loss: 0.254686
Train Epoch: 5 [32000/60000 (53%)]	Loss: 0.187629
Train Epoch: 5 [38400/60000 (64%)]	Loss: 0.359609
Train Epoch: 5 [44800/60000 (75%)]	Loss: 0.354147
Train Epoch: 5 [51200/60000 (85%)]	Loss: 0.223119
Train Epoch: 5 [57600/60000 (96%)]	Loss: 0.309987

Test set: Average loss: 0.4606, Accuracy: 8639/10000 (86%)

Train Epoch: 6 [0/60000 (0%)]	Loss: 0.405069
Train Epoch: 6 [6400/60000 (11%)]	Loss: 0.307174
Train Epoch: 6 [12800/60000 (21%)]	Loss: 0.252517
Train Epoch: 6 [19200/60000 (32%)]	Loss: 0.412044
Train Epoch: 6 [25600/60000 (43%)]	Loss: 0.311875
Train Epoch: 6 [32000/60000 (53%)]	Loss: 0.395956
Train Epoch: 6 [38400/60000 (64%)]	Loss: 0.409765
Train Epoch: 6 [44800/60000 (75%)]	Loss: 0.316026
Train Epoch: 6 [51200/60000 (85%)]	Loss: 0.258072
Train Epoch: 6 [57600/60000 (96%)]	Loss: 0.779771

Test set: Average loss: 0.3692, Accuracy: 8935/10000 (89%)

Train Epoch: 7 [0/60000 (0%)]	Loss: 0.349962
Train Epoch: 7 [6400/60000 (11%)]	Loss: 0.655763
Train Epoch: 7 [12800/60000 (21%)]	Loss: 0.317422
Train Epoch: 7 [19200/60000 (32%)]	Loss: 0.410119
Train Epoch: 7 [25600/60000 (43%)]	Loss: 0.332184
Train Epoch: 7 [32000/60000 (53%)]	Loss: 0.283065
Train Epoch: 7 [38400/60000 (64%)]	Loss: 0.306423
Train Epoch: 7 [44800/60000 (75%)]	Loss: 0.352825
Train Epoch: 7 [51200/60000 (85%)]	Loss: 0.517006
Train Epoch: 7 [57600/60000 (96%)]	Loss: 0.360320

Test set: Average loss: 0.4272, Accuracy: 8785/10000 (88%)

Train Epoch: 8 [0/60000 (0%)]	Loss: 0.502862
Train Epoch: 8 [6400/60000 (11%)]	Loss: 0.438348
Train Epoch: 8 [12800/60000 (21%)]	Loss: 0.566350
Train Epoch: 8 [19200/60000 (32%)]	Loss: 0.331645
Train Epoch: 8 [25600/60000 (43%)]	Loss: 0.631038
Train Epoch: 8 [32000/60000 (53%)]	Loss: 0.358091
Train Epoch: 8 [38400/60000 (64%)]	Loss: 0.322101
Train Epoch: 8 [44800/60000 (75%)]	Loss: 0.320457
Train Epoch: 8 [51200/60000 (85%)]	Loss: 0.521845
Train Epoch: 8 [57600/60000 (96%)]	Loss: 0.437795

Test set: Average loss: 0.3983, Accuracy: 8819/10000 (88%)

Train Epoch: 9 [0/60000 (0%)]	Loss: 0.417655
Train Epoch: 9 [6400/60000 (11%)]	Loss: 0.293574
Train Epoch: 9 [12800/60000 (21%)]	Loss: 0.770099
Train Epoch: 9 [19200/60000 (32%)]	Loss: 0.515749
Train Epoch: 9 [25600/60000 (43%)]	Loss: 0.430339
Train Epoch: 9 [32000/60000 (53%)]	Loss: 0.176063
Train Epoch: 9 [38400/60000 (64%)]	Loss: 0.668642
Train Epoch: 9 [44800/60000 (75%)]	Loss: 0.333108
Train Epoch: 9 [51200/60000 (85%)]	Loss: 0.226919
Train Epoch: 9 [57600/60000 (96%)]	Loss: 0.579173

Test set: Average loss: 0.4966, Accuracy: 8572/10000 (86%)

Train Epoch: 10 [0/60000 (0%)]	Loss: 0.520245
Train Epoch: 10 [6400/60000 (11%)]	Loss: 0.420759
Train Epoch: 10 [12800/60000 (21%)]	Loss: 0.555945
Train Epoch: 10 [19200/60000 (32%)]	Loss: 0.409205
Train Epoch: 10 [25600/60000 (43%)]	Loss: 0.651181
Train Epoch: 10 [32000/60000 (53%)]	Loss: 0.400594
Train Epoch: 10 [38400/60000 (64%)]	Loss: 0.338107
Train Epoch: 10 [44800/60000 (75%)]	Loss: 0.453888
Train Epoch: 10 [51200/60000 (85%)]	Loss: 0.827094
Train Epoch: 10 [57600/60000 (96%)]	Loss: 0.217965

Test set: Average loss: 0.4537, Accuracy: 8582/10000 (86%)

Train Epoch: 11 [0/60000 (0%)]	Loss: 0.501183
Train Epoch: 11 [6400/60000 (11%)]	Loss: 0.658377
Train Epoch: 11 [12800/60000 (21%)]	Loss: 0.341940
Train Epoch: 11 [19200/60000 (32%)]	Loss: 0.596579
Train Epoch: 11 [25600/60000 (43%)]	Loss: 0.348751
Train Epoch: 11 [32000/60000 (53%)]	Loss: 0.567630
Train Epoch: 11 [38400/60000 (64%)]	Loss: 0.754982
Train Epoch: 11 [44800/60000 (75%)]	Loss: 0.678094
Train Epoch: 11 [51200/60000 (85%)]	Loss: 0.725316
Train Epoch: 11 [57600/60000 (96%)]	Loss: 0.548153

Test set: Average loss: 0.4696, Accuracy: 8659/10000 (87%)

Train Epoch: 12 [0/60000 (0%)]	Loss: 0.609717
Train Epoch: 12 [6400/60000 (11%)]	Loss: 0.743550
Train Epoch: 12 [12800/60000 (21%)]	Loss: 0.711024
Train Epoch: 12 [19200/60000 (32%)]	Loss: 0.560619
Train Epoch: 12 [25600/60000 (43%)]	Loss: 0.341480
Train Epoch: 12 [32000/60000 (53%)]	Loss: 0.441861
Train Epoch: 12 [38400/60000 (64%)]	Loss: 0.364980
Train Epoch: 12 [44800/60000 (75%)]	Loss: 1.191065
Train Epoch: 12 [51200/60000 (85%)]	Loss: 0.780223
Train Epoch: 12 [57600/60000 (96%)]	Loss: 0.599857

Test set: Average loss: 0.6312, Accuracy: 8158/10000 (82%)

Train Epoch: 13 [0/60000 (0%)]	Loss: 0.681850
Train Epoch: 13 [6400/60000 (11%)]	Loss: 0.488185
Train Epoch: 13 [12800/60000 (21%)]	Loss: 0.507273
Train Epoch: 13 [19200/60000 (32%)]	Loss: 0.652788
Train Epoch: 13 [25600/60000 (43%)]	Loss: 0.567029
Train Epoch: 13 [32000/60000 (53%)]	Loss: 0.284092
Train Epoch: 13 [38400/60000 (64%)]	Loss: 0.678595
Train Epoch: 13 [44800/60000 (75%)]	Loss: 0.759162
Train Epoch: 13 [51200/60000 (85%)]	Loss: 0.468464
Train Epoch: 13 [57600/60000 (96%)]	Loss: 0.586573

Test set: Average loss: 0.6053, Accuracy: 8147/10000 (81%)

Train Epoch: 14 [0/60000 (0%)]	Loss: 0.530367
Train Epoch: 14 [6400/60000 (11%)]	Loss: 0.472008
Train Epoch: 14 [12800/60000 (21%)]	Loss: 0.772198
Train Epoch: 14 [19200/60000 (32%)]	Loss: 0.437852
Train Epoch: 14 [25600/60000 (43%)]	Loss: 0.745636
Train Epoch: 14 [32000/60000 (53%)]	Loss: 0.766707
Train Epoch: 14 [38400/60000 (64%)]	Loss: 0.485030
Train Epoch: 14 [44800/60000 (75%)]	Loss: 0.500762
Train Epoch: 14 [51200/60000 (85%)]	Loss: 0.423925
Train Epoch: 14 [57600/60000 (96%)]	Loss: 0.404912

Test set: Average loss: 0.6590, Accuracy: 8127/10000 (81%)

Train Epoch: 15 [0/60000 (0%)]	Loss: 0.283472
Train Epoch: 15 [6400/60000 (11%)]	Loss: 0.536960
Train Epoch: 15 [12800/60000 (21%)]	Loss: 0.296142
Train Epoch: 15 [19200/60000 (32%)]	Loss: 0.565124
Train Epoch: 15 [25600/60000 (43%)]	Loss: 0.833991
Train Epoch: 15 [32000/60000 (53%)]	Loss: 0.714661
Train Epoch: 15 [38400/60000 (64%)]	Loss: 0.554700
Train Epoch: 15 [44800/60000 (75%)]	Loss: 0.516928
Train Epoch: 15 [51200/60000 (85%)]	Loss: 0.961924
Train Epoch: 15 [57600/60000 (96%)]	Loss: 0.476900

Test set: Average loss: 0.7196, Accuracy: 7913/10000 (79%)

Train Epoch: 16 [0/60000 (0%)]	Loss: 0.670573
Train Epoch: 16 [6400/60000 (11%)]	Loss: 0.592672
Train Epoch: 16 [12800/60000 (21%)]	Loss: 0.745576
Train Epoch: 16 [19200/60000 (32%)]	Loss: 0.654062
Train Epoch: 16 [25600/60000 (43%)]	Loss: 0.663320
Train Epoch: 16 [32000/60000 (53%)]	Loss: 0.568166
Train Epoch: 16 [38400/60000 (64%)]	Loss: 0.825808
Train Epoch: 16 [44800/60000 (75%)]	Loss: 0.766081
Train Epoch: 16 [51200/60000 (85%)]	Loss: 0.834409
Train Epoch: 16 [57600/60000 (96%)]	Loss: 0.573950

Test set: Average loss: 0.7503, Accuracy: 7885/10000 (79%)

Train Epoch: 17 [0/60000 (0%)]	Loss: 0.676818
Train Epoch: 17 [6400/60000 (11%)]	Loss: 0.655058
Train Epoch: 17 [12800/60000 (21%)]	Loss: 0.391039
Train Epoch: 17 [19200/60000 (32%)]	Loss: 0.541232
Train Epoch: 17 [25600/60000 (43%)]	Loss: 0.751641
Train Epoch: 17 [32000/60000 (53%)]	Loss: 0.348125
Train Epoch: 17 [38400/60000 (64%)]	Loss: 0.717372
Train Epoch: 17 [44800/60000 (75%)]	Loss: 0.805569
Train Epoch: 17 [51200/60000 (85%)]	Loss: 0.754019
Train Epoch: 17 [57600/60000 (96%)]	Loss: 0.725382

Test set: Average loss: 0.6558, Accuracy: 8150/10000 (82%)

Train Epoch: 18 [0/60000 (0%)]	Loss: 0.862460
Train Epoch: 18 [6400/60000 (11%)]	Loss: 0.356184
Train Epoch: 18 [12800/60000 (21%)]	Loss: 1.059433
Train Epoch: 18 [19200/60000 (32%)]	Loss: 0.917490
Train Epoch: 18 [25600/60000 (43%)]	Loss: 0.731611
Train Epoch: 18 [32000/60000 (53%)]	Loss: 0.691349
Train Epoch: 18 [38400/60000 (64%)]	Loss: 0.517492
Train Epoch: 18 [44800/60000 (75%)]	Loss: 0.366116
Train Epoch: 18 [51200/60000 (85%)]	Loss: 0.940012
Train Epoch: 18 [57600/60000 (96%)]	Loss: 0.633548

Test set: Average loss: 0.9586, Accuracy: 7382/10000 (74%)

Train Epoch: 19 [0/60000 (0%)]	Loss: 1.273927
Train Epoch: 19 [6400/60000 (11%)]	Loss: 0.866370
Train Epoch: 19 [12800/60000 (21%)]	Loss: 0.432158
Train Epoch: 19 [19200/60000 (32%)]	Loss: 1.009716
Train Epoch: 19 [25600/60000 (43%)]	Loss: 0.750629
Train Epoch: 19 [32000/60000 (53%)]	Loss: 0.746977
Train Epoch: 19 [38400/60000 (64%)]	Loss: 0.545759
Train Epoch: 19 [44800/60000 (75%)]	Loss: 0.887344
Train Epoch: 19 [51200/60000 (85%)]	Loss: 0.400292
Train Epoch: 19 [57600/60000 (96%)]	Loss: 0.566603

Test set: Average loss: 0.6269, Accuracy: 8120/10000 (81%)

Train Epoch: 20 [0/60000 (0%)]	Loss: 0.756718
Train Epoch: 20 [6400/60000 (11%)]	Loss: 0.554998
Train Epoch: 20 [12800/60000 (21%)]	Loss: 0.528670
Train Epoch: 20 [19200/60000 (32%)]	Loss: 0.577687
Train Epoch: 20 [25600/60000 (43%)]	Loss: 0.324797
Train Epoch: 20 [32000/60000 (53%)]	Loss: 0.558412
Train Epoch: 20 [38400/60000 (64%)]	Loss: 0.682338
Train Epoch: 20 [44800/60000 (75%)]	Loss: 0.559333
Train Epoch: 20 [51200/60000 (85%)]	Loss: 0.795448
Train Epoch: 20 [57600/60000 (96%)]	Loss: 0.495133

Test set: Average loss: 0.5074, Accuracy: 8465/10000 (85%)

Train Epoch: 21 [0/60000 (0%)]	Loss: 0.627883
Train Epoch: 21 [6400/60000 (11%)]	Loss: 0.750158
Train Epoch: 21 [12800/60000 (21%)]	Loss: 0.831471
Train Epoch: 21 [19200/60000 (32%)]	Loss: 0.345801
Train Epoch: 21 [25600/60000 (43%)]	Loss: 0.331553
Train Epoch: 21 [32000/60000 (53%)]	Loss: 0.594984
Train Epoch: 21 [38400/60000 (64%)]	Loss: 0.483986
Train Epoch: 21 [44800/60000 (75%)]	Loss: 0.681937
Train Epoch: 21 [51200/60000 (85%)]	Loss: 0.746704
Train Epoch: 21 [57600/60000 (96%)]	Loss: 0.828669

Test set: Average loss: 0.6074, Accuracy: 8183/10000 (82%)

Train Epoch: 22 [0/60000 (0%)]	Loss: 0.671524
Train Epoch: 22 [6400/60000 (11%)]	Loss: 0.432134
Train Epoch: 22 [12800/60000 (21%)]	Loss: 0.517353
Train Epoch: 22 [19200/60000 (32%)]	Loss: 0.596960
Train Epoch: 22 [25600/60000 (43%)]	Loss: 0.968952
Train Epoch: 22 [32000/60000 (53%)]	Loss: 0.576778
Train Epoch: 22 [38400/60000 (64%)]	Loss: 0.451703
Train Epoch: 22 [44800/60000 (75%)]	Loss: 0.512162
Train Epoch: 22 [51200/60000 (85%)]	Loss: 0.881670
Train Epoch: 22 [57600/60000 (96%)]	Loss: 0.586568

Test set: Average loss: 0.4983, Accuracy: 8550/10000 (86%)

Train Epoch: 23 [0/60000 (0%)]	Loss: 0.434212
Train Epoch: 23 [6400/60000 (11%)]	Loss: 0.231529
Train Epoch: 23 [12800/60000 (21%)]	Loss: 0.470456
Train Epoch: 23 [19200/60000 (32%)]	Loss: 0.543895
Train Epoch: 23 [25600/60000 (43%)]	Loss: 0.539966
Train Epoch: 23 [32000/60000 (53%)]	Loss: 0.581034
Train Epoch: 23 [38400/60000 (64%)]	Loss: 0.356385
Train Epoch: 23 [44800/60000 (75%)]	Loss: 0.617116
Train Epoch: 23 [51200/60000 (85%)]	Loss: 0.647032
Train Epoch: 23 [57600/60000 (96%)]	Loss: 0.496845

Test set: Average loss: 0.5216, Accuracy: 8354/10000 (84%)

Train Epoch: 24 [0/60000 (0%)]	Loss: 0.366713
Train Epoch: 24 [6400/60000 (11%)]	Loss: 0.596003
Train Epoch: 24 [12800/60000 (21%)]	Loss: 0.438250
Train Epoch: 24 [19200/60000 (32%)]	Loss: 0.555289
Train Epoch: 24 [25600/60000 (43%)]	Loss: 0.470346
Train Epoch: 24 [32000/60000 (53%)]	Loss: 0.366045
Train Epoch: 24 [38400/60000 (64%)]	Loss: 0.637646
Train Epoch: 24 [44800/60000 (75%)]	Loss: 0.499933
Train Epoch: 24 [51200/60000 (85%)]	Loss: 0.419083
Train Epoch: 24 [57600/60000 (96%)]	Loss: 0.439801

Test set: Average loss: 0.4745, Accuracy: 8550/10000 (86%)

Train Epoch: 25 [0/60000 (0%)]	Loss: 0.712781
Train Epoch: 25 [6400/60000 (11%)]	Loss: 0.426114
Train Epoch: 25 [12800/60000 (21%)]	Loss: 0.224339
Train Epoch: 25 [19200/60000 (32%)]	Loss: 0.371997
Train Epoch: 25 [25600/60000 (43%)]	Loss: 0.433654
Train Epoch: 25 [32000/60000 (53%)]	Loss: 0.280905
Train Epoch: 25 [38400/60000 (64%)]	Loss: 0.653965
Train Epoch: 25 [44800/60000 (75%)]	Loss: 0.502895
Train Epoch: 25 [51200/60000 (85%)]	Loss: 0.426964
Train Epoch: 25 [57600/60000 (96%)]	Loss: 0.736957

Test set: Average loss: 0.4334, Accuracy: 8677/10000 (87%)

Train Epoch: 26 [0/60000 (0%)]	Loss: 0.522653
Train Epoch: 26 [6400/60000 (11%)]	Loss: 0.442139
Train Epoch: 26 [12800/60000 (21%)]	Loss: 0.763476
Train Epoch: 26 [19200/60000 (32%)]	Loss: 0.386900
Train Epoch: 26 [25600/60000 (43%)]	Loss: 0.324722
Train Epoch: 26 [32000/60000 (53%)]	Loss: 0.500468
Train Epoch: 26 [38400/60000 (64%)]	Loss: 0.325509
Train Epoch: 26 [44800/60000 (75%)]	Loss: 0.372348
Train Epoch: 26 [51200/60000 (85%)]	Loss: 0.288456
Train Epoch: 26 [57600/60000 (96%)]	Loss: 0.569061

Test set: Average loss: 0.6219, Accuracy: 8116/10000 (81%)

Train Epoch: 27 [0/60000 (0%)]	Loss: 0.418396
Train Epoch: 27 [6400/60000 (11%)]	Loss: 0.440012
Train Epoch: 27 [12800/60000 (21%)]	Loss: 0.312533
Train Epoch: 27 [19200/60000 (32%)]	Loss: 0.601107
Train Epoch: 27 [25600/60000 (43%)]	Loss: 0.340553
Train Epoch: 27 [32000/60000 (53%)]	Loss: 0.384745
Train Epoch: 27 [38400/60000 (64%)]	Loss: 0.263704
Train Epoch: 27 [44800/60000 (75%)]	Loss: 0.156994
Train Epoch: 27 [51200/60000 (85%)]	Loss: 0.260814
Train Epoch: 27 [57600/60000 (96%)]	Loss: 0.229008

Test set: Average loss: 0.3479, Accuracy: 8934/10000 (89%)

Train Epoch: 28 [0/60000 (0%)]	Loss: 0.363878
Train Epoch: 28 [6400/60000 (11%)]	Loss: 0.218575
Train Epoch: 28 [12800/60000 (21%)]	Loss: 0.141464
Train Epoch: 28 [19200/60000 (32%)]	Loss: 0.544578
Train Epoch: 28 [25600/60000 (43%)]	Loss: 0.258355
Train Epoch: 28 [32000/60000 (53%)]	Loss: 0.235410
Train Epoch: 28 [38400/60000 (64%)]	Loss: 0.374461
Train Epoch: 28 [44800/60000 (75%)]	Loss: 0.169048
Train Epoch: 28 [51200/60000 (85%)]	Loss: 0.327340
Train Epoch: 28 [57600/60000 (96%)]	Loss: 0.519582

Test set: Average loss: 0.2871, Accuracy: 9143/10000 (91%)

Train Epoch: 29 [0/60000 (0%)]	Loss: 0.302329
Train Epoch: 29 [6400/60000 (11%)]	Loss: 0.342910
Train Epoch: 29 [12800/60000 (21%)]	Loss: 0.050486
Train Epoch: 29 [19200/60000 (32%)]	Loss: 0.111318
Train Epoch: 29 [25600/60000 (43%)]	Loss: 0.067074
Train Epoch: 29 [32000/60000 (53%)]	Loss: 0.270052
Train Epoch: 29 [38400/60000 (64%)]	Loss: 0.097684
Train Epoch: 29 [44800/60000 (75%)]	Loss: 0.154069
Train Epoch: 29 [51200/60000 (85%)]	Loss: 0.244186
Train Epoch: 29 [57600/60000 (96%)]	Loss: 0.109028

Test set: Average loss: 0.2045, Accuracy: 9356/10000 (94%)

Train Epoch: 30 [0/60000 (0%)]	Loss: 0.103865
Train Epoch: 30 [6400/60000 (11%)]	Loss: 0.037170
Train Epoch: 30 [12800/60000 (21%)]	Loss: 0.096383
Train Epoch: 30 [19200/60000 (32%)]	Loss: 0.089246
Train Epoch: 30 [25600/60000 (43%)]	Loss: 0.065805
Train Epoch: 30 [32000/60000 (53%)]	Loss: 0.161680
Train Epoch: 30 [38400/60000 (64%)]	Loss: 0.152951
Train Epoch: 30 [44800/60000 (75%)]	Loss: 0.104244
Train Epoch: 30 [51200/60000 (85%)]	Loss: 0.262207
Train Epoch: 30 [57600/60000 (96%)]	Loss: 0.126543

Test set: Average loss: 0.1323, Accuracy: 9599/10000 (96%)

Namespace(batch_size=64, bias=None, data='../data', device=0, epochs=30, hidden_size=500, load_weights=None, log_interval=100, lr=0.1, milestones=[5, 7], model='redfc2', momentum=0.9, no_cuda=False, r=5, save_model=None, save_results=True, scheduler='cosine', seed=1, sparsity=0.25, use_relu=False, wd=0.0005)


Total time spent pruning/training: 3.37 minutes
Total number of parameters in model: 1991420
Number of parameters in pruned model: 1493565
