Namespace(batch_size=64, bias=None, data='../data', device=1, epochs=20, hidden_size=500, load_weights=None, log_interval=100, lr=0.1, milestones=[5, 7], model='redfc2', momentum=0.9, no_cuda=False, r=5, save_model=None, save_results=True, scheduler='cosine', seed=1, sparsity=0.01, use_relu=True, wd=0.0005) 

Pruning a Two-Layer Fully Connected Redundant Network ...
Train Epoch: 1 [0/60000 (0%)]	Loss: 9.400630
Train Epoch: 1 [6400/60000 (11%)]	Loss: 1.864166
Train Epoch: 1 [12800/60000 (21%)]	Loss: 2.430382
Train Epoch: 1 [19200/60000 (32%)]	Loss: 3.221051
Train Epoch: 1 [25600/60000 (43%)]	Loss: 4.564654
Train Epoch: 1 [32000/60000 (53%)]	Loss: 5.441702
Train Epoch: 1 [38400/60000 (64%)]	Loss: 6.502585
Train Epoch: 1 [44800/60000 (75%)]	Loss: 7.121650
Train Epoch: 1 [51200/60000 (85%)]	Loss: 6.815369
Train Epoch: 1 [57600/60000 (96%)]	Loss: 6.714991

Test set: Average loss: 7.2450, Accuracy: 983/10000 (10%)

Train Epoch: 2 [0/60000 (0%)]	Loss: 7.345013
Train Epoch: 2 [6400/60000 (11%)]	Loss: 8.051293
Train Epoch: 2 [12800/60000 (21%)]	Loss: 7.599688
Train Epoch: 2 [19200/60000 (32%)]	Loss: 7.261755
Train Epoch: 2 [25600/60000 (43%)]	Loss: 8.010113
Train Epoch: 2 [32000/60000 (53%)]	Loss: 8.868331
Train Epoch: 2 [38400/60000 (64%)]	Loss: 8.112943
Train Epoch: 2 [44800/60000 (75%)]	Loss: 8.553245
Train Epoch: 2 [51200/60000 (85%)]	Loss: 8.155159
Train Epoch: 2 [57600/60000 (96%)]	Loss: 9.375862

Test set: Average loss: 8.6720, Accuracy: 768/10000 (8%)

Train Epoch: 3 [0/60000 (0%)]	Loss: 8.831567
Train Epoch: 3 [6400/60000 (11%)]	Loss: 8.568868
Train Epoch: 3 [12800/60000 (21%)]	Loss: 8.758978
Train Epoch: 3 [19200/60000 (32%)]	Loss: 8.216723
Train Epoch: 3 [25600/60000 (43%)]	Loss: 6.931333
Train Epoch: 3 [32000/60000 (53%)]	Loss: 10.065435
Train Epoch: 3 [38400/60000 (64%)]	Loss: 9.506227
Train Epoch: 3 [44800/60000 (75%)]	Loss: 9.591850
Train Epoch: 3 [51200/60000 (85%)]	Loss: 8.482467
Train Epoch: 3 [57600/60000 (96%)]	Loss: 9.065534

Test set: Average loss: 9.2762, Accuracy: 669/10000 (7%)

Train Epoch: 4 [0/60000 (0%)]	Loss: 10.799267
Train Epoch: 4 [6400/60000 (11%)]	Loss: 8.968045
Train Epoch: 4 [12800/60000 (21%)]	Loss: 8.469356
Train Epoch: 4 [19200/60000 (32%)]	Loss: 9.672239
Train Epoch: 4 [25600/60000 (43%)]	Loss: 9.369240
Train Epoch: 4 [32000/60000 (53%)]	Loss: 9.749972
Train Epoch: 4 [38400/60000 (64%)]	Loss: 7.981343
Train Epoch: 4 [44800/60000 (75%)]	Loss: 9.208496
Train Epoch: 4 [51200/60000 (85%)]	Loss: 10.717041
Train Epoch: 4 [57600/60000 (96%)]	Loss: 9.731937

Test set: Average loss: 9.5591, Accuracy: 650/10000 (6%)

Train Epoch: 5 [0/60000 (0%)]	Loss: 9.869097
Train Epoch: 5 [6400/60000 (11%)]	Loss: 10.067108
Train Epoch: 5 [12800/60000 (21%)]	Loss: 9.541945
Train Epoch: 5 [19200/60000 (32%)]	Loss: 9.717900
Train Epoch: 5 [25600/60000 (43%)]	Loss: 10.349773
Train Epoch: 5 [32000/60000 (53%)]	Loss: 9.376216
Train Epoch: 5 [38400/60000 (64%)]	Loss: 8.824431
Train Epoch: 5 [44800/60000 (75%)]	Loss: 9.850849
Train Epoch: 5 [51200/60000 (85%)]	Loss: 8.814517
Train Epoch: 5 [57600/60000 (96%)]	Loss: 8.283758

Test set: Average loss: 9.8196, Accuracy: 626/10000 (6%)

Train Epoch: 6 [0/60000 (0%)]	Loss: 10.542593
Train Epoch: 6 [6400/60000 (11%)]	Loss: 8.723408
Train Epoch: 6 [12800/60000 (21%)]	Loss: 10.244844
Train Epoch: 6 [19200/60000 (32%)]	Loss: 8.888167
Train Epoch: 6 [25600/60000 (43%)]	Loss: 8.743808
Train Epoch: 6 [32000/60000 (53%)]	Loss: 8.546919
Train Epoch: 6 [38400/60000 (64%)]	Loss: 8.229566
Train Epoch: 6 [44800/60000 (75%)]	Loss: 10.026578
Train Epoch: 6 [51200/60000 (85%)]	Loss: 8.458382
Train Epoch: 6 [57600/60000 (96%)]	Loss: 10.459962

Test set: Average loss: 9.8488, Accuracy: 609/10000 (6%)

Train Epoch: 7 [0/60000 (0%)]	Loss: 9.478683
Train Epoch: 7 [6400/60000 (11%)]	Loss: 9.658949
Train Epoch: 7 [12800/60000 (21%)]	Loss: 10.030935
Train Epoch: 7 [19200/60000 (32%)]	Loss: 8.834362
Train Epoch: 7 [25600/60000 (43%)]	Loss: 9.462715
Train Epoch: 7 [32000/60000 (53%)]	Loss: 9.808957
Train Epoch: 7 [38400/60000 (64%)]	Loss: 10.222893
Train Epoch: 7 [44800/60000 (75%)]	Loss: 9.390609
Train Epoch: 7 [51200/60000 (85%)]	Loss: 10.321341
Train Epoch: 7 [57600/60000 (96%)]	Loss: 8.136330

Test set: Average loss: 10.1030, Accuracy: 596/10000 (6%)

Train Epoch: 8 [0/60000 (0%)]	Loss: 10.456013
Train Epoch: 8 [6400/60000 (11%)]	Loss: 9.752151
Train Epoch: 8 [12800/60000 (21%)]	Loss: 9.698525
Train Epoch: 8 [19200/60000 (32%)]	Loss: 11.041698
Train Epoch: 8 [25600/60000 (43%)]	Loss: 9.042800
Train Epoch: 8 [32000/60000 (53%)]	Loss: 10.416199
Train Epoch: 8 [38400/60000 (64%)]	Loss: 10.735893
Train Epoch: 8 [44800/60000 (75%)]	Loss: 9.891644
Train Epoch: 8 [51200/60000 (85%)]	Loss: 10.885176
Train Epoch: 8 [57600/60000 (96%)]	Loss: 9.990765

Test set: Average loss: 10.1645, Accuracy: 591/10000 (6%)

Train Epoch: 9 [0/60000 (0%)]	Loss: 10.855906
Train Epoch: 9 [6400/60000 (11%)]	Loss: 9.884529
Train Epoch: 9 [12800/60000 (21%)]	Loss: 9.825612
Train Epoch: 9 [19200/60000 (32%)]	Loss: 11.959500
Train Epoch: 9 [25600/60000 (43%)]	Loss: 10.657576
Train Epoch: 9 [32000/60000 (53%)]	Loss: 11.012541
Train Epoch: 9 [38400/60000 (64%)]	Loss: 10.611812
Train Epoch: 9 [44800/60000 (75%)]	Loss: 9.130925
Train Epoch: 9 [51200/60000 (85%)]	Loss: 9.427206
Train Epoch: 9 [57600/60000 (96%)]	Loss: 10.484373

Test set: Average loss: 10.2076, Accuracy: 586/10000 (6%)

Train Epoch: 10 [0/60000 (0%)]	Loss: 11.181894
Train Epoch: 10 [6400/60000 (11%)]	Loss: 8.972789
Train Epoch: 10 [12800/60000 (21%)]	Loss: 9.769651
Train Epoch: 10 [19200/60000 (32%)]	Loss: 10.393428
Train Epoch: 10 [25600/60000 (43%)]	Loss: 11.069393
Train Epoch: 10 [32000/60000 (53%)]	Loss: 8.519360
Train Epoch: 10 [38400/60000 (64%)]	Loss: 9.557281
Train Epoch: 10 [44800/60000 (75%)]	Loss: 10.039357
Train Epoch: 10 [51200/60000 (85%)]	Loss: 10.735088
Train Epoch: 10 [57600/60000 (96%)]	Loss: 11.666800

Test set: Average loss: 10.2127, Accuracy: 605/10000 (6%)

Train Epoch: 11 [0/60000 (0%)]	Loss: 10.574952
Train Epoch: 11 [6400/60000 (11%)]	Loss: 11.083293
Train Epoch: 11 [12800/60000 (21%)]	Loss: 10.182636
Train Epoch: 11 [19200/60000 (32%)]	Loss: 10.783958
Train Epoch: 11 [25600/60000 (43%)]	Loss: 10.062294
Train Epoch: 11 [32000/60000 (53%)]	Loss: 10.517780
Train Epoch: 11 [38400/60000 (64%)]	Loss: 10.419052
Train Epoch: 11 [44800/60000 (75%)]	Loss: 9.114735
Train Epoch: 11 [51200/60000 (85%)]	Loss: 9.325768
Train Epoch: 11 [57600/60000 (96%)]	Loss: 10.073948

Test set: Average loss: 10.2018, Accuracy: 618/10000 (6%)

Train Epoch: 12 [0/60000 (0%)]	Loss: 11.385925
Train Epoch: 12 [6400/60000 (11%)]	Loss: 9.442507
Train Epoch: 12 [12800/60000 (21%)]	Loss: 10.757541
Train Epoch: 12 [19200/60000 (32%)]	Loss: 9.022453
Train Epoch: 12 [25600/60000 (43%)]	Loss: 11.248179
Train Epoch: 12 [32000/60000 (53%)]	Loss: 9.544886
Train Epoch: 12 [38400/60000 (64%)]	Loss: 10.667202
Train Epoch: 12 [44800/60000 (75%)]	Loss: 9.165161
Train Epoch: 12 [51200/60000 (85%)]	Loss: 9.974649
Train Epoch: 12 [57600/60000 (96%)]	Loss: 8.880535

Test set: Average loss: 10.2574, Accuracy: 603/10000 (6%)

Train Epoch: 13 [0/60000 (0%)]	Loss: 10.368848
Train Epoch: 13 [6400/60000 (11%)]	Loss: 10.644225
Train Epoch: 13 [12800/60000 (21%)]	Loss: 8.932495
Train Epoch: 13 [19200/60000 (32%)]	Loss: 10.983504
Train Epoch: 13 [25600/60000 (43%)]	Loss: 9.244199
Train Epoch: 13 [32000/60000 (53%)]	Loss: 11.111184
Train Epoch: 13 [38400/60000 (64%)]	Loss: 10.787303
Train Epoch: 13 [44800/60000 (75%)]	Loss: 10.969803
Train Epoch: 13 [51200/60000 (85%)]	Loss: 11.186303
Train Epoch: 13 [57600/60000 (96%)]	Loss: 9.508815

Test set: Average loss: 10.2352, Accuracy: 594/10000 (6%)

Train Epoch: 14 [0/60000 (0%)]	Loss: 11.330944
Train Epoch: 14 [6400/60000 (11%)]	Loss: 11.007404
Train Epoch: 14 [12800/60000 (21%)]	Loss: 9.623473
Train Epoch: 14 [19200/60000 (32%)]	Loss: 9.878556
Train Epoch: 14 [25600/60000 (43%)]	Loss: 11.050003
Train Epoch: 14 [32000/60000 (53%)]	Loss: 9.807947
Train Epoch: 14 [38400/60000 (64%)]	Loss: 10.078320
Train Epoch: 14 [44800/60000 (75%)]	Loss: 8.955224
Train Epoch: 14 [51200/60000 (85%)]	Loss: 9.834470
Train Epoch: 14 [57600/60000 (96%)]	Loss: 10.911771

Test set: Average loss: 10.3120, Accuracy: 596/10000 (6%)

Train Epoch: 15 [0/60000 (0%)]	Loss: 11.453310
Train Epoch: 15 [6400/60000 (11%)]	Loss: 9.738073
Train Epoch: 15 [12800/60000 (21%)]	Loss: 9.420712
Train Epoch: 15 [19200/60000 (32%)]	Loss: 12.303070
Train Epoch: 15 [25600/60000 (43%)]	Loss: 10.036502
Train Epoch: 15 [32000/60000 (53%)]	Loss: 11.075950
Train Epoch: 15 [38400/60000 (64%)]	Loss: 10.933352
Train Epoch: 15 [44800/60000 (75%)]	Loss: 10.936987
Train Epoch: 15 [51200/60000 (85%)]	Loss: 10.958950
Train Epoch: 15 [57600/60000 (96%)]	Loss: 10.168826

Test set: Average loss: 10.2668, Accuracy: 594/10000 (6%)

Train Epoch: 16 [0/60000 (0%)]	Loss: 9.596212
Train Epoch: 16 [6400/60000 (11%)]	Loss: 10.076817
Train Epoch: 16 [12800/60000 (21%)]	Loss: 10.817263
Train Epoch: 16 [19200/60000 (32%)]	Loss: 10.645519
Train Epoch: 16 [25600/60000 (43%)]	Loss: 9.287296
Train Epoch: 16 [32000/60000 (53%)]	Loss: 9.643467
Train Epoch: 16 [38400/60000 (64%)]	Loss: 11.155135
Train Epoch: 16 [44800/60000 (75%)]	Loss: 11.693906
Train Epoch: 16 [51200/60000 (85%)]	Loss: 10.759211
Train Epoch: 16 [57600/60000 (96%)]	Loss: 10.341558

Test set: Average loss: 10.2254, Accuracy: 597/10000 (6%)

Train Epoch: 17 [0/60000 (0%)]	Loss: 10.019255
Train Epoch: 17 [6400/60000 (11%)]	Loss: 11.582009
Train Epoch: 17 [12800/60000 (21%)]	Loss: 10.491528
Train Epoch: 17 [19200/60000 (32%)]	Loss: 10.328947
Train Epoch: 17 [25600/60000 (43%)]	Loss: 11.793219
Train Epoch: 17 [32000/60000 (53%)]	Loss: 11.454515
Train Epoch: 17 [38400/60000 (64%)]	Loss: 9.313605
Train Epoch: 17 [44800/60000 (75%)]	Loss: 9.260777
Train Epoch: 17 [51200/60000 (85%)]	Loss: 10.529685
Train Epoch: 17 [57600/60000 (96%)]	Loss: 10.745751

Test set: Average loss: 10.2680, Accuracy: 606/10000 (6%)

Train Epoch: 18 [0/60000 (0%)]	Loss: 9.957727
Train Epoch: 18 [6400/60000 (11%)]	Loss: 10.152469
Train Epoch: 18 [12800/60000 (21%)]	Loss: 10.041268
Train Epoch: 18 [19200/60000 (32%)]	Loss: 9.911890
Train Epoch: 18 [25600/60000 (43%)]	Loss: 10.815514
Train Epoch: 18 [32000/60000 (53%)]	Loss: 10.265545
Train Epoch: 18 [38400/60000 (64%)]	Loss: 10.280004
Train Epoch: 18 [44800/60000 (75%)]	Loss: 10.317793
Train Epoch: 18 [51200/60000 (85%)]	Loss: 11.410190
Train Epoch: 18 [57600/60000 (96%)]	Loss: 11.057611

Test set: Average loss: 10.2180, Accuracy: 597/10000 (6%)

Train Epoch: 19 [0/60000 (0%)]	Loss: 9.831826
Train Epoch: 19 [6400/60000 (11%)]	Loss: 10.114273
Train Epoch: 19 [12800/60000 (21%)]	Loss: 10.269176
Train Epoch: 19 [19200/60000 (32%)]	Loss: 10.002264
Train Epoch: 19 [25600/60000 (43%)]	Loss: 10.709352
Train Epoch: 19 [32000/60000 (53%)]	Loss: 10.060361
Train Epoch: 19 [38400/60000 (64%)]	Loss: 10.543159
Train Epoch: 19 [44800/60000 (75%)]	Loss: 9.368499
Train Epoch: 19 [51200/60000 (85%)]	Loss: 9.788749
Train Epoch: 19 [57600/60000 (96%)]	Loss: 10.805915

Test set: Average loss: 10.1184, Accuracy: 674/10000 (7%)

Train Epoch: 20 [0/60000 (0%)]	Loss: 10.412580
Train Epoch: 20 [6400/60000 (11%)]	Loss: 9.764441
Train Epoch: 20 [12800/60000 (21%)]	Loss: 11.234987
Train Epoch: 20 [19200/60000 (32%)]	Loss: 10.772144
Train Epoch: 20 [25600/60000 (43%)]	Loss: 9.176746
Train Epoch: 20 [32000/60000 (53%)]	Loss: 10.299745
Train Epoch: 20 [38400/60000 (64%)]	Loss: 9.411964
Train Epoch: 20 [44800/60000 (75%)]	Loss: 10.241404
Train Epoch: 20 [51200/60000 (85%)]	Loss: 11.080826
Train Epoch: 20 [57600/60000 (96%)]	Loss: 10.926991

Test set: Average loss: 10.2483, Accuracy: 617/10000 (6%)

Namespace(batch_size=64, bias=None, data='../data', device=1, epochs=20, hidden_size=500, load_weights=None, log_interval=100, lr=0.1, milestones=[5, 7], model='redfc2', momentum=0.9, no_cuda=False, r=5, save_model=None, save_results=True, scheduler='cosine', seed=1, sparsity=0.01, use_relu=True, wd=0.0005)


Total time spent pruning/training: 2.16 minutes
Total number of parameters in model: 1991420
Number of parameters in pruned model: 1971505
