Namespace(batch_size=64, bias=None, data='../data', device=0, epochs=30, hidden_size=500, load_weights=None, log_interval=100, lr=0.1, milestones=[5, 7], model='redfc2', momentum=0.9, no_cuda=False, r=5, save_model=None, save_results=True, scheduler='cosine', seed=1, sparsity=0.1, use_relu=False, wd=0.0005) 

Pruning a Two-Layer Fully Connected Redundant Network ...
Train Epoch: 1 [0/60000 (0%)]	Loss: 16.094343
Train Epoch: 1 [6400/60000 (11%)]	Loss: 0.768732
Train Epoch: 1 [12800/60000 (21%)]	Loss: 0.424452
Train Epoch: 1 [19200/60000 (32%)]	Loss: 0.381134
Train Epoch: 1 [25600/60000 (43%)]	Loss: 0.391695
Train Epoch: 1 [32000/60000 (53%)]	Loss: 0.279645
Train Epoch: 1 [38400/60000 (64%)]	Loss: 0.310421
Train Epoch: 1 [44800/60000 (75%)]	Loss: 0.235526
Train Epoch: 1 [51200/60000 (85%)]	Loss: 0.160300
Train Epoch: 1 [57600/60000 (96%)]	Loss: 0.384694

Test set: Average loss: 0.2620, Accuracy: 9226/10000 (92%)

Train Epoch: 2 [0/60000 (0%)]	Loss: 0.433741
Train Epoch: 2 [6400/60000 (11%)]	Loss: 0.523781
Train Epoch: 2 [12800/60000 (21%)]	Loss: 0.328338
Train Epoch: 2 [19200/60000 (32%)]	Loss: 0.282323
Train Epoch: 2 [25600/60000 (43%)]	Loss: 0.094886
Train Epoch: 2 [32000/60000 (53%)]	Loss: 0.296737
Train Epoch: 2 [38400/60000 (64%)]	Loss: 0.105225
Train Epoch: 2 [44800/60000 (75%)]	Loss: 0.519414
Train Epoch: 2 [51200/60000 (85%)]	Loss: 0.153842
Train Epoch: 2 [57600/60000 (96%)]	Loss: 0.219122

Test set: Average loss: 0.2520, Accuracy: 9266/10000 (93%)

Train Epoch: 3 [0/60000 (0%)]	Loss: 0.195414
Train Epoch: 3 [6400/60000 (11%)]	Loss: 0.174991
Train Epoch: 3 [12800/60000 (21%)]	Loss: 0.440553
Train Epoch: 3 [19200/60000 (32%)]	Loss: 0.239852
Train Epoch: 3 [25600/60000 (43%)]	Loss: 0.252338
Train Epoch: 3 [32000/60000 (53%)]	Loss: 0.132850
Train Epoch: 3 [38400/60000 (64%)]	Loss: 0.352860
Train Epoch: 3 [44800/60000 (75%)]	Loss: 0.448262
Train Epoch: 3 [51200/60000 (85%)]	Loss: 0.333676
Train Epoch: 3 [57600/60000 (96%)]	Loss: 0.457890

Test set: Average loss: 0.3436, Accuracy: 8979/10000 (90%)

Train Epoch: 4 [0/60000 (0%)]	Loss: 0.345564
Train Epoch: 4 [6400/60000 (11%)]	Loss: 0.361341
Train Epoch: 4 [12800/60000 (21%)]	Loss: 0.465912
Train Epoch: 4 [19200/60000 (32%)]	Loss: 0.392707
Train Epoch: 4 [25600/60000 (43%)]	Loss: 0.788067
Train Epoch: 4 [32000/60000 (53%)]	Loss: 0.246423
Train Epoch: 4 [38400/60000 (64%)]	Loss: 0.297375
Train Epoch: 4 [44800/60000 (75%)]	Loss: 0.485176
Train Epoch: 4 [51200/60000 (85%)]	Loss: 0.244269
Train Epoch: 4 [57600/60000 (96%)]	Loss: 0.436713

Test set: Average loss: 0.3660, Accuracy: 8855/10000 (89%)

Train Epoch: 5 [0/60000 (0%)]	Loss: 0.127896
Train Epoch: 5 [6400/60000 (11%)]	Loss: 0.155652
Train Epoch: 5 [12800/60000 (21%)]	Loss: 0.468488
Train Epoch: 5 [19200/60000 (32%)]	Loss: 0.443045
Train Epoch: 5 [25600/60000 (43%)]	Loss: 0.177770
Train Epoch: 5 [32000/60000 (53%)]	Loss: 0.565990
Train Epoch: 5 [38400/60000 (64%)]	Loss: 0.415084
Train Epoch: 5 [44800/60000 (75%)]	Loss: 0.462163
Train Epoch: 5 [51200/60000 (85%)]	Loss: 0.323975
Train Epoch: 5 [57600/60000 (96%)]	Loss: 0.507664

Test set: Average loss: 0.7351, Accuracy: 7855/10000 (79%)

Train Epoch: 6 [0/60000 (0%)]	Loss: 0.773599
Train Epoch: 6 [6400/60000 (11%)]	Loss: 0.602996
Train Epoch: 6 [12800/60000 (21%)]	Loss: 0.606938
Train Epoch: 6 [19200/60000 (32%)]	Loss: 0.433273
Train Epoch: 6 [25600/60000 (43%)]	Loss: 0.686770
Train Epoch: 6 [32000/60000 (53%)]	Loss: 0.687083
Train Epoch: 6 [38400/60000 (64%)]	Loss: 0.894420
Train Epoch: 6 [44800/60000 (75%)]	Loss: 0.901148
Train Epoch: 6 [51200/60000 (85%)]	Loss: 0.868563
Train Epoch: 6 [57600/60000 (96%)]	Loss: 1.546782

Test set: Average loss: 1.0540, Accuracy: 7777/10000 (78%)

Train Epoch: 7 [0/60000 (0%)]	Loss: 1.151477
Train Epoch: 7 [6400/60000 (11%)]	Loss: 1.644273
Train Epoch: 7 [12800/60000 (21%)]	Loss: 0.575579
Train Epoch: 7 [19200/60000 (32%)]	Loss: 1.787615
Train Epoch: 7 [25600/60000 (43%)]	Loss: 1.122481
Train Epoch: 7 [32000/60000 (53%)]	Loss: 1.592238
Train Epoch: 7 [38400/60000 (64%)]	Loss: 1.352409
Train Epoch: 7 [44800/60000 (75%)]	Loss: 1.783672
Train Epoch: 7 [51200/60000 (85%)]	Loss: 2.200916
Train Epoch: 7 [57600/60000 (96%)]	Loss: 1.369711

Test set: Average loss: 3.1108, Accuracy: 6316/10000 (63%)

Train Epoch: 8 [0/60000 (0%)]	Loss: 3.155807
Train Epoch: 8 [6400/60000 (11%)]	Loss: 2.425554
Train Epoch: 8 [12800/60000 (21%)]	Loss: 1.254299
Train Epoch: 8 [19200/60000 (32%)]	Loss: 1.892559
Train Epoch: 8 [25600/60000 (43%)]	Loss: 1.997094
Train Epoch: 8 [32000/60000 (53%)]	Loss: 3.097265
Train Epoch: 8 [38400/60000 (64%)]	Loss: 2.873973
Train Epoch: 8 [44800/60000 (75%)]	Loss: 2.812191
Train Epoch: 8 [51200/60000 (85%)]	Loss: 3.082130
Train Epoch: 8 [57600/60000 (96%)]	Loss: 2.496368

Test set: Average loss: 2.5719, Accuracy: 6266/10000 (63%)

Train Epoch: 9 [0/60000 (0%)]	Loss: 3.575312
Train Epoch: 9 [6400/60000 (11%)]	Loss: 1.680933
Train Epoch: 9 [12800/60000 (21%)]	Loss: 3.297602
Train Epoch: 9 [19200/60000 (32%)]	Loss: 2.814557
Train Epoch: 9 [25600/60000 (43%)]	Loss: 3.004576
Train Epoch: 9 [32000/60000 (53%)]	Loss: 1.574555
Train Epoch: 9 [38400/60000 (64%)]	Loss: 2.855827
Train Epoch: 9 [44800/60000 (75%)]	Loss: 3.154585
Train Epoch: 9 [51200/60000 (85%)]	Loss: 2.576955
Train Epoch: 9 [57600/60000 (96%)]	Loss: 1.882627

Test set: Average loss: 2.5392, Accuracy: 6050/10000 (60%)

Train Epoch: 10 [0/60000 (0%)]	Loss: 2.771968
Train Epoch: 10 [6400/60000 (11%)]	Loss: 2.829256
Train Epoch: 10 [12800/60000 (21%)]	Loss: 2.726356
Train Epoch: 10 [19200/60000 (32%)]	Loss: 2.799666
Train Epoch: 10 [25600/60000 (43%)]	Loss: 3.390583
Train Epoch: 10 [32000/60000 (53%)]	Loss: 2.462490
Train Epoch: 10 [38400/60000 (64%)]	Loss: 2.152645
Train Epoch: 10 [44800/60000 (75%)]	Loss: 2.271090
Train Epoch: 10 [51200/60000 (85%)]	Loss: 4.170914
Train Epoch: 10 [57600/60000 (96%)]	Loss: 2.815160

Test set: Average loss: 3.2861, Accuracy: 5797/10000 (58%)

Train Epoch: 11 [0/60000 (0%)]	Loss: 4.048476
Train Epoch: 11 [6400/60000 (11%)]	Loss: 3.741212
Train Epoch: 11 [12800/60000 (21%)]	Loss: 2.156840
Train Epoch: 11 [19200/60000 (32%)]	Loss: 2.059431
Train Epoch: 11 [25600/60000 (43%)]	Loss: 1.928856
Train Epoch: 11 [32000/60000 (53%)]	Loss: 3.410847
Train Epoch: 11 [38400/60000 (64%)]	Loss: 4.923088
Train Epoch: 11 [44800/60000 (75%)]	Loss: 2.048504
Train Epoch: 11 [51200/60000 (85%)]	Loss: 3.135668
Train Epoch: 11 [57600/60000 (96%)]	Loss: 2.983976

Test set: Average loss: 3.0890, Accuracy: 5680/10000 (57%)

Train Epoch: 12 [0/60000 (0%)]	Loss: 4.839155
Train Epoch: 12 [6400/60000 (11%)]	Loss: 4.493370
Train Epoch: 12 [12800/60000 (21%)]	Loss: 2.723073
Train Epoch: 12 [19200/60000 (32%)]	Loss: 2.737169
Train Epoch: 12 [25600/60000 (43%)]	Loss: 2.871523
Train Epoch: 12 [32000/60000 (53%)]	Loss: 3.442326
Train Epoch: 12 [38400/60000 (64%)]	Loss: 2.533560
Train Epoch: 12 [44800/60000 (75%)]	Loss: 4.238623
Train Epoch: 12 [51200/60000 (85%)]	Loss: 4.204711
Train Epoch: 12 [57600/60000 (96%)]	Loss: 2.762476

Test set: Average loss: 3.9040, Accuracy: 5372/10000 (54%)

Train Epoch: 13 [0/60000 (0%)]	Loss: 3.173777
Train Epoch: 13 [6400/60000 (11%)]	Loss: 3.314898
Train Epoch: 13 [12800/60000 (21%)]	Loss: 3.318839
Train Epoch: 13 [19200/60000 (32%)]	Loss: 3.737650
Train Epoch: 13 [25600/60000 (43%)]	Loss: 3.226038
Train Epoch: 13 [32000/60000 (53%)]	Loss: 2.471405
Train Epoch: 13 [38400/60000 (64%)]	Loss: 3.589440
Train Epoch: 13 [44800/60000 (75%)]	Loss: 3.268306
Train Epoch: 13 [51200/60000 (85%)]	Loss: 2.836132
Train Epoch: 13 [57600/60000 (96%)]	Loss: 2.278497

Test set: Average loss: 4.0340, Accuracy: 4503/10000 (45%)

Train Epoch: 14 [0/60000 (0%)]	Loss: 2.778318
Train Epoch: 14 [6400/60000 (11%)]	Loss: 2.583307
Train Epoch: 14 [12800/60000 (21%)]	Loss: 4.517181
Train Epoch: 14 [19200/60000 (32%)]	Loss: 2.550426
Train Epoch: 14 [25600/60000 (43%)]	Loss: 4.225447
Train Epoch: 14 [32000/60000 (53%)]	Loss: 3.275797
Train Epoch: 14 [38400/60000 (64%)]	Loss: 4.115239
Train Epoch: 14 [44800/60000 (75%)]	Loss: 2.293360
Train Epoch: 14 [51200/60000 (85%)]	Loss: 3.041340
Train Epoch: 14 [57600/60000 (96%)]	Loss: 2.768543

Test set: Average loss: 3.4219, Accuracy: 5215/10000 (52%)

Train Epoch: 15 [0/60000 (0%)]	Loss: 3.267012
Train Epoch: 15 [6400/60000 (11%)]	Loss: 3.048575
Train Epoch: 15 [12800/60000 (21%)]	Loss: 2.672084
Train Epoch: 15 [19200/60000 (32%)]	Loss: 2.795184
Train Epoch: 15 [25600/60000 (43%)]	Loss: 3.630271
Train Epoch: 15 [32000/60000 (53%)]	Loss: 3.503068
Train Epoch: 15 [38400/60000 (64%)]	Loss: 3.927989
Train Epoch: 15 [44800/60000 (75%)]	Loss: 3.527292
Train Epoch: 15 [51200/60000 (85%)]	Loss: 5.280953
Train Epoch: 15 [57600/60000 (96%)]	Loss: 2.978024

Test set: Average loss: 4.1018, Accuracy: 5204/10000 (52%)

Train Epoch: 16 [0/60000 (0%)]	Loss: 4.012199
Train Epoch: 16 [6400/60000 (11%)]	Loss: 3.431278
Train Epoch: 16 [12800/60000 (21%)]	Loss: 5.398509
Train Epoch: 16 [19200/60000 (32%)]	Loss: 3.789293
Train Epoch: 16 [25600/60000 (43%)]	Loss: 3.749592
Train Epoch: 16 [32000/60000 (53%)]	Loss: 3.460948
Train Epoch: 16 [38400/60000 (64%)]	Loss: 3.198695
Train Epoch: 16 [44800/60000 (75%)]	Loss: 3.135486
Train Epoch: 16 [51200/60000 (85%)]	Loss: 4.799889
Train Epoch: 16 [57600/60000 (96%)]	Loss: 3.430412

Test set: Average loss: 4.3834, Accuracy: 4824/10000 (48%)

Train Epoch: 17 [0/60000 (0%)]	Loss: 4.852901
Train Epoch: 17 [6400/60000 (11%)]	Loss: 3.608785
Train Epoch: 17 [12800/60000 (21%)]	Loss: 4.853272
Train Epoch: 17 [19200/60000 (32%)]	Loss: 4.820577
Train Epoch: 17 [25600/60000 (43%)]	Loss: 3.247747
Train Epoch: 17 [32000/60000 (53%)]	Loss: 3.732051
Train Epoch: 17 [38400/60000 (64%)]	Loss: 2.412151
Train Epoch: 17 [44800/60000 (75%)]	Loss: 3.030131
Train Epoch: 17 [51200/60000 (85%)]	Loss: 2.699603
Train Epoch: 17 [57600/60000 (96%)]	Loss: 3.920490

Test set: Average loss: 3.5416, Accuracy: 4905/10000 (49%)

Train Epoch: 18 [0/60000 (0%)]	Loss: 3.536717
Train Epoch: 18 [6400/60000 (11%)]	Loss: 3.705427
Train Epoch: 18 [12800/60000 (21%)]	Loss: 5.027745
Train Epoch: 18 [19200/60000 (32%)]	Loss: 4.367473
Train Epoch: 18 [25600/60000 (43%)]	Loss: 4.147679
Train Epoch: 18 [32000/60000 (53%)]	Loss: 3.321398
Train Epoch: 18 [38400/60000 (64%)]	Loss: 4.699519
Train Epoch: 18 [44800/60000 (75%)]	Loss: 3.962678
Train Epoch: 18 [51200/60000 (85%)]	Loss: 4.482478
Train Epoch: 18 [57600/60000 (96%)]	Loss: 3.800142

Test set: Average loss: 3.7496, Accuracy: 4603/10000 (46%)

Train Epoch: 19 [0/60000 (0%)]	Loss: 3.271796
Train Epoch: 19 [6400/60000 (11%)]	Loss: 6.541327
Train Epoch: 19 [12800/60000 (21%)]	Loss: 4.291915
Train Epoch: 19 [19200/60000 (32%)]	Loss: 4.490461
Train Epoch: 19 [25600/60000 (43%)]	Loss: 3.195435
Train Epoch: 19 [32000/60000 (53%)]	Loss: 3.469125
Train Epoch: 19 [38400/60000 (64%)]	Loss: 3.922095
Train Epoch: 19 [44800/60000 (75%)]	Loss: 3.471211
Train Epoch: 19 [51200/60000 (85%)]	Loss: 4.481329
Train Epoch: 19 [57600/60000 (96%)]	Loss: 3.850344

Test set: Average loss: 4.4898, Accuracy: 4590/10000 (46%)

Train Epoch: 20 [0/60000 (0%)]	Loss: 5.546390
Train Epoch: 20 [6400/60000 (11%)]	Loss: 3.163278
Train Epoch: 20 [12800/60000 (21%)]	Loss: 3.592392
Train Epoch: 20 [19200/60000 (32%)]	Loss: 3.439477
Train Epoch: 20 [25600/60000 (43%)]	Loss: 3.347679
Train Epoch: 20 [32000/60000 (53%)]	Loss: 3.126048
Train Epoch: 20 [38400/60000 (64%)]	Loss: 4.487814
Train Epoch: 20 [44800/60000 (75%)]	Loss: 3.756818
Train Epoch: 20 [51200/60000 (85%)]	Loss: 4.227860
Train Epoch: 20 [57600/60000 (96%)]	Loss: 2.314445

Test set: Average loss: 4.0533, Accuracy: 4580/10000 (46%)

Train Epoch: 21 [0/60000 (0%)]	Loss: 3.754177
Train Epoch: 21 [6400/60000 (11%)]	Loss: 4.749279
Train Epoch: 21 [12800/60000 (21%)]	Loss: 3.954931
Train Epoch: 21 [19200/60000 (32%)]	Loss: 3.235238
Train Epoch: 21 [25600/60000 (43%)]	Loss: 4.250177
Train Epoch: 21 [32000/60000 (53%)]	Loss: 4.075997
Train Epoch: 21 [38400/60000 (64%)]	Loss: 4.183317
Train Epoch: 21 [44800/60000 (75%)]	Loss: 3.034852
Train Epoch: 21 [51200/60000 (85%)]	Loss: 4.260259
Train Epoch: 21 [57600/60000 (96%)]	Loss: 3.222592

Test set: Average loss: 3.4977, Accuracy: 5096/10000 (51%)

Train Epoch: 22 [0/60000 (0%)]	Loss: 3.929533
Train Epoch: 22 [6400/60000 (11%)]	Loss: 3.885488
Train Epoch: 22 [12800/60000 (21%)]	Loss: 3.398843
Train Epoch: 22 [19200/60000 (32%)]	Loss: 3.734498
Train Epoch: 22 [25600/60000 (43%)]	Loss: 3.663589
Train Epoch: 22 [32000/60000 (53%)]	Loss: 3.168272
Train Epoch: 22 [38400/60000 (64%)]	Loss: 3.008954
Train Epoch: 22 [44800/60000 (75%)]	Loss: 3.315359
Train Epoch: 22 [51200/60000 (85%)]	Loss: 4.616627
Train Epoch: 22 [57600/60000 (96%)]	Loss: 3.252233

Test set: Average loss: 4.4149, Accuracy: 4973/10000 (50%)

Train Epoch: 23 [0/60000 (0%)]	Loss: 3.046295
Train Epoch: 23 [6400/60000 (11%)]	Loss: 2.846479
Train Epoch: 23 [12800/60000 (21%)]	Loss: 3.339477
Train Epoch: 23 [19200/60000 (32%)]	Loss: 2.602880
Train Epoch: 23 [25600/60000 (43%)]	Loss: 3.717267
Train Epoch: 23 [32000/60000 (53%)]	Loss: 4.510331
Train Epoch: 23 [38400/60000 (64%)]	Loss: 3.866037
Train Epoch: 23 [44800/60000 (75%)]	Loss: 3.247086
Train Epoch: 23 [51200/60000 (85%)]	Loss: 3.944264
Train Epoch: 23 [57600/60000 (96%)]	Loss: 4.597722

Test set: Average loss: 3.9251, Accuracy: 4955/10000 (50%)

Train Epoch: 24 [0/60000 (0%)]	Loss: 3.813423
Train Epoch: 24 [6400/60000 (11%)]	Loss: 4.066504
Train Epoch: 24 [12800/60000 (21%)]	Loss: 3.055941
Train Epoch: 24 [19200/60000 (32%)]	Loss: 4.603115
Train Epoch: 24 [25600/60000 (43%)]	Loss: 3.820669
Train Epoch: 24 [32000/60000 (53%)]	Loss: 2.671504
Train Epoch: 24 [38400/60000 (64%)]	Loss: 3.037049
Train Epoch: 24 [44800/60000 (75%)]	Loss: 3.791339
Train Epoch: 24 [51200/60000 (85%)]	Loss: 3.721216
Train Epoch: 24 [57600/60000 (96%)]	Loss: 2.839366

Test set: Average loss: 3.5950, Accuracy: 5262/10000 (53%)

Train Epoch: 25 [0/60000 (0%)]	Loss: 3.239673
Train Epoch: 25 [6400/60000 (11%)]	Loss: 3.539652
Train Epoch: 25 [12800/60000 (21%)]	Loss: 3.787387
Train Epoch: 25 [19200/60000 (32%)]	Loss: 4.138969
Train Epoch: 25 [25600/60000 (43%)]	Loss: 3.728349
Train Epoch: 25 [32000/60000 (53%)]	Loss: 4.812397
Train Epoch: 25 [38400/60000 (64%)]	Loss: 5.038746
Train Epoch: 25 [44800/60000 (75%)]	Loss: 4.875783
Train Epoch: 25 [51200/60000 (85%)]	Loss: 3.677621
Train Epoch: 25 [57600/60000 (96%)]	Loss: 4.212573

Test set: Average loss: 4.2544, Accuracy: 4747/10000 (47%)

Train Epoch: 26 [0/60000 (0%)]	Loss: 5.453478
Train Epoch: 26 [6400/60000 (11%)]	Loss: 3.501470
Train Epoch: 26 [12800/60000 (21%)]	Loss: 3.624081
Train Epoch: 26 [19200/60000 (32%)]	Loss: 4.726755
Train Epoch: 26 [25600/60000 (43%)]	Loss: 4.618601
Train Epoch: 26 [32000/60000 (53%)]	Loss: 5.025389
Train Epoch: 26 [38400/60000 (64%)]	Loss: 2.680053
Train Epoch: 26 [44800/60000 (75%)]	Loss: 2.226107
Train Epoch: 26 [51200/60000 (85%)]	Loss: 3.420266
Train Epoch: 26 [57600/60000 (96%)]	Loss: 3.791215

Test set: Average loss: 3.3871, Accuracy: 5647/10000 (56%)

Train Epoch: 27 [0/60000 (0%)]	Loss: 3.084133
Train Epoch: 27 [6400/60000 (11%)]	Loss: 3.191005
Train Epoch: 27 [12800/60000 (21%)]	Loss: 1.933351
Train Epoch: 27 [19200/60000 (32%)]	Loss: 4.540375
Train Epoch: 27 [25600/60000 (43%)]	Loss: 3.126862
Train Epoch: 27 [32000/60000 (53%)]	Loss: 3.787841
Train Epoch: 27 [38400/60000 (64%)]	Loss: 2.534975
Train Epoch: 27 [44800/60000 (75%)]	Loss: 3.013181
Train Epoch: 27 [51200/60000 (85%)]	Loss: 3.726861
Train Epoch: 27 [57600/60000 (96%)]	Loss: 1.929779

Test set: Average loss: 4.3778, Accuracy: 5334/10000 (53%)

Train Epoch: 28 [0/60000 (0%)]	Loss: 4.046845
Train Epoch: 28 [6400/60000 (11%)]	Loss: 3.037842
Train Epoch: 28 [12800/60000 (21%)]	Loss: 3.029856
Train Epoch: 28 [19200/60000 (32%)]	Loss: 2.421130
Train Epoch: 28 [25600/60000 (43%)]	Loss: 1.946321
Train Epoch: 28 [32000/60000 (53%)]	Loss: 2.716424
Train Epoch: 28 [38400/60000 (64%)]	Loss: 3.839458
Train Epoch: 28 [44800/60000 (75%)]	Loss: 2.729981
Train Epoch: 28 [51200/60000 (85%)]	Loss: 2.733335
Train Epoch: 28 [57600/60000 (96%)]	Loss: 2.541101

Test set: Average loss: 3.1197, Accuracy: 5651/10000 (57%)

Train Epoch: 29 [0/60000 (0%)]	Loss: 2.600439
Train Epoch: 29 [6400/60000 (11%)]	Loss: 2.303407
Train Epoch: 29 [12800/60000 (21%)]	Loss: 1.676095
Train Epoch: 29 [19200/60000 (32%)]	Loss: 1.719411
Train Epoch: 29 [25600/60000 (43%)]	Loss: 1.059970
Train Epoch: 29 [32000/60000 (53%)]	Loss: 2.626505
Train Epoch: 29 [38400/60000 (64%)]	Loss: 1.941399
Train Epoch: 29 [44800/60000 (75%)]	Loss: 2.892835
Train Epoch: 29 [51200/60000 (85%)]	Loss: 3.178539
Train Epoch: 29 [57600/60000 (96%)]	Loss: 2.809020

Test set: Average loss: 2.4075, Accuracy: 6527/10000 (65%)

Train Epoch: 30 [0/60000 (0%)]	Loss: 2.244342
Train Epoch: 30 [6400/60000 (11%)]	Loss: 1.689783
Train Epoch: 30 [12800/60000 (21%)]	Loss: 1.273801
Train Epoch: 30 [19200/60000 (32%)]	Loss: 2.165714
Train Epoch: 30 [25600/60000 (43%)]	Loss: 1.411863
Train Epoch: 30 [32000/60000 (53%)]	Loss: 2.155365
Train Epoch: 30 [38400/60000 (64%)]	Loss: 1.413420
Train Epoch: 30 [44800/60000 (75%)]	Loss: 2.619108
Train Epoch: 30 [51200/60000 (85%)]	Loss: 2.571603
Train Epoch: 30 [57600/60000 (96%)]	Loss: 2.987580

Test set: Average loss: 2.3240, Accuracy: 6926/10000 (69%)

Namespace(batch_size=64, bias=None, data='../data', device=0, epochs=30, hidden_size=500, load_weights=None, log_interval=100, lr=0.1, milestones=[5, 7], model='redfc2', momentum=0.9, no_cuda=False, r=5, save_model=None, save_results=True, scheduler='cosine', seed=1, sparsity=0.1, use_relu=False, wd=0.0005)


Total time spent pruning/training: 3.31 minutes
Total number of parameters in model: 1991420
Number of parameters in pruned model: 1792278
