Namespace(batch_size=64, bias=None, data='../data', device=0, epochs=30, hidden_size=500, load_weights=None, log_interval=100, lr=0.1, milestones=[5, 7], model='redfc2', momentum=0.9, no_cuda=False, r=5, save_model=None, save_results=True, scheduler='cosine', seed=1, sparsity=0.01, use_relu=False, wd=0.0005) 

Pruning a Two-Layer Fully Connected Redundant Network ...
Train Epoch: 1 [0/60000 (0%)]	Loss: 19.426031
Train Epoch: 1 [6400/60000 (11%)]	Loss: 4.223424
Train Epoch: 1 [12800/60000 (21%)]	Loss: 7.478764
Train Epoch: 1 [19200/60000 (32%)]	Loss: 8.636236
Train Epoch: 1 [25600/60000 (43%)]	Loss: 10.025371
Train Epoch: 1 [32000/60000 (53%)]	Loss: 11.481366
Train Epoch: 1 [38400/60000 (64%)]	Loss: 15.136835
Train Epoch: 1 [44800/60000 (75%)]	Loss: 14.517382
Train Epoch: 1 [51200/60000 (85%)]	Loss: 12.429313
Train Epoch: 1 [57600/60000 (96%)]	Loss: 12.908601

Test set: Average loss: 14.9508, Accuracy: 1055/10000 (11%)

Train Epoch: 2 [0/60000 (0%)]	Loss: 14.961689
Train Epoch: 2 [6400/60000 (11%)]	Loss: 16.624409
Train Epoch: 2 [12800/60000 (21%)]	Loss: 13.205876
Train Epoch: 2 [19200/60000 (32%)]	Loss: 12.696327
Train Epoch: 2 [25600/60000 (43%)]	Loss: 13.031797
Train Epoch: 2 [32000/60000 (53%)]	Loss: 16.696104
Train Epoch: 2 [38400/60000 (64%)]	Loss: 15.570435
Train Epoch: 2 [44800/60000 (75%)]	Loss: 14.615114
Train Epoch: 2 [51200/60000 (85%)]	Loss: 17.177757
Train Epoch: 2 [57600/60000 (96%)]	Loss: 17.409332

Test set: Average loss: 16.3348, Accuracy: 1002/10000 (10%)

Train Epoch: 3 [0/60000 (0%)]	Loss: 15.879415
Train Epoch: 3 [6400/60000 (11%)]	Loss: 16.690573
Train Epoch: 3 [12800/60000 (21%)]	Loss: 17.067162
Train Epoch: 3 [19200/60000 (32%)]	Loss: 14.127342
Train Epoch: 3 [25600/60000 (43%)]	Loss: 13.738822
Train Epoch: 3 [32000/60000 (53%)]	Loss: 16.233274
Train Epoch: 3 [38400/60000 (64%)]	Loss: 18.272743
Train Epoch: 3 [44800/60000 (75%)]	Loss: 17.137379
Train Epoch: 3 [51200/60000 (85%)]	Loss: 16.354677
Train Epoch: 3 [57600/60000 (96%)]	Loss: 16.481691

Test set: Average loss: 16.9674, Accuracy: 956/10000 (10%)

Train Epoch: 4 [0/60000 (0%)]	Loss: 18.222918
Train Epoch: 4 [6400/60000 (11%)]	Loss: 16.313053
Train Epoch: 4 [12800/60000 (21%)]	Loss: 15.968005
Train Epoch: 4 [19200/60000 (32%)]	Loss: 15.381569
Train Epoch: 4 [25600/60000 (43%)]	Loss: 16.076155
Train Epoch: 4 [32000/60000 (53%)]	Loss: 18.090082
Train Epoch: 4 [38400/60000 (64%)]	Loss: 15.975556
Train Epoch: 4 [44800/60000 (75%)]	Loss: 16.227955
Train Epoch: 4 [51200/60000 (85%)]	Loss: 16.691893
Train Epoch: 4 [57600/60000 (96%)]	Loss: 18.706572

Test set: Average loss: 17.2659, Accuracy: 1003/10000 (10%)

Train Epoch: 5 [0/60000 (0%)]	Loss: 17.232666
Train Epoch: 5 [6400/60000 (11%)]	Loss: 16.817312
Train Epoch: 5 [12800/60000 (21%)]	Loss: 19.982157
Train Epoch: 5 [19200/60000 (32%)]	Loss: 17.682795
Train Epoch: 5 [25600/60000 (43%)]	Loss: 17.794407
Train Epoch: 5 [32000/60000 (53%)]	Loss: 17.706841
Train Epoch: 5 [38400/60000 (64%)]	Loss: 16.390299
Train Epoch: 5 [44800/60000 (75%)]	Loss: 15.666938
Train Epoch: 5 [51200/60000 (85%)]	Loss: 14.922293
Train Epoch: 5 [57600/60000 (96%)]	Loss: 16.651453

Test set: Average loss: 17.5489, Accuracy: 868/10000 (9%)

Train Epoch: 6 [0/60000 (0%)]	Loss: 17.674198
Train Epoch: 6 [6400/60000 (11%)]	Loss: 14.520580
Train Epoch: 6 [12800/60000 (21%)]	Loss: 18.384001
Train Epoch: 6 [19200/60000 (32%)]	Loss: 15.703088
Train Epoch: 6 [25600/60000 (43%)]	Loss: 16.699389
Train Epoch: 6 [32000/60000 (53%)]	Loss: 14.724649
Train Epoch: 6 [38400/60000 (64%)]	Loss: 14.950369
Train Epoch: 6 [44800/60000 (75%)]	Loss: 20.249523
Train Epoch: 6 [51200/60000 (85%)]	Loss: 17.736599
Train Epoch: 6 [57600/60000 (96%)]	Loss: 19.426640

Test set: Average loss: 17.7646, Accuracy: 923/10000 (9%)

Train Epoch: 7 [0/60000 (0%)]	Loss: 16.905846
Train Epoch: 7 [6400/60000 (11%)]	Loss: 17.450615
Train Epoch: 7 [12800/60000 (21%)]	Loss: 17.447254
Train Epoch: 7 [19200/60000 (32%)]	Loss: 17.935526
Train Epoch: 7 [25600/60000 (43%)]	Loss: 16.868998
Train Epoch: 7 [32000/60000 (53%)]	Loss: 14.707843
Train Epoch: 7 [38400/60000 (64%)]	Loss: 17.851593
Train Epoch: 7 [44800/60000 (75%)]	Loss: 17.986814
Train Epoch: 7 [51200/60000 (85%)]	Loss: 17.566031
Train Epoch: 7 [57600/60000 (96%)]	Loss: 16.867311

Test set: Average loss: 18.0315, Accuracy: 940/10000 (9%)

Train Epoch: 8 [0/60000 (0%)]	Loss: 17.228365
Train Epoch: 8 [6400/60000 (11%)]	Loss: 17.272772
Train Epoch: 8 [12800/60000 (21%)]	Loss: 16.738667
Train Epoch: 8 [19200/60000 (32%)]	Loss: 19.797949
Train Epoch: 8 [25600/60000 (43%)]	Loss: 18.028069
Train Epoch: 8 [32000/60000 (53%)]	Loss: 15.891367
Train Epoch: 8 [38400/60000 (64%)]	Loss: 18.003296
Train Epoch: 8 [44800/60000 (75%)]	Loss: 16.326532
Train Epoch: 8 [51200/60000 (85%)]	Loss: 18.911020
Train Epoch: 8 [57600/60000 (96%)]	Loss: 17.734022

Test set: Average loss: 18.0405, Accuracy: 932/10000 (9%)

Train Epoch: 9 [0/60000 (0%)]	Loss: 19.778591
Train Epoch: 9 [6400/60000 (11%)]	Loss: 16.727905
Train Epoch: 9 [12800/60000 (21%)]	Loss: 18.851292
Train Epoch: 9 [19200/60000 (32%)]	Loss: 22.114273
Train Epoch: 9 [25600/60000 (43%)]	Loss: 19.375141
Train Epoch: 9 [32000/60000 (53%)]	Loss: 17.847750
Train Epoch: 9 [38400/60000 (64%)]	Loss: 16.746984
Train Epoch: 9 [44800/60000 (75%)]	Loss: 17.424026
Train Epoch: 9 [51200/60000 (85%)]	Loss: 18.213507
Train Epoch: 9 [57600/60000 (96%)]	Loss: 17.645102

Test set: Average loss: 18.3775, Accuracy: 918/10000 (9%)

Train Epoch: 10 [0/60000 (0%)]	Loss: 19.620543
Train Epoch: 10 [6400/60000 (11%)]	Loss: 16.848198
Train Epoch: 10 [12800/60000 (21%)]	Loss: 16.896626
Train Epoch: 10 [19200/60000 (32%)]	Loss: 16.782116
Train Epoch: 10 [25600/60000 (43%)]	Loss: 20.835279
Train Epoch: 10 [32000/60000 (53%)]	Loss: 17.375774
Train Epoch: 10 [38400/60000 (64%)]	Loss: 18.178915
Train Epoch: 10 [44800/60000 (75%)]	Loss: 18.557783
Train Epoch: 10 [51200/60000 (85%)]	Loss: 19.555264
Train Epoch: 10 [57600/60000 (96%)]	Loss: 18.063641

Test set: Average loss: 17.8189, Accuracy: 931/10000 (9%)

Train Epoch: 11 [0/60000 (0%)]	Loss: 16.624268
Train Epoch: 11 [6400/60000 (11%)]	Loss: 19.355089
Train Epoch: 11 [12800/60000 (21%)]	Loss: 18.089603
Train Epoch: 11 [19200/60000 (32%)]	Loss: 17.427462
Train Epoch: 11 [25600/60000 (43%)]	Loss: 17.784796
Train Epoch: 11 [32000/60000 (53%)]	Loss: 19.045990
Train Epoch: 11 [38400/60000 (64%)]	Loss: 19.945616
Train Epoch: 11 [44800/60000 (75%)]	Loss: 17.561989
Train Epoch: 11 [51200/60000 (85%)]	Loss: 14.979032
Train Epoch: 11 [57600/60000 (96%)]	Loss: 18.243553

Test set: Average loss: 18.2262, Accuracy: 924/10000 (9%)

Train Epoch: 12 [0/60000 (0%)]	Loss: 20.847454
Train Epoch: 12 [6400/60000 (11%)]	Loss: 18.868938
Train Epoch: 12 [12800/60000 (21%)]	Loss: 15.642778
Train Epoch: 12 [19200/60000 (32%)]	Loss: 16.082584
Train Epoch: 12 [25600/60000 (43%)]	Loss: 18.245537
Train Epoch: 12 [32000/60000 (53%)]	Loss: 16.521313
Train Epoch: 12 [38400/60000 (64%)]	Loss: 18.572895
Train Epoch: 12 [44800/60000 (75%)]	Loss: 14.945478
Train Epoch: 12 [51200/60000 (85%)]	Loss: 17.793154
Train Epoch: 12 [57600/60000 (96%)]	Loss: 16.530348

Test set: Average loss: 18.1815, Accuracy: 925/10000 (9%)

Train Epoch: 13 [0/60000 (0%)]	Loss: 18.823593
Train Epoch: 13 [6400/60000 (11%)]	Loss: 16.950914
Train Epoch: 13 [12800/60000 (21%)]	Loss: 16.969213
Train Epoch: 13 [19200/60000 (32%)]	Loss: 17.882904
Train Epoch: 13 [25600/60000 (43%)]	Loss: 17.781927
Train Epoch: 13 [32000/60000 (53%)]	Loss: 19.347061
Train Epoch: 13 [38400/60000 (64%)]	Loss: 15.755352
Train Epoch: 13 [44800/60000 (75%)]	Loss: 18.171185
Train Epoch: 13 [51200/60000 (85%)]	Loss: 18.561041
Train Epoch: 13 [57600/60000 (96%)]	Loss: 17.102657

Test set: Average loss: 18.2136, Accuracy: 905/10000 (9%)

Train Epoch: 14 [0/60000 (0%)]	Loss: 19.154369
Train Epoch: 14 [6400/60000 (11%)]	Loss: 17.421774
Train Epoch: 14 [12800/60000 (21%)]	Loss: 16.322308
Train Epoch: 14 [19200/60000 (32%)]	Loss: 17.362122
Train Epoch: 14 [25600/60000 (43%)]	Loss: 19.994072
Train Epoch: 14 [32000/60000 (53%)]	Loss: 15.759687
Train Epoch: 14 [38400/60000 (64%)]	Loss: 19.958136
Train Epoch: 14 [44800/60000 (75%)]	Loss: 15.550961
Train Epoch: 14 [51200/60000 (85%)]	Loss: 17.570862
Train Epoch: 14 [57600/60000 (96%)]	Loss: 18.314264

Test set: Average loss: 18.1806, Accuracy: 926/10000 (9%)

Train Epoch: 15 [0/60000 (0%)]	Loss: 18.402447
Train Epoch: 15 [6400/60000 (11%)]	Loss: 16.727310
Train Epoch: 15 [12800/60000 (21%)]	Loss: 17.703375
Train Epoch: 15 [19200/60000 (32%)]	Loss: 19.194923
Train Epoch: 15 [25600/60000 (43%)]	Loss: 17.998201
Train Epoch: 15 [32000/60000 (53%)]	Loss: 20.349522
Train Epoch: 15 [38400/60000 (64%)]	Loss: 19.459263
Train Epoch: 15 [44800/60000 (75%)]	Loss: 18.791727
Train Epoch: 15 [51200/60000 (85%)]	Loss: 17.737986
Train Epoch: 15 [57600/60000 (96%)]	Loss: 18.253147

Test set: Average loss: 18.2720, Accuracy: 931/10000 (9%)

Train Epoch: 16 [0/60000 (0%)]	Loss: 16.666468
Train Epoch: 16 [6400/60000 (11%)]	Loss: 16.327030
Train Epoch: 16 [12800/60000 (21%)]	Loss: 20.333424
Train Epoch: 16 [19200/60000 (32%)]	Loss: 17.241840
Train Epoch: 16 [25600/60000 (43%)]	Loss: 15.232177
Train Epoch: 16 [32000/60000 (53%)]	Loss: 17.966492
Train Epoch: 16 [38400/60000 (64%)]	Loss: 15.510193
Train Epoch: 16 [44800/60000 (75%)]	Loss: 19.849461
Train Epoch: 16 [51200/60000 (85%)]	Loss: 18.886976
Train Epoch: 16 [57600/60000 (96%)]	Loss: 17.814571

Test set: Average loss: 18.1023, Accuracy: 945/10000 (9%)

Train Epoch: 17 [0/60000 (0%)]	Loss: 18.423952
Train Epoch: 17 [6400/60000 (11%)]	Loss: 19.764391
Train Epoch: 17 [12800/60000 (21%)]	Loss: 18.640671
Train Epoch: 17 [19200/60000 (32%)]	Loss: 17.431067
Train Epoch: 17 [25600/60000 (43%)]	Loss: 20.246336
Train Epoch: 17 [32000/60000 (53%)]	Loss: 18.865873
Train Epoch: 17 [38400/60000 (64%)]	Loss: 15.768057
Train Epoch: 17 [44800/60000 (75%)]	Loss: 15.059856
Train Epoch: 17 [51200/60000 (85%)]	Loss: 16.018194
Train Epoch: 17 [57600/60000 (96%)]	Loss: 19.255924

Test set: Average loss: 17.8840, Accuracy: 943/10000 (9%)

Train Epoch: 18 [0/60000 (0%)]	Loss: 16.322060
Train Epoch: 18 [6400/60000 (11%)]	Loss: 17.355295
Train Epoch: 18 [12800/60000 (21%)]	Loss: 18.545820
Train Epoch: 18 [19200/60000 (32%)]	Loss: 17.518429
Train Epoch: 18 [25600/60000 (43%)]	Loss: 18.328318
Train Epoch: 18 [32000/60000 (53%)]	Loss: 18.808817
Train Epoch: 18 [38400/60000 (64%)]	Loss: 17.273899
Train Epoch: 18 [44800/60000 (75%)]	Loss: 18.407003
Train Epoch: 18 [51200/60000 (85%)]	Loss: 19.812452
Train Epoch: 18 [57600/60000 (96%)]	Loss: 17.158272

Test set: Average loss: 18.3572, Accuracy: 929/10000 (9%)

Train Epoch: 19 [0/60000 (0%)]	Loss: 15.391267
Train Epoch: 19 [6400/60000 (11%)]	Loss: 18.325560
Train Epoch: 19 [12800/60000 (21%)]	Loss: 17.631054
Train Epoch: 19 [19200/60000 (32%)]	Loss: 17.679821
Train Epoch: 19 [25600/60000 (43%)]	Loss: 15.234859
Train Epoch: 19 [32000/60000 (53%)]	Loss: 18.170214
Train Epoch: 19 [38400/60000 (64%)]	Loss: 17.484762
Train Epoch: 19 [44800/60000 (75%)]	Loss: 17.323751
Train Epoch: 19 [51200/60000 (85%)]	Loss: 15.999955
Train Epoch: 19 [57600/60000 (96%)]	Loss: 17.822338

Test set: Average loss: 18.1217, Accuracy: 928/10000 (9%)

Train Epoch: 20 [0/60000 (0%)]	Loss: 19.144197
Train Epoch: 20 [6400/60000 (11%)]	Loss: 17.031126
Train Epoch: 20 [12800/60000 (21%)]	Loss: 17.919647
Train Epoch: 20 [19200/60000 (32%)]	Loss: 16.340748
Train Epoch: 20 [25600/60000 (43%)]	Loss: 15.451953
Train Epoch: 20 [32000/60000 (53%)]	Loss: 16.999577
Train Epoch: 20 [38400/60000 (64%)]	Loss: 16.527664
Train Epoch: 20 [44800/60000 (75%)]	Loss: 18.607475
Train Epoch: 20 [51200/60000 (85%)]	Loss: 18.383734
Train Epoch: 20 [57600/60000 (96%)]	Loss: 17.860973

Test set: Average loss: 18.2272, Accuracy: 912/10000 (9%)

Train Epoch: 21 [0/60000 (0%)]	Loss: 16.378801
Train Epoch: 21 [6400/60000 (11%)]	Loss: 19.766403
Train Epoch: 21 [12800/60000 (21%)]	Loss: 17.195982
Train Epoch: 21 [19200/60000 (32%)]	Loss: 16.150465
Train Epoch: 21 [25600/60000 (43%)]	Loss: 17.856766
Train Epoch: 21 [32000/60000 (53%)]	Loss: 17.976887
Train Epoch: 21 [38400/60000 (64%)]	Loss: 18.016247
Train Epoch: 21 [44800/60000 (75%)]	Loss: 17.179867
Train Epoch: 21 [51200/60000 (85%)]	Loss: 19.055817
Train Epoch: 21 [57600/60000 (96%)]	Loss: 19.862038

Test set: Average loss: 17.8682, Accuracy: 926/10000 (9%)

Train Epoch: 22 [0/60000 (0%)]	Loss: 17.378300
Train Epoch: 22 [6400/60000 (11%)]	Loss: 19.123932
Train Epoch: 22 [12800/60000 (21%)]	Loss: 18.251205
Train Epoch: 22 [19200/60000 (32%)]	Loss: 16.809952
Train Epoch: 22 [25600/60000 (43%)]	Loss: 16.455818
Train Epoch: 22 [32000/60000 (53%)]	Loss: 16.022285
Train Epoch: 22 [38400/60000 (64%)]	Loss: 16.420704
Train Epoch: 22 [44800/60000 (75%)]	Loss: 17.644371
Train Epoch: 22 [51200/60000 (85%)]	Loss: 19.195965
Train Epoch: 22 [57600/60000 (96%)]	Loss: 19.087038

Test set: Average loss: 18.4487, Accuracy: 930/10000 (9%)

Train Epoch: 23 [0/60000 (0%)]	Loss: 19.248476
Train Epoch: 23 [6400/60000 (11%)]	Loss: 16.200542
Train Epoch: 23 [12800/60000 (21%)]	Loss: 19.405437
Train Epoch: 23 [19200/60000 (32%)]	Loss: 15.735524
Train Epoch: 23 [25600/60000 (43%)]	Loss: 16.794579
Train Epoch: 23 [32000/60000 (53%)]	Loss: 17.259960
Train Epoch: 23 [38400/60000 (64%)]	Loss: 19.678007
Train Epoch: 23 [44800/60000 (75%)]	Loss: 16.972778
Train Epoch: 23 [51200/60000 (85%)]	Loss: 16.324654
Train Epoch: 23 [57600/60000 (96%)]	Loss: 17.914474

Test set: Average loss: 17.8234, Accuracy: 924/10000 (9%)

Train Epoch: 24 [0/60000 (0%)]	Loss: 16.486021
Train Epoch: 24 [6400/60000 (11%)]	Loss: 17.901016
Train Epoch: 24 [12800/60000 (21%)]	Loss: 16.337231
Train Epoch: 24 [19200/60000 (32%)]	Loss: 18.324556
Train Epoch: 24 [25600/60000 (43%)]	Loss: 17.643641
Train Epoch: 24 [32000/60000 (53%)]	Loss: 16.469707
Train Epoch: 24 [38400/60000 (64%)]	Loss: 16.962099
Train Epoch: 24 [44800/60000 (75%)]	Loss: 19.128677
Train Epoch: 24 [51200/60000 (85%)]	Loss: 20.190849
Train Epoch: 24 [57600/60000 (96%)]	Loss: 17.597879

Test set: Average loss: 17.6563, Accuracy: 943/10000 (9%)

Train Epoch: 25 [0/60000 (0%)]	Loss: 15.309354
Train Epoch: 25 [6400/60000 (11%)]	Loss: 17.690193
Train Epoch: 25 [12800/60000 (21%)]	Loss: 21.097326
Train Epoch: 25 [19200/60000 (32%)]	Loss: 17.577286
Train Epoch: 25 [25600/60000 (43%)]	Loss: 16.430450
Train Epoch: 25 [32000/60000 (53%)]	Loss: 23.240156
Train Epoch: 25 [38400/60000 (64%)]	Loss: 17.598610
Train Epoch: 25 [44800/60000 (75%)]	Loss: 18.120264
Train Epoch: 25 [51200/60000 (85%)]	Loss: 15.996012
Train Epoch: 25 [57600/60000 (96%)]	Loss: 19.453587

Test set: Average loss: 18.2571, Accuracy: 942/10000 (9%)

Train Epoch: 26 [0/60000 (0%)]	Loss: 20.245184
Train Epoch: 26 [6400/60000 (11%)]	Loss: 13.759426
Train Epoch: 26 [12800/60000 (21%)]	Loss: 16.770161
Train Epoch: 26 [19200/60000 (32%)]	Loss: 17.058245
Train Epoch: 26 [25600/60000 (43%)]	Loss: 18.652445
Train Epoch: 26 [32000/60000 (53%)]	Loss: 17.692106
Train Epoch: 26 [38400/60000 (64%)]	Loss: 18.897619
Train Epoch: 26 [44800/60000 (75%)]	Loss: 20.537464
Train Epoch: 26 [51200/60000 (85%)]	Loss: 18.952364
Train Epoch: 26 [57600/60000 (96%)]	Loss: 18.227697

Test set: Average loss: 18.0993, Accuracy: 972/10000 (10%)

Train Epoch: 27 [0/60000 (0%)]	Loss: 15.435790
Train Epoch: 27 [6400/60000 (11%)]	Loss: 19.550028
Train Epoch: 27 [12800/60000 (21%)]	Loss: 17.678802
Train Epoch: 27 [19200/60000 (32%)]	Loss: 19.207924
Train Epoch: 27 [25600/60000 (43%)]	Loss: 18.603861
Train Epoch: 27 [32000/60000 (53%)]	Loss: 21.943245
Train Epoch: 27 [38400/60000 (64%)]	Loss: 18.220192
Train Epoch: 27 [44800/60000 (75%)]	Loss: 17.242739
Train Epoch: 27 [51200/60000 (85%)]	Loss: 18.600861
Train Epoch: 27 [57600/60000 (96%)]	Loss: 18.114243

Test set: Average loss: 17.8599, Accuracy: 898/10000 (9%)

Train Epoch: 28 [0/60000 (0%)]	Loss: 18.161682
Train Epoch: 28 [6400/60000 (11%)]	Loss: 15.200172
Train Epoch: 28 [12800/60000 (21%)]	Loss: 18.959219
Train Epoch: 28 [19200/60000 (32%)]	Loss: 21.733879
Train Epoch: 28 [25600/60000 (43%)]	Loss: 17.888245
Train Epoch: 28 [32000/60000 (53%)]	Loss: 18.767036
Train Epoch: 28 [38400/60000 (64%)]	Loss: 18.938324
Train Epoch: 28 [44800/60000 (75%)]	Loss: 16.712582
Train Epoch: 28 [51200/60000 (85%)]	Loss: 18.145969
Train Epoch: 28 [57600/60000 (96%)]	Loss: 17.119463

Test set: Average loss: 18.0829, Accuracy: 890/10000 (9%)

Train Epoch: 29 [0/60000 (0%)]	Loss: 18.759506
Train Epoch: 29 [6400/60000 (11%)]	Loss: 17.671259
Train Epoch: 29 [12800/60000 (21%)]	Loss: 21.741249
Train Epoch: 29 [19200/60000 (32%)]	Loss: 16.378679
Train Epoch: 29 [25600/60000 (43%)]	Loss: 15.500972
Train Epoch: 29 [32000/60000 (53%)]	Loss: 16.842218
Train Epoch: 29 [38400/60000 (64%)]	Loss: 19.375933
Train Epoch: 29 [44800/60000 (75%)]	Loss: 16.745975
Train Epoch: 29 [51200/60000 (85%)]	Loss: 15.494370
Train Epoch: 29 [57600/60000 (96%)]	Loss: 18.249598

Test set: Average loss: 18.2614, Accuracy: 935/10000 (9%)

Train Epoch: 30 [0/60000 (0%)]	Loss: 20.489679
Train Epoch: 30 [6400/60000 (11%)]	Loss: 19.305685
Train Epoch: 30 [12800/60000 (21%)]	Loss: 18.882626
Train Epoch: 30 [19200/60000 (32%)]	Loss: 16.159573
Train Epoch: 30 [25600/60000 (43%)]	Loss: 17.053917
Train Epoch: 30 [32000/60000 (53%)]	Loss: 15.046364
Train Epoch: 30 [38400/60000 (64%)]	Loss: 17.148546
Train Epoch: 30 [44800/60000 (75%)]	Loss: 18.764954
Train Epoch: 30 [51200/60000 (85%)]	Loss: 16.053541
Train Epoch: 30 [57600/60000 (96%)]	Loss: 16.350809

Test set: Average loss: 18.3606, Accuracy: 906/10000 (9%)

Namespace(batch_size=64, bias=None, data='../data', device=0, epochs=30, hidden_size=500, load_weights=None, log_interval=100, lr=0.1, milestones=[5, 7], model='redfc2', momentum=0.9, no_cuda=False, r=5, save_model=None, save_results=True, scheduler='cosine', seed=1, sparsity=0.01, use_relu=False, wd=0.0005)


Total time spent pruning/training: 3.22 minutes
Total number of parameters in model: 1991420
Number of parameters in pruned model: 1971505
