Namespace(batch_size=64, bias=None, data='../data', device=0, epochs=30, hidden_size=500, load_weights=None, log_interval=100, lr=0.1, milestones=[5, 7], model='redfc2', momentum=0.9, no_cuda=False, r=5, save_model=None, save_results=True, scheduler='cosine', seed=1, sparsity=0.75, use_relu=False, wd=0.0005) 

Pruning a Two-Layer Fully Connected Redundant Network ...
Train Epoch: 1 [0/60000 (0%)]	Loss: 2.385942
Train Epoch: 1 [6400/60000 (11%)]	Loss: 0.427804
Train Epoch: 1 [12800/60000 (21%)]	Loss: 0.295843
Train Epoch: 1 [19200/60000 (32%)]	Loss: 0.416051
Train Epoch: 1 [25600/60000 (43%)]	Loss: 0.303992
Train Epoch: 1 [32000/60000 (53%)]	Loss: 0.471708
Train Epoch: 1 [38400/60000 (64%)]	Loss: 0.333552
Train Epoch: 1 [44800/60000 (75%)]	Loss: 0.180843
Train Epoch: 1 [51200/60000 (85%)]	Loss: 0.190252
Train Epoch: 1 [57600/60000 (96%)]	Loss: 0.195204

Test set: Average loss: 0.2022, Accuracy: 9367/10000 (94%)

Train Epoch: 2 [0/60000 (0%)]	Loss: 0.324504
Train Epoch: 2 [6400/60000 (11%)]	Loss: 0.356831
Train Epoch: 2 [12800/60000 (21%)]	Loss: 0.265302
Train Epoch: 2 [19200/60000 (32%)]	Loss: 0.230761
Train Epoch: 2 [25600/60000 (43%)]	Loss: 0.090613
Train Epoch: 2 [32000/60000 (53%)]	Loss: 0.112609
Train Epoch: 2 [38400/60000 (64%)]	Loss: 0.123348
Train Epoch: 2 [44800/60000 (75%)]	Loss: 0.322131
Train Epoch: 2 [51200/60000 (85%)]	Loss: 0.165790
Train Epoch: 2 [57600/60000 (96%)]	Loss: 0.190943

Test set: Average loss: 0.1703, Accuracy: 9484/10000 (95%)

Train Epoch: 3 [0/60000 (0%)]	Loss: 0.124575
Train Epoch: 3 [6400/60000 (11%)]	Loss: 0.131297
Train Epoch: 3 [12800/60000 (21%)]	Loss: 0.242471
Train Epoch: 3 [19200/60000 (32%)]	Loss: 0.169432
Train Epoch: 3 [25600/60000 (43%)]	Loss: 0.210368
Train Epoch: 3 [32000/60000 (53%)]	Loss: 0.064193
Train Epoch: 3 [38400/60000 (64%)]	Loss: 0.196202
Train Epoch: 3 [44800/60000 (75%)]	Loss: 0.147815
Train Epoch: 3 [51200/60000 (85%)]	Loss: 0.175433
Train Epoch: 3 [57600/60000 (96%)]	Loss: 0.245636

Test set: Average loss: 0.1830, Accuracy: 9459/10000 (95%)

Train Epoch: 4 [0/60000 (0%)]	Loss: 0.136691
Train Epoch: 4 [6400/60000 (11%)]	Loss: 0.128049
Train Epoch: 4 [12800/60000 (21%)]	Loss: 0.242896
Train Epoch: 4 [19200/60000 (32%)]	Loss: 0.262442
Train Epoch: 4 [25600/60000 (43%)]	Loss: 0.250238
Train Epoch: 4 [32000/60000 (53%)]	Loss: 0.111100
Train Epoch: 4 [38400/60000 (64%)]	Loss: 0.101774
Train Epoch: 4 [44800/60000 (75%)]	Loss: 0.154608
Train Epoch: 4 [51200/60000 (85%)]	Loss: 0.096804
Train Epoch: 4 [57600/60000 (96%)]	Loss: 0.146242

Test set: Average loss: 0.1623, Accuracy: 9505/10000 (95%)

Train Epoch: 5 [0/60000 (0%)]	Loss: 0.116714
Train Epoch: 5 [6400/60000 (11%)]	Loss: 0.067010
Train Epoch: 5 [12800/60000 (21%)]	Loss: 0.237812
Train Epoch: 5 [19200/60000 (32%)]	Loss: 0.153056
Train Epoch: 5 [25600/60000 (43%)]	Loss: 0.148973
Train Epoch: 5 [32000/60000 (53%)]	Loss: 0.235979
Train Epoch: 5 [38400/60000 (64%)]	Loss: 0.250938
Train Epoch: 5 [44800/60000 (75%)]	Loss: 0.184910
Train Epoch: 5 [51200/60000 (85%)]	Loss: 0.291584
Train Epoch: 5 [57600/60000 (96%)]	Loss: 0.128470

Test set: Average loss: 0.1875, Accuracy: 9437/10000 (94%)

Train Epoch: 6 [0/60000 (0%)]	Loss: 0.140991
Train Epoch: 6 [6400/60000 (11%)]	Loss: 0.325006
Train Epoch: 6 [12800/60000 (21%)]	Loss: 0.100005
Train Epoch: 6 [19200/60000 (32%)]	Loss: 0.179783
Train Epoch: 6 [25600/60000 (43%)]	Loss: 0.124373
Train Epoch: 6 [32000/60000 (53%)]	Loss: 0.256335
Train Epoch: 6 [38400/60000 (64%)]	Loss: 0.473404
Train Epoch: 6 [44800/60000 (75%)]	Loss: 0.153101
Train Epoch: 6 [51200/60000 (85%)]	Loss: 0.134377
Train Epoch: 6 [57600/60000 (96%)]	Loss: 0.492222

Test set: Average loss: 0.2177, Accuracy: 9363/10000 (94%)

Train Epoch: 7 [0/60000 (0%)]	Loss: 0.224545
Train Epoch: 7 [6400/60000 (11%)]	Loss: 0.464561
Train Epoch: 7 [12800/60000 (21%)]	Loss: 0.136309
Train Epoch: 7 [19200/60000 (32%)]	Loss: 0.270991
Train Epoch: 7 [25600/60000 (43%)]	Loss: 0.138870
Train Epoch: 7 [32000/60000 (53%)]	Loss: 0.318570
Train Epoch: 7 [38400/60000 (64%)]	Loss: 0.148654
Train Epoch: 7 [44800/60000 (75%)]	Loss: 0.304251
Train Epoch: 7 [51200/60000 (85%)]	Loss: 0.265746
Train Epoch: 7 [57600/60000 (96%)]	Loss: 0.198377

Test set: Average loss: 0.2467, Accuracy: 9250/10000 (92%)

Train Epoch: 8 [0/60000 (0%)]	Loss: 0.320691
Train Epoch: 8 [6400/60000 (11%)]	Loss: 0.253919
Train Epoch: 8 [12800/60000 (21%)]	Loss: 0.170715
Train Epoch: 8 [19200/60000 (32%)]	Loss: 0.172515
Train Epoch: 8 [25600/60000 (43%)]	Loss: 0.230313
Train Epoch: 8 [32000/60000 (53%)]	Loss: 0.196498
Train Epoch: 8 [38400/60000 (64%)]	Loss: 0.222850
Train Epoch: 8 [44800/60000 (75%)]	Loss: 0.299228
Train Epoch: 8 [51200/60000 (85%)]	Loss: 0.242244
Train Epoch: 8 [57600/60000 (96%)]	Loss: 0.302152

Test set: Average loss: 0.2487, Accuracy: 9227/10000 (92%)

Train Epoch: 9 [0/60000 (0%)]	Loss: 0.369014
Train Epoch: 9 [6400/60000 (11%)]	Loss: 0.114374
Train Epoch: 9 [12800/60000 (21%)]	Loss: 0.464113
Train Epoch: 9 [19200/60000 (32%)]	Loss: 0.323327
Train Epoch: 9 [25600/60000 (43%)]	Loss: 0.319427
Train Epoch: 9 [32000/60000 (53%)]	Loss: 0.081117
Train Epoch: 9 [38400/60000 (64%)]	Loss: 0.642881
Train Epoch: 9 [44800/60000 (75%)]	Loss: 0.189409
Train Epoch: 9 [51200/60000 (85%)]	Loss: 0.310024
Train Epoch: 9 [57600/60000 (96%)]	Loss: 0.215822

Test set: Average loss: 0.2832, Accuracy: 9086/10000 (91%)

Train Epoch: 10 [0/60000 (0%)]	Loss: 0.446564
Train Epoch: 10 [6400/60000 (11%)]	Loss: 0.253812
Train Epoch: 10 [12800/60000 (21%)]	Loss: 0.333758
Train Epoch: 10 [19200/60000 (32%)]	Loss: 0.178102
Train Epoch: 10 [25600/60000 (43%)]	Loss: 0.254999
Train Epoch: 10 [32000/60000 (53%)]	Loss: 0.255505
Train Epoch: 10 [38400/60000 (64%)]	Loss: 0.304802
Train Epoch: 10 [44800/60000 (75%)]	Loss: 0.243915
Train Epoch: 10 [51200/60000 (85%)]	Loss: 0.587674
Train Epoch: 10 [57600/60000 (96%)]	Loss: 0.321548

Test set: Average loss: 0.2756, Accuracy: 9180/10000 (92%)

Train Epoch: 11 [0/60000 (0%)]	Loss: 0.397563
Train Epoch: 11 [6400/60000 (11%)]	Loss: 0.413387
Train Epoch: 11 [12800/60000 (21%)]	Loss: 0.083027
Train Epoch: 11 [19200/60000 (32%)]	Loss: 0.429281
Train Epoch: 11 [25600/60000 (43%)]	Loss: 0.220437
Train Epoch: 11 [32000/60000 (53%)]	Loss: 0.303010
Train Epoch: 11 [38400/60000 (64%)]	Loss: 0.539360
Train Epoch: 11 [44800/60000 (75%)]	Loss: 0.455568
Train Epoch: 11 [51200/60000 (85%)]	Loss: 0.395980
Train Epoch: 11 [57600/60000 (96%)]	Loss: 0.354126

Test set: Average loss: 0.3327, Accuracy: 8956/10000 (90%)

Train Epoch: 12 [0/60000 (0%)]	Loss: 0.276215
Train Epoch: 12 [6400/60000 (11%)]	Loss: 0.615149
Train Epoch: 12 [12800/60000 (21%)]	Loss: 0.363212
Train Epoch: 12 [19200/60000 (32%)]	Loss: 0.323850
Train Epoch: 12 [25600/60000 (43%)]	Loss: 0.427279
Train Epoch: 12 [32000/60000 (53%)]	Loss: 0.251905
Train Epoch: 12 [38400/60000 (64%)]	Loss: 0.190993
Train Epoch: 12 [44800/60000 (75%)]	Loss: 0.563032
Train Epoch: 12 [51200/60000 (85%)]	Loss: 0.410598
Train Epoch: 12 [57600/60000 (96%)]	Loss: 0.318035

Test set: Average loss: 0.3043, Accuracy: 9050/10000 (90%)

Train Epoch: 13 [0/60000 (0%)]	Loss: 0.288395
Train Epoch: 13 [6400/60000 (11%)]	Loss: 0.252559
Train Epoch: 13 [12800/60000 (21%)]	Loss: 0.464136
Train Epoch: 13 [19200/60000 (32%)]	Loss: 0.198581
Train Epoch: 13 [25600/60000 (43%)]	Loss: 0.346602
Train Epoch: 13 [32000/60000 (53%)]	Loss: 0.207382
Train Epoch: 13 [38400/60000 (64%)]	Loss: 0.492417
Train Epoch: 13 [44800/60000 (75%)]	Loss: 0.426263
Train Epoch: 13 [51200/60000 (85%)]	Loss: 0.202999
Train Epoch: 13 [57600/60000 (96%)]	Loss: 0.366035

Test set: Average loss: 0.3954, Accuracy: 8791/10000 (88%)

Train Epoch: 14 [0/60000 (0%)]	Loss: 0.586140
Train Epoch: 14 [6400/60000 (11%)]	Loss: 0.272179
Train Epoch: 14 [12800/60000 (21%)]	Loss: 0.513770
Train Epoch: 14 [19200/60000 (32%)]	Loss: 0.199990
Train Epoch: 14 [25600/60000 (43%)]	Loss: 0.512844
Train Epoch: 14 [32000/60000 (53%)]	Loss: 0.646791
Train Epoch: 14 [38400/60000 (64%)]	Loss: 0.455390
Train Epoch: 14 [44800/60000 (75%)]	Loss: 0.276464
Train Epoch: 14 [51200/60000 (85%)]	Loss: 0.429346
Train Epoch: 14 [57600/60000 (96%)]	Loss: 0.370668

Test set: Average loss: 0.3642, Accuracy: 8892/10000 (89%)

Train Epoch: 15 [0/60000 (0%)]	Loss: 0.125285
Train Epoch: 15 [6400/60000 (11%)]	Loss: 0.343346
Train Epoch: 15 [12800/60000 (21%)]	Loss: 0.278656
Train Epoch: 15 [19200/60000 (32%)]	Loss: 0.196565
Train Epoch: 15 [25600/60000 (43%)]	Loss: 0.516117
Train Epoch: 15 [32000/60000 (53%)]	Loss: 0.309168
Train Epoch: 15 [38400/60000 (64%)]	Loss: 0.242246
Train Epoch: 15 [44800/60000 (75%)]	Loss: 0.316788
Train Epoch: 15 [51200/60000 (85%)]	Loss: 0.338473
Train Epoch: 15 [57600/60000 (96%)]	Loss: 0.391294

Test set: Average loss: 0.5110, Accuracy: 8397/10000 (84%)

Train Epoch: 16 [0/60000 (0%)]	Loss: 0.473912
Train Epoch: 16 [6400/60000 (11%)]	Loss: 0.585633
Train Epoch: 16 [12800/60000 (21%)]	Loss: 0.427402
Train Epoch: 16 [19200/60000 (32%)]	Loss: 0.153706
Train Epoch: 16 [25600/60000 (43%)]	Loss: 0.606619
Train Epoch: 16 [32000/60000 (53%)]	Loss: 0.306743
Train Epoch: 16 [38400/60000 (64%)]	Loss: 0.321335
Train Epoch: 16 [44800/60000 (75%)]	Loss: 0.409701
Train Epoch: 16 [51200/60000 (85%)]	Loss: 0.802237
Train Epoch: 16 [57600/60000 (96%)]	Loss: 0.291840

Test set: Average loss: 0.4869, Accuracy: 8401/10000 (84%)

Train Epoch: 17 [0/60000 (0%)]	Loss: 0.406586
Train Epoch: 17 [6400/60000 (11%)]	Loss: 0.339599
Train Epoch: 17 [12800/60000 (21%)]	Loss: 0.463074
Train Epoch: 17 [19200/60000 (32%)]	Loss: 0.292651
Train Epoch: 17 [25600/60000 (43%)]	Loss: 0.629214
Train Epoch: 17 [32000/60000 (53%)]	Loss: 0.312718
Train Epoch: 17 [38400/60000 (64%)]	Loss: 0.313187
Train Epoch: 17 [44800/60000 (75%)]	Loss: 0.469674
Train Epoch: 17 [51200/60000 (85%)]	Loss: 0.514073
Train Epoch: 17 [57600/60000 (96%)]	Loss: 0.460966

Test set: Average loss: 0.4488, Accuracy: 8670/10000 (87%)

Train Epoch: 18 [0/60000 (0%)]	Loss: 0.531787
Train Epoch: 18 [6400/60000 (11%)]	Loss: 0.255731
Train Epoch: 18 [12800/60000 (21%)]	Loss: 0.486918
Train Epoch: 18 [19200/60000 (32%)]	Loss: 0.575664
Train Epoch: 18 [25600/60000 (43%)]	Loss: 0.521742
Train Epoch: 18 [32000/60000 (53%)]	Loss: 0.423013
Train Epoch: 18 [38400/60000 (64%)]	Loss: 0.231844
Train Epoch: 18 [44800/60000 (75%)]	Loss: 0.420092
Train Epoch: 18 [51200/60000 (85%)]	Loss: 0.363522
Train Epoch: 18 [57600/60000 (96%)]	Loss: 0.310829

Test set: Average loss: 0.3867, Accuracy: 8834/10000 (88%)

Train Epoch: 19 [0/60000 (0%)]	Loss: 0.469942
Train Epoch: 19 [6400/60000 (11%)]	Loss: 0.543431
Train Epoch: 19 [12800/60000 (21%)]	Loss: 0.376976
Train Epoch: 19 [19200/60000 (32%)]	Loss: 0.402251
Train Epoch: 19 [25600/60000 (43%)]	Loss: 0.613961
Train Epoch: 19 [32000/60000 (53%)]	Loss: 0.395043
Train Epoch: 19 [38400/60000 (64%)]	Loss: 0.380836
Train Epoch: 19 [44800/60000 (75%)]	Loss: 0.404258
Train Epoch: 19 [51200/60000 (85%)]	Loss: 0.387144
Train Epoch: 19 [57600/60000 (96%)]	Loss: 0.347047

Test set: Average loss: 0.3841, Accuracy: 8782/10000 (88%)

Train Epoch: 20 [0/60000 (0%)]	Loss: 0.439627
Train Epoch: 20 [6400/60000 (11%)]	Loss: 0.259913
Train Epoch: 20 [12800/60000 (21%)]	Loss: 0.388892
Train Epoch: 20 [19200/60000 (32%)]	Loss: 0.301292
Train Epoch: 20 [25600/60000 (43%)]	Loss: 0.290970
Train Epoch: 20 [32000/60000 (53%)]	Loss: 0.306130
Train Epoch: 20 [38400/60000 (64%)]	Loss: 0.424874
Train Epoch: 20 [44800/60000 (75%)]	Loss: 0.366639
Train Epoch: 20 [51200/60000 (85%)]	Loss: 0.529837
Train Epoch: 20 [57600/60000 (96%)]	Loss: 0.124621

Test set: Average loss: 0.5199, Accuracy: 8294/10000 (83%)

Train Epoch: 21 [0/60000 (0%)]	Loss: 0.425585
Train Epoch: 21 [6400/60000 (11%)]	Loss: 0.493859
Train Epoch: 21 [12800/60000 (21%)]	Loss: 0.534153
Train Epoch: 21 [19200/60000 (32%)]	Loss: 0.335562
Train Epoch: 21 [25600/60000 (43%)]	Loss: 0.324941
Train Epoch: 21 [32000/60000 (53%)]	Loss: 0.494879
Train Epoch: 21 [38400/60000 (64%)]	Loss: 0.250044
Train Epoch: 21 [44800/60000 (75%)]	Loss: 0.365664
Train Epoch: 21 [51200/60000 (85%)]	Loss: 0.270810
Train Epoch: 21 [57600/60000 (96%)]	Loss: 0.654011

Test set: Average loss: 0.4090, Accuracy: 8728/10000 (87%)

Train Epoch: 22 [0/60000 (0%)]	Loss: 0.467390
Train Epoch: 22 [6400/60000 (11%)]	Loss: 0.392034
Train Epoch: 22 [12800/60000 (21%)]	Loss: 0.491697
Train Epoch: 22 [19200/60000 (32%)]	Loss: 0.414015
Train Epoch: 22 [25600/60000 (43%)]	Loss: 0.422365
Train Epoch: 22 [32000/60000 (53%)]	Loss: 0.315735
Train Epoch: 22 [38400/60000 (64%)]	Loss: 0.476726
Train Epoch: 22 [44800/60000 (75%)]	Loss: 0.416156
Train Epoch: 22 [51200/60000 (85%)]	Loss: 0.574190
Train Epoch: 22 [57600/60000 (96%)]	Loss: 0.269053

Test set: Average loss: 0.3281, Accuracy: 8957/10000 (90%)

Train Epoch: 23 [0/60000 (0%)]	Loss: 0.200268
Train Epoch: 23 [6400/60000 (11%)]	Loss: 0.144014
Train Epoch: 23 [12800/60000 (21%)]	Loss: 0.121980
Train Epoch: 23 [19200/60000 (32%)]	Loss: 0.183409
Train Epoch: 23 [25600/60000 (43%)]	Loss: 0.400749
Train Epoch: 23 [32000/60000 (53%)]	Loss: 0.322947
Train Epoch: 23 [38400/60000 (64%)]	Loss: 0.134257
Train Epoch: 23 [44800/60000 (75%)]	Loss: 0.315462
Train Epoch: 23 [51200/60000 (85%)]	Loss: 0.305961
Train Epoch: 23 [57600/60000 (96%)]	Loss: 0.271026

Test set: Average loss: 0.3638, Accuracy: 8892/10000 (89%)

Train Epoch: 24 [0/60000 (0%)]	Loss: 0.240765
Train Epoch: 24 [6400/60000 (11%)]	Loss: 0.318652
Train Epoch: 24 [12800/60000 (21%)]	Loss: 0.314209
Train Epoch: 24 [19200/60000 (32%)]	Loss: 0.403787
Train Epoch: 24 [25600/60000 (43%)]	Loss: 0.341505
Train Epoch: 24 [32000/60000 (53%)]	Loss: 0.176761
Train Epoch: 24 [38400/60000 (64%)]	Loss: 0.309581
Train Epoch: 24 [44800/60000 (75%)]	Loss: 0.258816
Train Epoch: 24 [51200/60000 (85%)]	Loss: 0.349947
Train Epoch: 24 [57600/60000 (96%)]	Loss: 0.373075

Test set: Average loss: 0.3210, Accuracy: 8988/10000 (90%)

Train Epoch: 25 [0/60000 (0%)]	Loss: 0.345804
Train Epoch: 25 [6400/60000 (11%)]	Loss: 0.275678
Train Epoch: 25 [12800/60000 (21%)]	Loss: 0.131574
Train Epoch: 25 [19200/60000 (32%)]	Loss: 0.342472
Train Epoch: 25 [25600/60000 (43%)]	Loss: 0.411716
Train Epoch: 25 [32000/60000 (53%)]	Loss: 0.235350
Train Epoch: 25 [38400/60000 (64%)]	Loss: 0.462792
Train Epoch: 25 [44800/60000 (75%)]	Loss: 0.407230
Train Epoch: 25 [51200/60000 (85%)]	Loss: 0.204131
Train Epoch: 25 [57600/60000 (96%)]	Loss: 0.441355

Test set: Average loss: 0.2818, Accuracy: 9125/10000 (91%)

Train Epoch: 26 [0/60000 (0%)]	Loss: 0.167015
Train Epoch: 26 [6400/60000 (11%)]	Loss: 0.222946
Train Epoch: 26 [12800/60000 (21%)]	Loss: 0.351551
Train Epoch: 26 [19200/60000 (32%)]	Loss: 0.248177
Train Epoch: 26 [25600/60000 (43%)]	Loss: 0.178474
Train Epoch: 26 [32000/60000 (53%)]	Loss: 0.276626
Train Epoch: 26 [38400/60000 (64%)]	Loss: 0.161856
Train Epoch: 26 [44800/60000 (75%)]	Loss: 0.205576
Train Epoch: 26 [51200/60000 (85%)]	Loss: 0.137118
Train Epoch: 26 [57600/60000 (96%)]	Loss: 0.252540

Test set: Average loss: 0.2808, Accuracy: 9130/10000 (91%)

Train Epoch: 27 [0/60000 (0%)]	Loss: 0.216110
Train Epoch: 27 [6400/60000 (11%)]	Loss: 0.276740
Train Epoch: 27 [12800/60000 (21%)]	Loss: 0.128516
Train Epoch: 27 [19200/60000 (32%)]	Loss: 0.265612
Train Epoch: 27 [25600/60000 (43%)]	Loss: 0.355401
Train Epoch: 27 [32000/60000 (53%)]	Loss: 0.314020
Train Epoch: 27 [38400/60000 (64%)]	Loss: 0.172376
Train Epoch: 27 [44800/60000 (75%)]	Loss: 0.198158
Train Epoch: 27 [51200/60000 (85%)]	Loss: 0.198731
Train Epoch: 27 [57600/60000 (96%)]	Loss: 0.174316

Test set: Average loss: 0.2013, Accuracy: 9352/10000 (94%)

Train Epoch: 28 [0/60000 (0%)]	Loss: 0.246151
Train Epoch: 28 [6400/60000 (11%)]	Loss: 0.099339
Train Epoch: 28 [12800/60000 (21%)]	Loss: 0.065565
Train Epoch: 28 [19200/60000 (32%)]	Loss: 0.380966
Train Epoch: 28 [25600/60000 (43%)]	Loss: 0.200940
Train Epoch: 28 [32000/60000 (53%)]	Loss: 0.196914
Train Epoch: 28 [38400/60000 (64%)]	Loss: 0.264567
Train Epoch: 28 [44800/60000 (75%)]	Loss: 0.089269
Train Epoch: 28 [51200/60000 (85%)]	Loss: 0.106643
Train Epoch: 28 [57600/60000 (96%)]	Loss: 0.245708

Test set: Average loss: 0.1958, Accuracy: 9379/10000 (94%)

Train Epoch: 29 [0/60000 (0%)]	Loss: 0.080307
Train Epoch: 29 [6400/60000 (11%)]	Loss: 0.226903
Train Epoch: 29 [12800/60000 (21%)]	Loss: 0.018450
Train Epoch: 29 [19200/60000 (32%)]	Loss: 0.053341
Train Epoch: 29 [25600/60000 (43%)]	Loss: 0.033016
Train Epoch: 29 [32000/60000 (53%)]	Loss: 0.120828
Train Epoch: 29 [38400/60000 (64%)]	Loss: 0.119725
Train Epoch: 29 [44800/60000 (75%)]	Loss: 0.109167
Train Epoch: 29 [51200/60000 (85%)]	Loss: 0.157771
Train Epoch: 29 [57600/60000 (96%)]	Loss: 0.106672

Test set: Average loss: 0.1338, Accuracy: 9580/10000 (96%)

Train Epoch: 30 [0/60000 (0%)]	Loss: 0.053182
Train Epoch: 30 [6400/60000 (11%)]	Loss: 0.067696
Train Epoch: 30 [12800/60000 (21%)]	Loss: 0.095808
Train Epoch: 30 [19200/60000 (32%)]	Loss: 0.046726
Train Epoch: 30 [25600/60000 (43%)]	Loss: 0.011257
Train Epoch: 30 [32000/60000 (53%)]	Loss: 0.092125
Train Epoch: 30 [38400/60000 (64%)]	Loss: 0.106640
Train Epoch: 30 [44800/60000 (75%)]	Loss: 0.096367
Train Epoch: 30 [51200/60000 (85%)]	Loss: 0.260592
Train Epoch: 30 [57600/60000 (96%)]	Loss: 0.115890

Test set: Average loss: 0.1075, Accuracy: 9673/10000 (97%)

Namespace(batch_size=64, bias=None, data='../data', device=0, epochs=30, hidden_size=500, load_weights=None, log_interval=100, lr=0.1, milestones=[5, 7], model='redfc2', momentum=0.9, no_cuda=False, r=5, save_model=None, save_results=True, scheduler='cosine', seed=1, sparsity=0.75, use_relu=False, wd=0.0005)


Total time spent pruning/training: 3.37 minutes
Total number of parameters in model: 1991420
Number of parameters in pruned model: 497855
