Namespace(batch_size=64, bias=None, data='../data', device=1, epochs=20, hidden_size=500, load_weights=None, log_interval=100, lr=0.1, milestones=[5, 7], model='redfc2', momentum=0.9, no_cuda=False, r=5, save_model=None, save_results=True, scheduler='cosine', seed=1, sparsity=0.975, use_relu=False, wd=0.0005) 

Pruning a Two-Layer Fully Connected Redundant Network ...
Train Epoch: 1 [0/60000 (0%)]	Loss: 2.302629
Train Epoch: 1 [6400/60000 (11%)]	Loss: 2.200493
Train Epoch: 1 [12800/60000 (21%)]	Loss: 2.027224
Train Epoch: 1 [19200/60000 (32%)]	Loss: 1.820878
Train Epoch: 1 [25600/60000 (43%)]	Loss: 1.648759
Train Epoch: 1 [32000/60000 (53%)]	Loss: 1.636788
Train Epoch: 1 [38400/60000 (64%)]	Loss: 1.407606
Train Epoch: 1 [44800/60000 (75%)]	Loss: 1.309914
Train Epoch: 1 [51200/60000 (85%)]	Loss: 1.222916
Train Epoch: 1 [57600/60000 (96%)]	Loss: 1.389124

Test set: Average loss: 1.2829, Accuracy: 6834/10000 (68%)

Train Epoch: 2 [0/60000 (0%)]	Loss: 1.458860
Train Epoch: 2 [6400/60000 (11%)]	Loss: 1.308812
Train Epoch: 2 [12800/60000 (21%)]	Loss: 1.228000
Train Epoch: 2 [19200/60000 (32%)]	Loss: 1.314514
Train Epoch: 2 [25600/60000 (43%)]	Loss: 1.091812
Train Epoch: 2 [32000/60000 (53%)]	Loss: 1.103501
Train Epoch: 2 [38400/60000 (64%)]	Loss: 1.093160
Train Epoch: 2 [44800/60000 (75%)]	Loss: 1.165184
Train Epoch: 2 [51200/60000 (85%)]	Loss: 1.098360
Train Epoch: 2 [57600/60000 (96%)]	Loss: 1.242757

Test set: Average loss: 1.1287, Accuracy: 7110/10000 (71%)

Train Epoch: 3 [0/60000 (0%)]	Loss: 1.015362
Train Epoch: 3 [6400/60000 (11%)]	Loss: 1.138812
Train Epoch: 3 [12800/60000 (21%)]	Loss: 1.265570
Train Epoch: 3 [19200/60000 (32%)]	Loss: 1.034812
Train Epoch: 3 [25600/60000 (43%)]	Loss: 1.303180
Train Epoch: 3 [32000/60000 (53%)]	Loss: 1.006619
Train Epoch: 3 [38400/60000 (64%)]	Loss: 1.147316
Train Epoch: 3 [44800/60000 (75%)]	Loss: 1.146884
Train Epoch: 3 [51200/60000 (85%)]	Loss: 1.066167
Train Epoch: 3 [57600/60000 (96%)]	Loss: 1.157336

Test set: Average loss: 1.1218, Accuracy: 7090/10000 (71%)

Train Epoch: 4 [0/60000 (0%)]	Loss: 1.081960
Train Epoch: 4 [6400/60000 (11%)]	Loss: 1.108577
Train Epoch: 4 [12800/60000 (21%)]	Loss: 1.006178
Train Epoch: 4 [19200/60000 (32%)]	Loss: 1.134070
Train Epoch: 4 [25600/60000 (43%)]	Loss: 1.269131
Train Epoch: 4 [32000/60000 (53%)]	Loss: 1.027956
Train Epoch: 4 [38400/60000 (64%)]	Loss: 1.225916
Train Epoch: 4 [44800/60000 (75%)]	Loss: 1.190177
Train Epoch: 4 [51200/60000 (85%)]	Loss: 1.161423
Train Epoch: 4 [57600/60000 (96%)]	Loss: 1.173308

Test set: Average loss: 1.1660, Accuracy: 7022/10000 (70%)

Train Epoch: 5 [0/60000 (0%)]	Loss: 1.150292
Train Epoch: 5 [6400/60000 (11%)]	Loss: 1.123906
Train Epoch: 5 [12800/60000 (21%)]	Loss: 1.044681
Train Epoch: 5 [19200/60000 (32%)]	Loss: 1.102126
Train Epoch: 5 [25600/60000 (43%)]	Loss: 1.071319
Train Epoch: 5 [32000/60000 (53%)]	Loss: 1.109435
Train Epoch: 5 [38400/60000 (64%)]	Loss: 1.244738
Train Epoch: 5 [44800/60000 (75%)]	Loss: 1.139706
Train Epoch: 5 [51200/60000 (85%)]	Loss: 1.182868
Train Epoch: 5 [57600/60000 (96%)]	Loss: 1.257717

Test set: Average loss: 1.1565, Accuracy: 6863/10000 (69%)

Train Epoch: 6 [0/60000 (0%)]	Loss: 1.188500
Train Epoch: 6 [6400/60000 (11%)]	Loss: 1.185592
Train Epoch: 6 [12800/60000 (21%)]	Loss: 1.154271
Train Epoch: 6 [19200/60000 (32%)]	Loss: 1.238675
Train Epoch: 6 [25600/60000 (43%)]	Loss: 1.252281
Train Epoch: 6 [32000/60000 (53%)]	Loss: 1.287529
Train Epoch: 6 [38400/60000 (64%)]	Loss: 1.332075
Train Epoch: 6 [44800/60000 (75%)]	Loss: 1.203169
Train Epoch: 6 [51200/60000 (85%)]	Loss: 1.194211
Train Epoch: 6 [57600/60000 (96%)]	Loss: 1.369834

Test set: Average loss: 1.1782, Accuracy: 6887/10000 (69%)

Train Epoch: 7 [0/60000 (0%)]	Loss: 1.241856
Train Epoch: 7 [6400/60000 (11%)]	Loss: 1.387674
Train Epoch: 7 [12800/60000 (21%)]	Loss: 1.200556
Train Epoch: 7 [19200/60000 (32%)]	Loss: 1.229836
Train Epoch: 7 [25600/60000 (43%)]	Loss: 1.197842
Train Epoch: 7 [32000/60000 (53%)]	Loss: 1.258398
Train Epoch: 7 [38400/60000 (64%)]	Loss: 1.098740
Train Epoch: 7 [44800/60000 (75%)]	Loss: 1.243995
Train Epoch: 7 [51200/60000 (85%)]	Loss: 1.238156
Train Epoch: 7 [57600/60000 (96%)]	Loss: 1.336487

Test set: Average loss: 1.2397, Accuracy: 6365/10000 (64%)

Train Epoch: 8 [0/60000 (0%)]	Loss: 1.296385
Train Epoch: 8 [6400/60000 (11%)]	Loss: 1.399317
Train Epoch: 8 [12800/60000 (21%)]	Loss: 1.354381
Train Epoch: 8 [19200/60000 (32%)]	Loss: 1.310143
Train Epoch: 8 [25600/60000 (43%)]	Loss: 1.262056
Train Epoch: 8 [32000/60000 (53%)]	Loss: 1.304408
Train Epoch: 8 [38400/60000 (64%)]	Loss: 1.319748
Train Epoch: 8 [44800/60000 (75%)]	Loss: 1.370200
Train Epoch: 8 [51200/60000 (85%)]	Loss: 1.243353
Train Epoch: 8 [57600/60000 (96%)]	Loss: 1.262720

Test set: Average loss: 1.2906, Accuracy: 6326/10000 (63%)

Train Epoch: 9 [0/60000 (0%)]	Loss: 1.298754
Train Epoch: 9 [6400/60000 (11%)]	Loss: 1.266513
Train Epoch: 9 [12800/60000 (21%)]	Loss: 1.397872
Train Epoch: 9 [19200/60000 (32%)]	Loss: 1.288219
Train Epoch: 9 [25600/60000 (43%)]	Loss: 1.462255
Train Epoch: 9 [32000/60000 (53%)]	Loss: 1.127145
Train Epoch: 9 [38400/60000 (64%)]	Loss: 1.324437
Train Epoch: 9 [44800/60000 (75%)]	Loss: 1.121294
Train Epoch: 9 [51200/60000 (85%)]	Loss: 1.338992
Train Epoch: 9 [57600/60000 (96%)]	Loss: 1.290863

Test set: Average loss: 1.3143, Accuracy: 6260/10000 (63%)

Train Epoch: 10 [0/60000 (0%)]	Loss: 1.280218
Train Epoch: 10 [6400/60000 (11%)]	Loss: 1.355443
Train Epoch: 10 [12800/60000 (21%)]	Loss: 1.317585
Train Epoch: 10 [19200/60000 (32%)]	Loss: 1.255789
Train Epoch: 10 [25600/60000 (43%)]	Loss: 1.273545
Train Epoch: 10 [32000/60000 (53%)]	Loss: 1.420554
Train Epoch: 10 [38400/60000 (64%)]	Loss: 1.317216
Train Epoch: 10 [44800/60000 (75%)]	Loss: 1.180536
Train Epoch: 10 [51200/60000 (85%)]	Loss: 1.479195
Train Epoch: 10 [57600/60000 (96%)]	Loss: 1.137043

Test set: Average loss: 1.3260, Accuracy: 6338/10000 (63%)

Train Epoch: 11 [0/60000 (0%)]	Loss: 1.401859
Train Epoch: 11 [6400/60000 (11%)]	Loss: 1.449643
Train Epoch: 11 [12800/60000 (21%)]	Loss: 1.347854
Train Epoch: 11 [19200/60000 (32%)]	Loss: 1.302516
Train Epoch: 11 [25600/60000 (43%)]	Loss: 1.271323
Train Epoch: 11 [32000/60000 (53%)]	Loss: 1.304708
Train Epoch: 11 [38400/60000 (64%)]	Loss: 1.389772
Train Epoch: 11 [44800/60000 (75%)]	Loss: 1.389500
Train Epoch: 11 [51200/60000 (85%)]	Loss: 1.304097
Train Epoch: 11 [57600/60000 (96%)]	Loss: 1.379559

Test set: Average loss: 1.3771, Accuracy: 6123/10000 (61%)

Train Epoch: 12 [0/60000 (0%)]	Loss: 1.517061
Train Epoch: 12 [6400/60000 (11%)]	Loss: 1.394677
Train Epoch: 12 [12800/60000 (21%)]	Loss: 1.387797
Train Epoch: 12 [19200/60000 (32%)]	Loss: 1.272174
Train Epoch: 12 [25600/60000 (43%)]	Loss: 1.298674
Train Epoch: 12 [32000/60000 (53%)]	Loss: 1.333107
Train Epoch: 12 [38400/60000 (64%)]	Loss: 1.368379
Train Epoch: 12 [44800/60000 (75%)]	Loss: 1.366588
Train Epoch: 12 [51200/60000 (85%)]	Loss: 1.317687
Train Epoch: 12 [57600/60000 (96%)]	Loss: 1.326262

Test set: Average loss: 1.3206, Accuracy: 6468/10000 (65%)

Train Epoch: 13 [0/60000 (0%)]	Loss: 1.346759
Train Epoch: 13 [6400/60000 (11%)]	Loss: 1.289146
Train Epoch: 13 [12800/60000 (21%)]	Loss: 1.399486
Train Epoch: 13 [19200/60000 (32%)]	Loss: 1.223684
Train Epoch: 13 [25600/60000 (43%)]	Loss: 1.425321
Train Epoch: 13 [32000/60000 (53%)]	Loss: 1.227418
Train Epoch: 13 [38400/60000 (64%)]	Loss: 1.275624
Train Epoch: 13 [44800/60000 (75%)]	Loss: 1.169972
Train Epoch: 13 [51200/60000 (85%)]	Loss: 1.251199
Train Epoch: 13 [57600/60000 (96%)]	Loss: 1.245800

Test set: Average loss: 1.3171, Accuracy: 6408/10000 (64%)

Train Epoch: 14 [0/60000 (0%)]	Loss: 1.285508
Train Epoch: 14 [6400/60000 (11%)]	Loss: 1.258190
Train Epoch: 14 [12800/60000 (21%)]	Loss: 1.340720
Train Epoch: 14 [19200/60000 (32%)]	Loss: 1.296831
Train Epoch: 14 [25600/60000 (43%)]	Loss: 1.279659
Train Epoch: 14 [32000/60000 (53%)]	Loss: 1.325993
Train Epoch: 14 [38400/60000 (64%)]	Loss: 1.336106
Train Epoch: 14 [44800/60000 (75%)]	Loss: 1.368941
Train Epoch: 14 [51200/60000 (85%)]	Loss: 1.324957
Train Epoch: 14 [57600/60000 (96%)]	Loss: 1.292191

Test set: Average loss: 1.2898, Accuracy: 6664/10000 (67%)

Train Epoch: 15 [0/60000 (0%)]	Loss: 1.206017
Train Epoch: 15 [6400/60000 (11%)]	Loss: 1.132593
Train Epoch: 15 [12800/60000 (21%)]	Loss: 1.256130
Train Epoch: 15 [19200/60000 (32%)]	Loss: 1.115681
Train Epoch: 15 [25600/60000 (43%)]	Loss: 1.285352
Train Epoch: 15 [32000/60000 (53%)]	Loss: 1.210147
Train Epoch: 15 [38400/60000 (64%)]	Loss: 1.186470
Train Epoch: 15 [44800/60000 (75%)]	Loss: 1.188642
Train Epoch: 15 [51200/60000 (85%)]	Loss: 1.311935
Train Epoch: 15 [57600/60000 (96%)]	Loss: 1.140204

Test set: Average loss: 1.2814, Accuracy: 6432/10000 (64%)

Train Epoch: 16 [0/60000 (0%)]	Loss: 1.178727
Train Epoch: 16 [6400/60000 (11%)]	Loss: 1.332767
Train Epoch: 16 [12800/60000 (21%)]	Loss: 1.243033
Train Epoch: 16 [19200/60000 (32%)]	Loss: 1.152552
Train Epoch: 16 [25600/60000 (43%)]	Loss: 1.251071
Train Epoch: 16 [32000/60000 (53%)]	Loss: 1.212149
Train Epoch: 16 [38400/60000 (64%)]	Loss: 1.221552
Train Epoch: 16 [44800/60000 (75%)]	Loss: 1.287303
Train Epoch: 16 [51200/60000 (85%)]	Loss: 1.266203
Train Epoch: 16 [57600/60000 (96%)]	Loss: 1.142498

Test set: Average loss: 1.2689, Accuracy: 6210/10000 (62%)

Train Epoch: 17 [0/60000 (0%)]	Loss: 1.270284
Train Epoch: 17 [6400/60000 (11%)]	Loss: 1.152465
Train Epoch: 17 [12800/60000 (21%)]	Loss: 1.081146
Train Epoch: 17 [19200/60000 (32%)]	Loss: 1.184235
Train Epoch: 17 [25600/60000 (43%)]	Loss: 1.329999
Train Epoch: 17 [32000/60000 (53%)]	Loss: 1.320733
Train Epoch: 17 [38400/60000 (64%)]	Loss: 1.139941
Train Epoch: 17 [44800/60000 (75%)]	Loss: 1.221418
Train Epoch: 17 [51200/60000 (85%)]	Loss: 1.174450
Train Epoch: 17 [57600/60000 (96%)]	Loss: 1.301250

Test set: Average loss: 1.1516, Accuracy: 6829/10000 (68%)

Train Epoch: 18 [0/60000 (0%)]	Loss: 1.083670
Train Epoch: 18 [6400/60000 (11%)]	Loss: 1.094604
Train Epoch: 18 [12800/60000 (21%)]	Loss: 1.225958
Train Epoch: 18 [19200/60000 (32%)]	Loss: 1.117179
Train Epoch: 18 [25600/60000 (43%)]	Loss: 1.117461
Train Epoch: 18 [32000/60000 (53%)]	Loss: 1.100590
Train Epoch: 18 [38400/60000 (64%)]	Loss: 1.055101
Train Epoch: 18 [44800/60000 (75%)]	Loss: 1.150915
Train Epoch: 18 [51200/60000 (85%)]	Loss: 1.161671
Train Epoch: 18 [57600/60000 (96%)]	Loss: 1.157148

Test set: Average loss: 1.0954, Accuracy: 7199/10000 (72%)

Train Epoch: 19 [0/60000 (0%)]	Loss: 1.224940
Train Epoch: 19 [6400/60000 (11%)]	Loss: 1.162402
Train Epoch: 19 [12800/60000 (21%)]	Loss: 1.158532
Train Epoch: 19 [19200/60000 (32%)]	Loss: 1.107423
Train Epoch: 19 [25600/60000 (43%)]	Loss: 1.107995
Train Epoch: 19 [32000/60000 (53%)]	Loss: 1.066369
Train Epoch: 19 [38400/60000 (64%)]	Loss: 1.073842
Train Epoch: 19 [44800/60000 (75%)]	Loss: 1.157097
Train Epoch: 19 [51200/60000 (85%)]	Loss: 1.049061
Train Epoch: 19 [57600/60000 (96%)]	Loss: 1.100459

Test set: Average loss: 1.0695, Accuracy: 7175/10000 (72%)

Train Epoch: 20 [0/60000 (0%)]	Loss: 1.168930
Train Epoch: 20 [6400/60000 (11%)]	Loss: 1.215676
Train Epoch: 20 [12800/60000 (21%)]	Loss: 1.028418
Train Epoch: 20 [19200/60000 (32%)]	Loss: 0.987409
Train Epoch: 20 [25600/60000 (43%)]	Loss: 0.967262
Train Epoch: 20 [32000/60000 (53%)]	Loss: 0.875038
Train Epoch: 20 [38400/60000 (64%)]	Loss: 1.275262
Train Epoch: 20 [44800/60000 (75%)]	Loss: 0.940814
Train Epoch: 20 [51200/60000 (85%)]	Loss: 1.052035
Train Epoch: 20 [57600/60000 (96%)]	Loss: 1.079137

Test set: Average loss: 1.0374, Accuracy: 7320/10000 (73%)

Namespace(batch_size=64, bias=None, data='../data', device=1, epochs=20, hidden_size=500, load_weights=None, log_interval=100, lr=0.1, milestones=[5, 7], model='redfc2', momentum=0.9, no_cuda=False, r=5, save_model=None, save_results=True, scheduler='cosine', seed=1, sparsity=0.975, use_relu=False, wd=0.0005)


Total time spent pruning/training: 2.16 minutes
Total number of parameters in model: 1991420
Number of parameters in pruned model: 49785
