Namespace(batch_size=64, bias=None, data='../data', device=1, epochs=20, hidden_size=500, load_weights=None, log_interval=100, lr=0.1, milestones=[5, 7], model='redfc2', momentum=0.9, no_cuda=False, r=5, save_model=None, save_results=True, scheduler='cosine', seed=1, sparsity=0.9, use_relu=True, wd=0.0005) 

Pruning a Two-Layer Fully Connected Redundant Network ...
Train Epoch: 1 [0/60000 (0%)]	Loss: 2.306304
Train Epoch: 1 [6400/60000 (11%)]	Loss: 1.779140
Train Epoch: 1 [12800/60000 (21%)]	Loss: 1.521342
Train Epoch: 1 [19200/60000 (32%)]	Loss: 1.435404
Train Epoch: 1 [25600/60000 (43%)]	Loss: 1.362256
Train Epoch: 1 [32000/60000 (53%)]	Loss: 1.252866
Train Epoch: 1 [38400/60000 (64%)]	Loss: 1.213152
Train Epoch: 1 [44800/60000 (75%)]	Loss: 1.104838
Train Epoch: 1 [51200/60000 (85%)]	Loss: 1.070297
Train Epoch: 1 [57600/60000 (96%)]	Loss: 1.183455

Test set: Average loss: 1.1385, Accuracy: 7013/10000 (70%)

Train Epoch: 2 [0/60000 (0%)]	Loss: 1.308857
Train Epoch: 2 [6400/60000 (11%)]	Loss: 1.166423
Train Epoch: 2 [12800/60000 (21%)]	Loss: 1.150849
Train Epoch: 2 [19200/60000 (32%)]	Loss: 1.229588
Train Epoch: 2 [25600/60000 (43%)]	Loss: 1.052894
Train Epoch: 2 [32000/60000 (53%)]	Loss: 1.016764
Train Epoch: 2 [38400/60000 (64%)]	Loss: 1.028095
Train Epoch: 2 [44800/60000 (75%)]	Loss: 1.155657
Train Epoch: 2 [51200/60000 (85%)]	Loss: 0.941227
Train Epoch: 2 [57600/60000 (96%)]	Loss: 1.107262

Test set: Average loss: 1.0327, Accuracy: 7466/10000 (75%)

Train Epoch: 3 [0/60000 (0%)]	Loss: 0.945026
Train Epoch: 3 [6400/60000 (11%)]	Loss: 1.036035
Train Epoch: 3 [12800/60000 (21%)]	Loss: 1.112515
Train Epoch: 3 [19200/60000 (32%)]	Loss: 0.994348
Train Epoch: 3 [25600/60000 (43%)]	Loss: 1.047302
Train Epoch: 3 [32000/60000 (53%)]	Loss: 1.006152
Train Epoch: 3 [38400/60000 (64%)]	Loss: 1.064570
Train Epoch: 3 [44800/60000 (75%)]	Loss: 1.045370
Train Epoch: 3 [51200/60000 (85%)]	Loss: 0.955831
Train Epoch: 3 [57600/60000 (96%)]	Loss: 1.068485

Test set: Average loss: 1.0288, Accuracy: 7560/10000 (76%)

Train Epoch: 4 [0/60000 (0%)]	Loss: 1.009616
Train Epoch: 4 [6400/60000 (11%)]	Loss: 1.068081
Train Epoch: 4 [12800/60000 (21%)]	Loss: 0.985887
Train Epoch: 4 [19200/60000 (32%)]	Loss: 1.150296
Train Epoch: 4 [25600/60000 (43%)]	Loss: 1.111045
Train Epoch: 4 [32000/60000 (53%)]	Loss: 1.014361
Train Epoch: 4 [38400/60000 (64%)]	Loss: 1.235968
Train Epoch: 4 [44800/60000 (75%)]	Loss: 1.116907
Train Epoch: 4 [51200/60000 (85%)]	Loss: 1.109795
Train Epoch: 4 [57600/60000 (96%)]	Loss: 1.136248

Test set: Average loss: 1.0757, Accuracy: 7264/10000 (73%)

Train Epoch: 5 [0/60000 (0%)]	Loss: 1.111781
Train Epoch: 5 [6400/60000 (11%)]	Loss: 1.064997
Train Epoch: 5 [12800/60000 (21%)]	Loss: 1.112984
Train Epoch: 5 [19200/60000 (32%)]	Loss: 1.055496
Train Epoch: 5 [25600/60000 (43%)]	Loss: 1.053768
Train Epoch: 5 [32000/60000 (53%)]	Loss: 1.141339
Train Epoch: 5 [38400/60000 (64%)]	Loss: 1.203867
Train Epoch: 5 [44800/60000 (75%)]	Loss: 1.009056
Train Epoch: 5 [51200/60000 (85%)]	Loss: 1.055761
Train Epoch: 5 [57600/60000 (96%)]	Loss: 1.188207

Test set: Average loss: 1.0931, Accuracy: 7088/10000 (71%)

Train Epoch: 6 [0/60000 (0%)]	Loss: 1.109374
Train Epoch: 6 [6400/60000 (11%)]	Loss: 1.179924
Train Epoch: 6 [12800/60000 (21%)]	Loss: 1.056741
Train Epoch: 6 [19200/60000 (32%)]	Loss: 1.066742
Train Epoch: 6 [25600/60000 (43%)]	Loss: 1.228041
Train Epoch: 6 [32000/60000 (53%)]	Loss: 1.168781
Train Epoch: 6 [38400/60000 (64%)]	Loss: 1.186042
Train Epoch: 6 [44800/60000 (75%)]	Loss: 1.230784
Train Epoch: 6 [51200/60000 (85%)]	Loss: 1.216648
Train Epoch: 6 [57600/60000 (96%)]	Loss: 1.288537

Test set: Average loss: 1.1143, Accuracy: 7213/10000 (72%)

Train Epoch: 7 [0/60000 (0%)]	Loss: 1.175400
Train Epoch: 7 [6400/60000 (11%)]	Loss: 1.312584
Train Epoch: 7 [12800/60000 (21%)]	Loss: 1.127408
Train Epoch: 7 [19200/60000 (32%)]	Loss: 1.171174
Train Epoch: 7 [25600/60000 (43%)]	Loss: 1.117385
Train Epoch: 7 [32000/60000 (53%)]	Loss: 1.169327
Train Epoch: 7 [38400/60000 (64%)]	Loss: 1.111427
Train Epoch: 7 [44800/60000 (75%)]	Loss: 1.126515
Train Epoch: 7 [51200/60000 (85%)]	Loss: 1.243325
Train Epoch: 7 [57600/60000 (96%)]	Loss: 1.257358

Test set: Average loss: 1.1613, Accuracy: 6914/10000 (69%)

Train Epoch: 8 [0/60000 (0%)]	Loss: 1.291401
Train Epoch: 8 [6400/60000 (11%)]	Loss: 1.198893
Train Epoch: 8 [12800/60000 (21%)]	Loss: 1.348383
Train Epoch: 8 [19200/60000 (32%)]	Loss: 1.235102
Train Epoch: 8 [25600/60000 (43%)]	Loss: 1.194504
Train Epoch: 8 [32000/60000 (53%)]	Loss: 1.114161
Train Epoch: 8 [38400/60000 (64%)]	Loss: 1.274512
Train Epoch: 8 [44800/60000 (75%)]	Loss: 1.368275
Train Epoch: 8 [51200/60000 (85%)]	Loss: 1.218134
Train Epoch: 8 [57600/60000 (96%)]	Loss: 1.193021

Test set: Average loss: 1.2390, Accuracy: 6542/10000 (65%)

Train Epoch: 9 [0/60000 (0%)]	Loss: 1.232390
Train Epoch: 9 [6400/60000 (11%)]	Loss: 1.174924
Train Epoch: 9 [12800/60000 (21%)]	Loss: 1.306818
Train Epoch: 9 [19200/60000 (32%)]	Loss: 1.220415
Train Epoch: 9 [25600/60000 (43%)]	Loss: 1.337261
Train Epoch: 9 [32000/60000 (53%)]	Loss: 1.191028
Train Epoch: 9 [38400/60000 (64%)]	Loss: 1.269932
Train Epoch: 9 [44800/60000 (75%)]	Loss: 1.149852
Train Epoch: 9 [51200/60000 (85%)]	Loss: 1.155802
Train Epoch: 9 [57600/60000 (96%)]	Loss: 1.205869

Test set: Average loss: 1.2757, Accuracy: 6523/10000 (65%)

Train Epoch: 10 [0/60000 (0%)]	Loss: 1.188441
Train Epoch: 10 [6400/60000 (11%)]	Loss: 1.348964
Train Epoch: 10 [12800/60000 (21%)]	Loss: 1.294016
Train Epoch: 10 [19200/60000 (32%)]	Loss: 1.237780
Train Epoch: 10 [25600/60000 (43%)]	Loss: 1.242005
Train Epoch: 10 [32000/60000 (53%)]	Loss: 1.290796
Train Epoch: 10 [38400/60000 (64%)]	Loss: 1.247527
Train Epoch: 10 [44800/60000 (75%)]	Loss: 1.228551
Train Epoch: 10 [51200/60000 (85%)]	Loss: 1.516422
Train Epoch: 10 [57600/60000 (96%)]	Loss: 1.170898

Test set: Average loss: 1.2466, Accuracy: 7013/10000 (70%)

Train Epoch: 11 [0/60000 (0%)]	Loss: 1.390534
Train Epoch: 11 [6400/60000 (11%)]	Loss: 1.505680
Train Epoch: 11 [12800/60000 (21%)]	Loss: 1.169022
Train Epoch: 11 [19200/60000 (32%)]	Loss: 1.238995
Train Epoch: 11 [25600/60000 (43%)]	Loss: 1.229328
Train Epoch: 11 [32000/60000 (53%)]	Loss: 1.283010
Train Epoch: 11 [38400/60000 (64%)]	Loss: 1.333729
Train Epoch: 11 [44800/60000 (75%)]	Loss: 1.262224
Train Epoch: 11 [51200/60000 (85%)]	Loss: 1.351018
Train Epoch: 11 [57600/60000 (96%)]	Loss: 1.357522

Test set: Average loss: 1.2872, Accuracy: 6569/10000 (66%)

Train Epoch: 12 [0/60000 (0%)]	Loss: 1.324965
Train Epoch: 12 [6400/60000 (11%)]	Loss: 1.377210
Train Epoch: 12 [12800/60000 (21%)]	Loss: 1.371761
Train Epoch: 12 [19200/60000 (32%)]	Loss: 1.290655
Train Epoch: 12 [25600/60000 (43%)]	Loss: 1.189009
Train Epoch: 12 [32000/60000 (53%)]	Loss: 1.280714
Train Epoch: 12 [38400/60000 (64%)]	Loss: 1.204317
Train Epoch: 12 [44800/60000 (75%)]	Loss: 1.484493
Train Epoch: 12 [51200/60000 (85%)]	Loss: 1.296002
Train Epoch: 12 [57600/60000 (96%)]	Loss: 1.317123

Test set: Average loss: 1.2603, Accuracy: 6977/10000 (70%)

Train Epoch: 13 [0/60000 (0%)]	Loss: 1.308234
Train Epoch: 13 [6400/60000 (11%)]	Loss: 1.328972
Train Epoch: 13 [12800/60000 (21%)]	Loss: 1.409255
Train Epoch: 13 [19200/60000 (32%)]	Loss: 1.247627
Train Epoch: 13 [25600/60000 (43%)]	Loss: 1.502550
Train Epoch: 13 [32000/60000 (53%)]	Loss: 1.145578
Train Epoch: 13 [38400/60000 (64%)]	Loss: 1.260419
Train Epoch: 13 [44800/60000 (75%)]	Loss: 1.213074
Train Epoch: 13 [51200/60000 (85%)]	Loss: 1.133698
Train Epoch: 13 [57600/60000 (96%)]	Loss: 1.267443

Test set: Average loss: 1.2874, Accuracy: 6762/10000 (68%)

Train Epoch: 14 [0/60000 (0%)]	Loss: 1.248941
Train Epoch: 14 [6400/60000 (11%)]	Loss: 1.291390
Train Epoch: 14 [12800/60000 (21%)]	Loss: 1.387262
Train Epoch: 14 [19200/60000 (32%)]	Loss: 1.294750
Train Epoch: 14 [25600/60000 (43%)]	Loss: 1.289473
Train Epoch: 14 [32000/60000 (53%)]	Loss: 1.339338
Train Epoch: 14 [38400/60000 (64%)]	Loss: 1.302334
Train Epoch: 14 [44800/60000 (75%)]	Loss: 1.221871
Train Epoch: 14 [51200/60000 (85%)]	Loss: 1.239156
Train Epoch: 14 [57600/60000 (96%)]	Loss: 1.296191

Test set: Average loss: 1.2726, Accuracy: 6659/10000 (67%)

Train Epoch: 15 [0/60000 (0%)]	Loss: 1.272225
Train Epoch: 15 [6400/60000 (11%)]	Loss: 1.266963
Train Epoch: 15 [12800/60000 (21%)]	Loss: 1.191620
Train Epoch: 15 [19200/60000 (32%)]	Loss: 1.149877
Train Epoch: 15 [25600/60000 (43%)]	Loss: 1.257231
Train Epoch: 15 [32000/60000 (53%)]	Loss: 1.251195
Train Epoch: 15 [38400/60000 (64%)]	Loss: 1.280590
Train Epoch: 15 [44800/60000 (75%)]	Loss: 1.196941
Train Epoch: 15 [51200/60000 (85%)]	Loss: 1.236500
Train Epoch: 15 [57600/60000 (96%)]	Loss: 1.167045

Test set: Average loss: 1.2513, Accuracy: 6469/10000 (65%)

Train Epoch: 16 [0/60000 (0%)]	Loss: 1.195959
Train Epoch: 16 [6400/60000 (11%)]	Loss: 1.281960
Train Epoch: 16 [12800/60000 (21%)]	Loss: 1.249753
Train Epoch: 16 [19200/60000 (32%)]	Loss: 1.206439
Train Epoch: 16 [25600/60000 (43%)]	Loss: 1.201293
Train Epoch: 16 [32000/60000 (53%)]	Loss: 1.071822
Train Epoch: 16 [38400/60000 (64%)]	Loss: 1.190051
Train Epoch: 16 [44800/60000 (75%)]	Loss: 1.147473
Train Epoch: 16 [51200/60000 (85%)]	Loss: 1.325126
Train Epoch: 16 [57600/60000 (96%)]	Loss: 1.166690

Test set: Average loss: 1.1678, Accuracy: 7379/10000 (74%)

Train Epoch: 17 [0/60000 (0%)]	Loss: 1.154678
Train Epoch: 17 [6400/60000 (11%)]	Loss: 1.166937
Train Epoch: 17 [12800/60000 (21%)]	Loss: 1.113979
Train Epoch: 17 [19200/60000 (32%)]	Loss: 1.153730
Train Epoch: 17 [25600/60000 (43%)]	Loss: 1.311277
Train Epoch: 17 [32000/60000 (53%)]	Loss: 1.166850
Train Epoch: 17 [38400/60000 (64%)]	Loss: 1.101545
Train Epoch: 17 [44800/60000 (75%)]	Loss: 1.146446
Train Epoch: 17 [51200/60000 (85%)]	Loss: 1.126591
Train Epoch: 17 [57600/60000 (96%)]	Loss: 1.300754

Test set: Average loss: 1.1558, Accuracy: 7140/10000 (71%)

Train Epoch: 18 [0/60000 (0%)]	Loss: 1.239606
Train Epoch: 18 [6400/60000 (11%)]	Loss: 1.121909
Train Epoch: 18 [12800/60000 (21%)]	Loss: 1.208304
Train Epoch: 18 [19200/60000 (32%)]	Loss: 1.255471
Train Epoch: 18 [25600/60000 (43%)]	Loss: 1.158038
Train Epoch: 18 [32000/60000 (53%)]	Loss: 1.057414
Train Epoch: 18 [38400/60000 (64%)]	Loss: 1.137541
Train Epoch: 18 [44800/60000 (75%)]	Loss: 1.052234
Train Epoch: 18 [51200/60000 (85%)]	Loss: 1.103952
Train Epoch: 18 [57600/60000 (96%)]	Loss: 1.108871

Test set: Average loss: 1.1071, Accuracy: 7390/10000 (74%)

Train Epoch: 19 [0/60000 (0%)]	Loss: 1.123741
Train Epoch: 19 [6400/60000 (11%)]	Loss: 1.189757
Train Epoch: 19 [12800/60000 (21%)]	Loss: 1.099437
Train Epoch: 19 [19200/60000 (32%)]	Loss: 1.026689
Train Epoch: 19 [25600/60000 (43%)]	Loss: 1.164449
Train Epoch: 19 [32000/60000 (53%)]	Loss: 1.060775
Train Epoch: 19 [38400/60000 (64%)]	Loss: 1.178537
Train Epoch: 19 [44800/60000 (75%)]	Loss: 1.084459
Train Epoch: 19 [51200/60000 (85%)]	Loss: 1.060776
Train Epoch: 19 [57600/60000 (96%)]	Loss: 1.068643

Test set: Average loss: 1.0771, Accuracy: 7483/10000 (75%)

Train Epoch: 20 [0/60000 (0%)]	Loss: 1.123366
Train Epoch: 20 [6400/60000 (11%)]	Loss: 1.220766
Train Epoch: 20 [12800/60000 (21%)]	Loss: 1.042021
Train Epoch: 20 [19200/60000 (32%)]	Loss: 1.052870
Train Epoch: 20 [25600/60000 (43%)]	Loss: 0.966310
Train Epoch: 20 [32000/60000 (53%)]	Loss: 1.064645
Train Epoch: 20 [38400/60000 (64%)]	Loss: 1.236686
Train Epoch: 20 [44800/60000 (75%)]	Loss: 0.988065
Train Epoch: 20 [51200/60000 (85%)]	Loss: 1.027601
Train Epoch: 20 [57600/60000 (96%)]	Loss: 1.145589

Test set: Average loss: 1.0550, Accuracy: 7648/10000 (76%)

Namespace(batch_size=64, bias=None, data='../data', device=1, epochs=20, hidden_size=500, load_weights=None, log_interval=100, lr=0.1, milestones=[5, 7], model='redfc2', momentum=0.9, no_cuda=False, r=5, save_model=None, save_results=True, scheduler='cosine', seed=1, sparsity=0.9, use_relu=True, wd=0.0005)


Total time spent pruning/training: 2.18 minutes
Total number of parameters in model: 1991420
Number of parameters in pruned model: 199141
